Archive member included to satisfy reference by file (symbol)

D:/STM32CUBEIDE/STM32CubeIDE_1.14.0/STM32CubeIDE/plugins/com.st.stm32cube.ide.mcu.externaltools.gnu-tools-for-stm32.11.3.rel1.win32_1.1.100.202309141235/tools/bin/../lib/gcc/arm-none-eabi/11.3.1/../../../../arm-none-eabi/lib/thumb/v7e-m+fp/hard\libc_nano.a(libc_a-exit.o)
                              D:/STM32CUBEIDE/STM32CubeIDE_1.14.0/STM32CubeIDE/plugins/com.st.stm32cube.ide.mcu.externaltools.gnu-tools-for-stm32.11.3.rel1.win32_1.1.100.202309141235/tools/bin/../lib/gcc/arm-none-eabi/11.3.1/../../../../arm-none-eabi/lib/thumb/v7e-m+fp/hard/crt0.o (exit)
D:/STM32CUBEIDE/STM32CubeIDE_1.14.0/STM32CubeIDE/plugins/com.st.stm32cube.ide.mcu.externaltools.gnu-tools-for-stm32.11.3.rel1.win32_1.1.100.202309141235/tools/bin/../lib/gcc/arm-none-eabi/11.3.1/../../../../arm-none-eabi/lib/thumb/v7e-m+fp/hard\libc_nano.a(libc_a-findfp.o)
                              D:/STM32CUBEIDE/STM32CubeIDE_1.14.0/STM32CubeIDE/plugins/com.st.stm32cube.ide.mcu.externaltools.gnu-tools-for-stm32.11.3.rel1.win32_1.1.100.202309141235/tools/bin/../lib/gcc/arm-none-eabi/11.3.1/../../../../arm-none-eabi/lib/thumb/v7e-m+fp/hard\libc_nano.a(libc_a-exit.o) (__stdio_exit_handler)
D:/STM32CUBEIDE/STM32CubeIDE_1.14.0/STM32CubeIDE/plugins/com.st.stm32cube.ide.mcu.externaltools.gnu-tools-for-stm32.11.3.rel1.win32_1.1.100.202309141235/tools/bin/../lib/gcc/arm-none-eabi/11.3.1/../../../../arm-none-eabi/lib/thumb/v7e-m+fp/hard\libc_nano.a(libc_a-fwalk.o)
                              D:/STM32CUBEIDE/STM32CubeIDE_1.14.0/STM32CubeIDE/plugins/com.st.stm32cube.ide.mcu.externaltools.gnu-tools-for-stm32.11.3.rel1.win32_1.1.100.202309141235/tools/bin/../lib/gcc/arm-none-eabi/11.3.1/../../../../arm-none-eabi/lib/thumb/v7e-m+fp/hard\libc_nano.a(libc_a-findfp.o) (_fwalk_sglue)
D:/STM32CUBEIDE/STM32CubeIDE_1.14.0/STM32CubeIDE/plugins/com.st.stm32cube.ide.mcu.externaltools.gnu-tools-for-stm32.11.3.rel1.win32_1.1.100.202309141235/tools/bin/../lib/gcc/arm-none-eabi/11.3.1/../../../../arm-none-eabi/lib/thumb/v7e-m+fp/hard\libc_nano.a(libc_a-printf.o)
                              ./Core/Src/main.o (printf)
D:/STM32CUBEIDE/STM32CubeIDE_1.14.0/STM32CubeIDE/plugins/com.st.stm32cube.ide.mcu.externaltools.gnu-tools-for-stm32.11.3.rel1.win32_1.1.100.202309141235/tools/bin/../lib/gcc/arm-none-eabi/11.3.1/../../../../arm-none-eabi/lib/thumb/v7e-m+fp/hard\libc_nano.a(libc_a-stdio.o)
                              D:/STM32CUBEIDE/STM32CubeIDE_1.14.0/STM32CubeIDE/plugins/com.st.stm32cube.ide.mcu.externaltools.gnu-tools-for-stm32.11.3.rel1.win32_1.1.100.202309141235/tools/bin/../lib/gcc/arm-none-eabi/11.3.1/../../../../arm-none-eabi/lib/thumb/v7e-m+fp/hard\libc_nano.a(libc_a-findfp.o) (__sread)
D:/STM32CUBEIDE/STM32CubeIDE_1.14.0/STM32CubeIDE/plugins/com.st.stm32cube.ide.mcu.externaltools.gnu-tools-for-stm32.11.3.rel1.win32_1.1.100.202309141235/tools/bin/../lib/gcc/arm-none-eabi/11.3.1/../../../../arm-none-eabi/lib/thumb/v7e-m+fp/hard\libc_nano.a(libc_a-memset.o)
                              D:/STM32CUBEIDE/STM32CubeIDE_1.14.0/STM32CubeIDE/plugins/com.st.stm32cube.ide.mcu.externaltools.gnu-tools-for-stm32.11.3.rel1.win32_1.1.100.202309141235/tools/bin/../lib/gcc/arm-none-eabi/11.3.1/../../../../arm-none-eabi/lib/thumb/v7e-m+fp/hard/crt0.o (memset)
D:/STM32CUBEIDE/STM32CubeIDE_1.14.0/STM32CubeIDE/plugins/com.st.stm32cube.ide.mcu.externaltools.gnu-tools-for-stm32.11.3.rel1.win32_1.1.100.202309141235/tools/bin/../lib/gcc/arm-none-eabi/11.3.1/../../../../arm-none-eabi/lib/thumb/v7e-m+fp/hard\libc_nano.a(libc_a-closer.o)
                              D:/STM32CUBEIDE/STM32CubeIDE_1.14.0/STM32CubeIDE/plugins/com.st.stm32cube.ide.mcu.externaltools.gnu-tools-for-stm32.11.3.rel1.win32_1.1.100.202309141235/tools/bin/../lib/gcc/arm-none-eabi/11.3.1/../../../../arm-none-eabi/lib/thumb/v7e-m+fp/hard\libc_nano.a(libc_a-stdio.o) (_close_r)
D:/STM32CUBEIDE/STM32CubeIDE_1.14.0/STM32CubeIDE/plugins/com.st.stm32cube.ide.mcu.externaltools.gnu-tools-for-stm32.11.3.rel1.win32_1.1.100.202309141235/tools/bin/../lib/gcc/arm-none-eabi/11.3.1/../../../../arm-none-eabi/lib/thumb/v7e-m+fp/hard\libc_nano.a(libc_a-reent.o)
                              D:/STM32CUBEIDE/STM32CubeIDE_1.14.0/STM32CubeIDE/plugins/com.st.stm32cube.ide.mcu.externaltools.gnu-tools-for-stm32.11.3.rel1.win32_1.1.100.202309141235/tools/bin/../lib/gcc/arm-none-eabi/11.3.1/../../../../arm-none-eabi/lib/thumb/v7e-m+fp/hard\libc_nano.a(libc_a-closer.o) (errno)
D:/STM32CUBEIDE/STM32CubeIDE_1.14.0/STM32CubeIDE/plugins/com.st.stm32cube.ide.mcu.externaltools.gnu-tools-for-stm32.11.3.rel1.win32_1.1.100.202309141235/tools/bin/../lib/gcc/arm-none-eabi/11.3.1/../../../../arm-none-eabi/lib/thumb/v7e-m+fp/hard\libc_nano.a(libc_a-impure.o)
[...]
Memory Configuration

Name             Origin             Length             Attributes
CCMRAM           0x0000000010000000 0x0000000000010000 xrw
RAM              0x0000000020000000 0x0000000000020000 xrw
FLASH            0x0000000008000000 0x0000000000080000 xr
*default*        0x0000000000000000 0xffffffffffffffff

Linker script and memory map

LOAD D:/STM32CUBEIDE/STM32CubeIDE_1.14.0/STM32CubeIDE/plugins/com.st.stm32cube.ide.mcu.externaltools.gnu-tools-for-stm32.11.3.rel1.win32_1.1.100.202309141235/tools/bin/../lib/gcc/arm-none-eabi/11.3.1/thumb/v7e-m+fp/hard/crti.o
LOAD D:/STM32CUBEIDE/STM32CubeIDE_1.14.0/STM32CubeIDE/plugins/com.st.stm32cube.ide.mcu.externaltools.gnu-tools-for-stm32.11.3.rel1.win32_1.1.100.202309141235/tools/bin/../lib/gcc/arm-none-eabi/11.3.1/thumb/v7e-m+fp/hard/crtbegin.o
LOAD D:/STM32CUBEIDE/STM32CubeIDE_1.14.0/STM32CubeIDE/plugins/com.st.stm32cube.ide.mcu.externaltools.gnu-tools-for-stm32.11.3.rel1.win32_1.1.100.202309141235/tools/bin/../lib/gcc/arm-none-eabi/11.3.1/../../../../arm-none-eabi/lib/thumb/v7e-m+fp/hard/crt0.o
LOAD ./Core/Src/gpio.o
LOAD ./Core/Src/i2c.o
LOAD ./Core/Src/main.o
LOAD ./Core/Src/oled.o
LOAD ./Core/Src/pid.o
LOAD ./Core/Src/stm32f4xx_hal_msp.o
LOAD ./Core/Src/stm32f4xx_it.o
LOAD ./Core/Src/syscalls.o
LOAD ./Core/Src/sysmem.o
LOAD ./Core/Src/system_stm32f4xx.o
LOAD ./Core/Src/tim.o
LOAD ./Core/Src/usart.o
LOAD ./Core/Startup/startup_stm32f407vetx.o
LOAD ./Drivers/STM32F4xx_HAL_Driver/Src/stm32f4xx_hal.o
LOAD ./Drivers/STM32F4xx_HAL_Driver/Src/stm32f4xx_hal_cortex.o
LOAD ./Drivers/STM32F4xx_HAL_Driver/Src/stm32f4xx_hal_dma.o
LOAD ./Drivers/STM32F4xx_HAL_Driver/Src/stm32f4xx_hal_dma_ex.o
LOAD ./Drivers/STM32F4xx_HAL_Driver/Src/stm32f4xx_hal_exti.o
LOAD ./Drivers/STM32F4xx_HAL_Driver/Src/stm32f4xx_hal_flash.o
LOAD ./Drivers/STM32F4xx_HAL_Driver/Src/stm32f4xx_hal_flash_ex.o
LOAD ./Drivers/STM32F4xx_HAL_Driver/Src/stm32f4xx_hal_flash_ramfunc.o
LOAD ./Drivers/STM32F4xx_HAL_Driver/Src/stm32f4xx_hal_gpio.o
LOAD ./Drivers/STM32F4xx_HAL_Driver/Src/stm32f4xx_hal_i2c.o
LOAD ./Drivers/STM32F4xx_HAL_Driver/Src/stm32f4xx_hal_i2c_ex.o
LOAD ./Drivers/STM32F4xx_HAL_Driver/Src/stm32f4xx_hal_pwr.o
LOAD ./Drivers/STM32F4xx_HAL_Driver/Src/stm32f4xx_hal_pwr_ex.o
LOAD ./Drivers/STM32F4xx_HAL_Driver/Src/stm32f4xx_hal_rcc.o
LOAD ./Drivers/STM32F4xx_HAL_Driver/Src/stm32f4xx_hal_rcc_ex.o
LOAD ./Drivers/STM32F4xx_HAL_Driver/Src/stm32f4xx_hal_tim.o
LOAD ./Drivers/STM32F4xx_HAL_Driver/Src/stm32f4xx_hal_tim_ex.o
LOAD ./Drivers/STM32F4xx_HAL_Driver/Src/stm32f4xx_hal_uart.o
START GROUP
LOAD D:/STM32CUBEIDE/STM32CubeIDE_1.14.0/STM32CubeIDE/plugins/com.st.stm32cube.ide.mcu.externaltools.gnu-tools-for-stm32.11.3.rel1.win32_1.1.100.202309141235/tools/bin/../lib/gcc/arm-none-eabi/11.3.1/../../../../arm-none-eabi/lib/thumb/v7e-m+fp/hard\libc_nano.a
LOAD D:/STM32CUBEIDE/STM32CubeIDE_1.14.0/STM32CubeIDE/plugins/com.st.stm32cube.ide.mcu.externaltools.gnu-tools-for-stm32.11.3.rel1.win32_1.1.100.202309141235/tools/bin/../lib/gcc/arm-none-eabi/11.3.1/../../../../arm-none-eabi/lib/thumb/v7e-m+fp/hard\libm.a
END GROUP
START GROUP
LOAD D:/STM32CUBEIDE/STM32CubeIDE_1.14.0/STM32CubeIDE/plugins/com.st.stm32cube.ide.mcu.externaltools.gnu-tools-for-stm32.11.3.rel1.win32_1.1.100.202309141235/tools/bin/../lib/gcc/arm-none-eabi/11.3.1/thumb/v7e-m+fp/hard\libgcc.a
LOAD D:/STM32CUBEIDE/STM32CubeIDE_1.14.0/STM32CubeIDE/plugins/com.st.stm32cube.ide.mcu.externaltools.gnu-tools-for-stm32.11.3.rel1.win32_1.1.100.202309141235/tools/bin/../lib/gcc/arm-none-eabi/11.3.1/../../../../arm-none-eabi/lib/thumb/v7e-m+fp/hard\libc_nano.a
END GROUP
START GROUP
LOAD D:/STM32CUBEIDE/STM32CubeIDE_1.14.0/STM32CubeIDE/plugins/com.st.stm32cube.ide.mcu.externaltools.gnu-tools-for-stm32.11.3.rel1.win32_1.1.100.202309141235/tools/bin/../lib/gcc/arm-none-eabi/11.3.1/thumb/v7e-m+fp/hard\libgcc.a
LOAD D:/STM32CUBEIDE/STM32CubeIDE_1.14.0/STM32CubeIDE/plugins/com.st.stm32cube.ide.mcu.externaltools.gnu-tools-for-stm32.11.3.rel1.win32_1.1.100.202309141235/tools/bin/../lib/gcc/arm-none-eabi/11.3.1/../../../../arm-none-eabi/lib/thumb/v7e-m+fp/hard\libc_nano.a
LOAD D:/STM32CUBEIDE/STM32CubeIDE_1.14.0/STM32CubeIDE/plugins/com.st.stm32cube.ide.mcu.externaltools.gnu-tools-for-stm32.11.3.rel1.win32_1.1.100.202309141235/tools/bin/../lib/gcc/arm-none-eabi/11.3.1/../../../../arm-none-eabi/lib/thumb/v7e-m+fp/hard\libnosys.a
END GROUP
START GROUP
LOAD D:/STM32CUBEIDE/STM32CubeIDE_1.14.0/STM32CubeIDE/plugins/com.st.stm32cube.ide.mcu.externaltools.gnu-tools-for-stm32.11.3.rel1.win32_1.1.100.202309141235/tools/bin/../lib/gcc/arm-none-eabi/11.3.1/thumb/v7e-m+fp/hard\libgcc.a
LOAD D:/STM32CUBEIDE/STM32CubeIDE_1.14.0/STM32CubeIDE/plugins/com.st.stm32cube.ide.mcu.externaltools.gnu-tools-for-stm32.11.3.rel1.win32_1.1.100.202309141235/tools/bin/../lib/gcc/arm-none-eabi/11.3.1/../../../../arm-none-eabi/lib/thumb/v7e-m+fp/hard\libc_nano.a
LOAD D:/STM32CUBEIDE/STM32CubeIDE_1.14.0/STM32CubeIDE/plugins/com.st.stm32cube.ide.mcu.externaltools.gnu-tools-for-stm32.11.3.rel1.win32_1.1.100.202309141235/tools/bin/../lib/gcc/arm-none-eabi/11.3.1/../../../../arm-none-eabi/lib/thumb/v7e-m+fp/hard\libnosys.a
END GROUP
LOAD D:/STM32CUBEIDE/STM32CubeIDE_1.14.0/STM32CubeIDE/plugins/com.st.stm32cube.ide.mcu.externaltools.gnu-tools-for-stm32.11.3.rel1.win32_1.1.100.202309141235/tools/bin/../lib/gcc/arm-none-eabi/11.3.1/thumb/v7e-m+fp/hard/crtend.o
LOAD D:/STM32CUBEIDE/STM32CubeIDE_1.14.0/STM32CubeIDE/plugins/com.st.stm32cube.ide.mcu.externaltools.gnu-tools-for-stm32.11.3.rel1.win32_1.1.100.202309141235/tools/bin/../lib/gcc/arm-none-eabi/11.3.1/thumb/v7e-m+fp/hard/crtn.o
                0x0000000020020000                _estack = (ORIGIN (RAM) + LENGTH (RAM))
                0x0000000000000200                _Min_Heap_Size = 0x200
                0x0000000000000400                _Min_Stack_Size = 0x400

.isr_vector     0x0000000008000000      0x188
                0x0000000008000000                . = ALIGN (0x4)
 *(.isr_vector)
 .isr_vector    0x0000000008000000      0x188 ./Core/Startup/startup_stm32f407vetx.o
                0x0000000008000000                g_pfnVectors
                0x0000000008000188                . = ALIGN (0x4)

.text           0x0000000008000190     0x6af4
                0x0000000008000190                . = ALIGN (0x4)
 *(.text)
 .text          0x0000000008000190       0x40 D:/STM32CUBEIDE/STM32CubeIDE_1.14.0/STM32CubeIDE/plugins/com.st.stm32cube.ide.mcu.externaltools.gnu-tools-for-stm32.11.3.rel1.win32_1.1.100.202309141235/tools/bin/../lib/gcc/arm-none-eabi/11.3.1/thumb/v7e-m+fp/hard/crtbegin.o
 .text          0x00000000080001d0       0xa0 D:/STM32CUBEIDE/STM32CubeIDE_1.14.0/STM32CubeIDE/plugins/com.st.stm32cube.ide.mcu.externaltools.gnu-tools-for-stm32.11.3.rel1.win32_1.1.100.202309141235/tools/bin/../lib/gcc/arm-none-eabi/11.3.1/../../../../arm-none-eabi/lib/thumb/v7e-m+fp/hard\libc_nano.a(libc_a-memchr.o)
                0x00000000080001d0                memchr
 .text          0x0000000008000270      0x378 D:/STM32CUBEIDE/STM32CubeIDE_1.14.0/STM32CubeIDE/plugins/com.st.stm32cube.ide.mcu.externaltools.gnu-tools-for-stm32.11.3.rel1.win32_1.1.100.202309141235/tools/bin/../lib/gcc/arm-none-eabi/11.3.1/thumb/v7e-m+fp/hard\libgcc.a(_arm_addsubdf3.o)
                0x0000000008000270                __aeabi_drsub
                0x0000000008000278                __aeabi_dsub
                0x0000000008000278                __subdf3
                0x000000000800027c                __aeabi_dadd
                0x000000000800027c                __adddf3
                0x00000000080004f4                __floatunsidf
                0x00000000080004f4                __aeabi_ui2d
                0x0000000008000514                __floatsidf
                0x0000000008000514                __aeabi_i2d
                0x0000000008000538                __aeabi_f2d
                0x0000000008000538                __extendsfdf2
                0x000000000800057c                __floatundidf
                0x000000000800057c                __aeabi_ul2d
                0x000000000800058c                __floatdidf
                0x000000000800058c                __aeabi_l2d
 .text          0x00000000080005e8      0x424 D:/STM32CUBEIDE/STM32CubeIDE_1.14.0/STM32CubeIDE/plugins/com.st.stm32cube.ide.mcu.externaltools.gnu-tools-for-stm32.11.3.rel1.win32_1.1.100.202309141235/tools/bin/../lib/gcc/arm-none-eabi/11.3.1/thumb/v7e-m+fp/hard\libgcc.a(_arm_muldivdf3.o)
                0x00000000080005e8                __aeabi_dmul
                0x00000000080005e8                __muldf3
                0x000000000800083c                __divdf3
                0x000000000800083c                __aeabi_ddiv
 .text          0x0000000008000a0c       0xa0 D:/STM32CUBEIDE/STM32CubeIDE_1.14.0/STM32CubeIDE/plugins/com.st.stm32cube.ide.mcu.externaltools.gnu-tools-for-stm32.11.3.rel1.win32_1.1.100.202309141235/tools/bin/../lib/gcc/arm-none-eabi/11.3.1/thumb/v7e-m+fp/hard\libgcc.a(_arm_truncdfsf2.o)
                0x0000000008000a0c                __truncdfsf2
                0x0000000008000a0c                __aeabi_d2f
 .text          0x0000000008000aac       0x30 D:/STM32CUBEIDE/STM32CubeIDE_1.14.0/STM32CubeIDE/plugins/com.st.stm32cube.ide.mcu.externaltools.gnu-tools-for-stm32.11.3.rel1.win32_1.1.100.202309141235/tools/bin/../lib/gcc/arm-none-eabi/11.3.1/thumb/v7e-m+fp/hard\libgcc.a(_aeabi_uldivmod.o)
                0x0000000008000aac                __aeabi_uldivmod
 .text          0x0000000008000adc      0x2c8 D:/STM32CUBEIDE/STM32CubeIDE_1.14.0/STM32CubeIDE/plugins/com.st.stm32cube.ide.mcu.externaltools.gnu-tools-for-stm32.11.3.rel1.win32_1.1.100.202309141235/tools/bin/../lib/gcc/arm-none-eabi/11.3.1/thumb/v7e-m+fp/hard\libgcc.a(_udivmoddi4.o)
                0x0000000008000adc                __udivmoddi4
 .text          0x0000000008000da4        0x4 D:/STM32CUBEIDE/STM32CubeIDE_1.14.0/STM32CubeIDE/plugins/com.st.stm32cube.ide.mcu.externaltools.gnu-tools-for-stm32.11.3.rel1.win32_1.1.100.202309141235/tools/bin/../lib/gcc/arm-none-eabi/11.3.1/thumb/v7e-m+fp/hard\libgcc.a(_dvmd_tls.o)
                0x0000000008000da4                __aeabi_idiv0
                0x0000000008000da4                __aeabi_ldiv0
 *(.text*)
 .text.MX_GPIO_Init
                0x0000000008000da8       0xfc ./Core/Src/gpio.o
                0x0000000008000da8                MX_GPIO_Init
 .text.MX_I2C1_Init
                0x0000000008000ea4       0x5c ./Core/Src/i2c.o
                0x0000000008000ea4                MX_I2C1_Init
 .text.HAL_I2C_MspInit
                0x0000000008000f00       0x90 ./Core/Src/i2c.o
                0x0000000008000f00                HAL_I2C_MspInit
 .text.main     0x0000000008000f90       0xf0 ./Core/Src/main.o
                0x0000000008000f90                main
 .text.SystemClock_Config
                0x0000000008001080       0xd0 ./Core/Src/main.o
                0x0000000008001080                SystemClock_Config
 .text.HAL_TIM_PeriodElapsedCallback
                0x0000000008001150      0x1e4 ./Core/Src/main.o
                0x0000000008001150                HAL_TIM_PeriodElapsedCallback
 .text.Error_Handler
                0x0000000008001334        0xa ./Core/Src/main.o
                0x0000000008001334                Error_Handler
 *fill*         0x000000000800133e        0x2 
 .text.WriteCmd
                0x0000000008001340       0x4c ./Core/Src/oled.o
                0x0000000008001340                WriteCmd
 .text.OLED_WR_CMD
                0x000000000800138c       0x30 ./Core/Src/oled.o
                0x000000000800138c                OLED_WR_CMD
 .text.OLED_WR_DATA
                0x00000000080013bc       0x30 ./Core/Src/oled.o
                0x00000000080013bc                OLED_WR_DATA
 .text.OLED_Init
                0x00000000080013ec       0x12 ./Core/Src/oled.o
                0x00000000080013ec                OLED_Init
 .text.OLED_Clear
                0x00000000080013fe       0x54 ./Core/Src/oled.o
                0x00000000080013fe                OLED_Clear
 .text.OLED_Set_Pos
                0x0000000008001452       0x44 ./Core/Src/oled.o
                0x0000000008001452                OLED_Set_Pos
 .text.oled_pow
                0x0000000008001496       0x38 ./Core/Src/oled.o
                0x0000000008001496                oled_pow
 *fill*         0x00000000080014ce        0x2 
 .text.OLED_ShowNum
                0x00000000080014d0       0xcc ./Core/Src/oled.o
                0x00000000080014d0                OLED_ShowNum
 .text.OLED_ShowChar
                0x000000000800159c       0xf4 ./Core/Src/oled.o
                0x000000000800159c                OLED_ShowChar
 .text.PID_realize
                0x0000000008001690       0x9c ./Core/Src/pid.o
                0x0000000008001690                PID_realize
 .text.HAL_MspInit
                0x000000000800172c       0x60 ./Core/Src/stm32f4xx_hal_msp.o
                0x000000000800172c                HAL_MspInit
 .text.NMI_Handler
                0x000000000800178c        0x6 ./Core/Src/stm32f4xx_it.o
                0x000000000800178c                NMI_Handler
 .text.HardFault_Handler
                0x0000000008001792        0x6 ./Core/Src/stm32f4xx_it.o
                0x0000000008001792                HardFault_Handler
 .text.MemManage_Handler
                0x0000000008001798        0x6 ./Core/Src/stm32f4xx_it.o
                0x0000000008001798                MemManage_Handler
 .text.BusFault_Handler
                0x000000000800179e        0x6 ./Core/Src/stm32f4xx_it.o
                0x000000000800179e                BusFault_Handler
 .text.UsageFault_Handler
                0x00000000080017a4        0x6 ./Core/Src/stm32f4xx_it.o
                0x00000000080017a4                UsageFault_Handler
 .text.SVC_Handler
                0x00000000080017aa        0xe ./Core/Src/stm32f4xx_it.o
                0x00000000080017aa                SVC_Handler
 .text.DebugMon_Handler
                0x00000000080017b8        0xe ./Core/Src/stm32f4xx_it.o
                0x00000000080017b8                DebugMon_Handler
 .text.PendSV_Handler
                0x00000000080017c6        0xe ./Core/Src/stm32f4xx_it.o
                0x00000000080017c6                PendSV_Handler
 .text.SysTick_Handler
                0x00000000080017d4        0xc ./Core/Src/stm32f4xx_it.o
                0x00000000080017d4                SysTick_Handler
 .text.TIM1_BRK_TIM9_IRQHandler
                0x00000000080017e0       0x14 ./Core/Src/stm32f4xx_it.o
                0x00000000080017e0                TIM1_BRK_TIM9_IRQHandler
 .text.TIM1_UP_TIM10_IRQHandler
                0x00000000080017f4       0x14 ./Core/Src/stm32f4xx_it.o
                0x00000000080017f4                TIM1_UP_TIM10_IRQHandler
 .text.TIM1_TRG_COM_TIM11_IRQHandler
                0x0000000008001808       0x14 ./Core/Src/stm32f4xx_it.o
                0x0000000008001808                TIM1_TRG_COM_TIM11_IRQHandler
 .text.TIM1_CC_IRQHandler
                0x000000000800181c       0x14 ./Core/Src/stm32f4xx_it.o
                0x000000000800181c                TIM1_CC_IRQHandler
 .text.TIM2_IRQHandler
                0x0000000008001830       0x14 ./Core/Src/stm32f4xx_it.o
                0x0000000008001830                TIM2_IRQHandler
 .text.TIM3_IRQHandler
                0x0000000008001844       0x14 ./Core/Src/stm32f4xx_it.o
                0x0000000008001844                TIM3_IRQHandler
 .text.TIM4_IRQHandler
                0x0000000008001858       0x14 ./Core/Src/stm32f4xx_it.o
                0x0000000008001858                TIM4_IRQHandler
 .text.USART2_IRQHandler
                0x000000000800186c       0x14 ./Core/Src/stm32f4xx_it.o
                0x000000000800186c                USART2_IRQHandler
 .text.USART3_IRQHandler
                0x0000000008001880       0x14 ./Core/Src/stm32f4xx_it.o
                0x0000000008001880                USART3_IRQHandler
 .text.USART6_IRQHandler
                0x0000000008001894       0x14 ./Core/Src/stm32f4xx_it.o
                0x0000000008001894                USART6_IRQHandler
 .text.FPU_IRQHandler
                0x00000000080018a8        0xe ./Core/Src/stm32f4xx_it.o
                0x00000000080018a8                FPU_IRQHandler
 .text._read    0x00000000080018b6       0x3a ./Core/Src/syscalls.o
                0x00000000080018b6                _read
 .text._write   0x00000000080018f0       0x38 ./Core/Src/syscalls.o
                0x00000000080018f0                _write
 .text._close   0x0000000008001928       0x18 ./Core/Src/syscalls.o
                0x0000000008001928                _close
 .text._fstat   0x0000000008001940       0x20 ./Core/Src/syscalls.o
                0x0000000008001940                _fstat
 .text._isatty  0x0000000008001960       0x16 ./Core/Src/syscalls.o
                0x0000000008001960                _isatty
 .text._lseek   0x0000000008001976       0x1a ./Core/Src/syscalls.o
                0x0000000008001976                _lseek
 .text._sbrk    0x0000000008001990       0x6c ./Core/Src/sysmem.o
                0x0000000008001990                _sbrk
 .text.SystemInit
                0x00000000080019fc       0x24 ./Core/Src/system_stm32f4xx.o
                0x00000000080019fc                SystemInit
 .text.MX_TIM1_Init
                0x0000000008001a20       0xa0 ./Core/Src/tim.o
                0x0000000008001a20                MX_TIM1_Init
 .text.MX_TIM2_Init
                0x0000000008001ac0       0xa8 ./Core/Src/tim.o
                0x0000000008001ac0                MX_TIM2_Init
 .text.MX_TIM3_Init
                0x0000000008001b68       0xa8 ./Core/Src/tim.o
                0x0000000008001b68                MX_TIM3_Init
 .text.MX_TIM4_Init
                0x0000000008001c10      0x100 ./Core/Src/tim.o
                0x0000000008001c10                MX_TIM4_Init
 .text.HAL_TIM_Base_MspInit
                0x0000000008001d10       0xbc ./Core/Src/tim.o
                0x0000000008001d10                HAL_TIM_Base_MspInit
 .text.HAL_TIM_Encoder_MspInit
                0x0000000008001dcc      0x114 ./Core/Src/tim.o
                0x0000000008001dcc                HAL_TIM_Encoder_MspInit
 .text.HAL_TIM_MspPostInit
                0x0000000008001ee0       0x74 ./Core/Src/tim.o
                0x0000000008001ee0                HAL_TIM_MspPostInit
 .text.MX_USART2_UART_Init
                0x0000000008001f54       0x54 ./Core/Src/usart.o
                0x0000000008001f54                MX_USART2_UART_Init
 .text.MX_USART3_UART_Init
                0x0000000008001fa8       0x54 ./Core/Src/usart.o
                0x0000000008001fa8                MX_USART3_UART_Init
 .text.MX_USART6_UART_Init
                0x0000000008001ffc       0x54 ./Core/Src/usart.o
                0x0000000008001ffc                MX_USART6_UART_Init
 .text.HAL_UART_MspInit
                0x0000000008002050      0x198 ./Core/Src/usart.o
                0x0000000008002050                HAL_UART_MspInit
 .text.Reset_Handler
                0x00000000080021e8       0x50 ./Core/Startup/startup_stm32f407vetx.o
                0x00000000080021e8                Reset_Handler
 .text.Default_Handler
                0x0000000008002238        0x2 ./Core/Startup/startup_stm32f407vetx.o
                0x0000000008002238                RTC_Alarm_IRQHandler
                0x0000000008002238                HASH_RNG_IRQHandler
                0x0000000008002238                EXTI2_IRQHandler
                0x0000000008002238                TIM8_CC_IRQHandler
                0x0000000008002238                DMA2_Stream5_IRQHandler
                0x0000000008002238                DMA1_Stream5_IRQHandler
                0x0000000008002238                PVD_IRQHandler
                0x0000000008002238                SDIO_IRQHandler
                0x0000000008002238                TAMP_STAMP_IRQHandler
                0x0000000008002238                CAN2_RX1_IRQHandler
                0x0000000008002238                EXTI3_IRQHandler
                0x0000000008002238                TIM8_TRG_COM_TIM14_IRQHandler
                0x0000000008002238                TIM8_UP_TIM13_IRQHandler
                0x0000000008002238                I2C3_ER_IRQHandler
                0x0000000008002238                EXTI0_IRQHandler
                0x0000000008002238                I2C2_EV_IRQHandler
                0x0000000008002238                DMA1_Stream2_IRQHandler
                0x0000000008002238                CAN1_RX0_IRQHandler
                0x0000000008002238                OTG_HS_WKUP_IRQHandler
                0x0000000008002238                CAN2_SCE_IRQHandler
                0x0000000008002238                DMA2_Stream2_IRQHandler
                0x0000000008002238                SPI1_IRQHandler
                0x0000000008002238                TIM6_DAC_IRQHandler
                0x0000000008002238                DCMI_IRQHandler
                0x0000000008002238                CAN2_RX0_IRQHandler
                0x0000000008002238                DMA2_Stream3_IRQHandler
                0x0000000008002238                CAN1_RX1_IRQHandler
                0x0000000008002238                UART5_IRQHandler
                0x0000000008002238                DMA2_Stream0_IRQHandler
                0x0000000008002238                I2C1_EV_IRQHandler
                0x0000000008002238                DMA1_Stream6_IRQHandler
                0x0000000008002238                DMA1_Stream1_IRQHandler
                0x0000000008002238                UART4_IRQHandler
                0x0000000008002238                RCC_IRQHandler
                0x0000000008002238                TIM8_BRK_TIM12_IRQHandler
                0x0000000008002238                Default_Handler
                0x0000000008002238                EXTI15_10_IRQHandler
                0x0000000008002238                ADC_IRQHandler
                0x0000000008002238                DMA1_Stream7_IRQHandler
                0x0000000008002238                TIM7_IRQHandler
                0x0000000008002238                CAN2_TX_IRQHandler
                0x0000000008002238                TIM5_IRQHandler
                0x0000000008002238                DMA2_Stream7_IRQHandler
                0x0000000008002238                I2C3_EV_IRQHandler
                0x0000000008002238                EXTI9_5_IRQHandler
                0x0000000008002238                RTC_WKUP_IRQHandler
                0x0000000008002238                ETH_WKUP_IRQHandler
                0x0000000008002238                SPI2_IRQHandler
                0x0000000008002238                OTG_HS_EP1_IN_IRQHandler
                0x0000000008002238                DMA1_Stream0_IRQHandler
                0x0000000008002238                CAN1_TX_IRQHandler
                0x0000000008002238                EXTI4_IRQHandler
                0x0000000008002238                FSMC_IRQHandler
                0x0000000008002238                ETH_IRQHandler
                0x0000000008002238                OTG_HS_EP1_OUT_IRQHandler
                0x0000000008002238                WWDG_IRQHandler
                0x0000000008002238                OTG_FS_WKUP_IRQHandler
                0x0000000008002238                OTG_HS_IRQHandler
                0x0000000008002238                EXTI1_IRQHandler
                0x0000000008002238                I2C2_ER_IRQHandler
                0x0000000008002238                DMA2_Stream1_IRQHandler
                0x0000000008002238                CAN1_SCE_IRQHandler
                0x0000000008002238                FLASH_IRQHandler
                0x0000000008002238                DMA2_Stream4_IRQHandler
                0x0000000008002238                USART1_IRQHandler
                0x0000000008002238                OTG_FS_IRQHandler
                0x0000000008002238                SPI3_IRQHandler
                0x0000000008002238                DMA1_Stream4_IRQHandler
                0x0000000008002238                I2C1_ER_IRQHandler
                0x0000000008002238                DMA2_Stream6_IRQHandler
                0x0000000008002238                DMA1_Stream3_IRQHandler
 *fill*         0x000000000800223a        0x2 
 .text.HAL_Init
                0x000000000800223c       0x44 ./Drivers/STM32F4xx_HAL_Driver/Src/stm32f4xx_hal.o
                0x000000000800223c                HAL_Init
 .text.HAL_InitTick
                0x0000000008002280       0x60 ./Drivers/STM32F4xx_HAL_Driver/Src/stm32f4xx_hal.o
                0x0000000008002280                HAL_InitTick
 .text.HAL_IncTick
                0x00000000080022e0       0x28 ./Drivers/STM32F4xx_HAL_Driver/Src/stm32f4xx_hal.o
                0x00000000080022e0                HAL_IncTick
 .text.HAL_GetTick
                0x0000000008002308       0x18 ./Drivers/STM32F4xx_HAL_Driver/Src/stm32f4xx_hal.o
                0x0000000008002308                HAL_GetTick
 .text.HAL_Delay
                0x0000000008002320       0x48 ./Drivers/STM32F4xx_HAL_Driver/Src/stm32f4xx_hal.o
                0x0000000008002320                HAL_Delay
 .text.__NVIC_SetPriorityGrouping
                0x0000000008002368       0x48 ./Drivers/STM32F4xx_HAL_Driver/Src/stm32f4xx_hal_cortex.o
 .text.__NVIC_GetPriorityGrouping
                0x00000000080023b0       0x1c ./Drivers/STM32F4xx_HAL_Driver/Src/stm32f4xx_hal_cortex.o
 .text.__NVIC_EnableIRQ
                0x00000000080023cc       0x3c ./Drivers/STM32F4xx_HAL_Driver/Src/stm32f4xx_hal_cortex.o
 .text.__NVIC_SetPriority
                0x0000000008002408       0x54 ./Drivers/STM32F4xx_HAL_Driver/Src/stm32f4xx_hal_cortex.o
 .text.NVIC_EncodePriority
                0x000000000800245c       0x66 ./Drivers/STM32F4xx_HAL_Driver/Src/stm32f4xx_hal_cortex.o
 *fill*         0x00000000080024c2        0x2 
 .text.SysTick_Config
                0x00000000080024c4       0x44 ./Drivers/STM32F4xx_HAL_Driver/Src/stm32f4xx_hal_cortex.o
 .text.HAL_NVIC_SetPriorityGrouping
                0x0000000008002508       0x16 ./Drivers/STM32F4xx_HAL_Driver/Src/stm32f4xx_hal_cortex.o
                0x0000000008002508                HAL_NVIC_SetPriorityGrouping
 .text.HAL_NVIC_SetPriority
                0x000000000800251e       0x38 ./Drivers/STM32F4xx_HAL_Driver/Src/stm32f4xx_hal_cortex.o
                0x000000000800251e                HAL_NVIC_SetPriority
 .text.HAL_NVIC_EnableIRQ
                0x0000000008002556       0x1c ./Drivers/STM32F4xx_HAL_Driver/Src/stm32f4xx_hal_cortex.o
                0x0000000008002556                HAL_NVIC_EnableIRQ
 .text.HAL_SYSTICK_Config
                0x0000000008002572       0x18 ./Drivers/STM32F4xx_HAL_Driver/Src/stm32f4xx_hal_cortex.o
                0x0000000008002572                HAL_SYSTICK_Config
 .text.HAL_DMA_Abort
                0x000000000800258a       0xe0 ./Drivers/STM32F4xx_HAL_Driver/Src/stm32f4xx_hal_dma.o
                0x000000000800258a                HAL_DMA_Abort
 .text.HAL_DMA_Abort_IT
                0x000000000800266a       0x44 ./Drivers/STM32F4xx_HAL_Driver/Src/stm32f4xx_hal_dma.o
                0x000000000800266a                HAL_DMA_Abort_IT
 *fill*         0x00000000080026ae        0x2 
 .text.HAL_GPIO_Init
                0x00000000080026b0      0x338 ./Drivers/STM32F4xx_HAL_Driver/Src/stm32f4xx_hal_gpio.o
                0x00000000080026b0                HAL_GPIO_Init
 .text.HAL_GPIO_WritePin
                0x00000000080029e8       0x32 ./Drivers/STM32F4xx_HAL_Driver/Src/stm32f4xx_hal_gpio.o
                0x00000000080029e8                HAL_GPIO_WritePin
 *fill*         0x0000000008002a1a        0x2 
 .text.HAL_I2C_Init
                0x0000000008002a1c      0x288 ./Drivers/STM32F4xx_HAL_Driver/Src/stm32f4xx_hal_i2c.o
                0x0000000008002a1c                HAL_I2C_Init
 .text.HAL_I2C_Mem_Write
                0x0000000008002ca4      0x1f4 ./Drivers/STM32F4xx_HAL_Driver/Src/stm32f4xx_hal_i2c.o
                0x0000000008002ca4                HAL_I2C_Mem_Write
 .text.I2C_RequestMemoryWrite
                0x0000000008002e98      0x12c ./Drivers/STM32F4xx_HAL_Driver/Src/stm32f4xx_hal_i2c.o
 .text.I2C_WaitOnFlagUntilTimeout
                0x0000000008002fc4       0xf4 ./Drivers/STM32F4xx_HAL_Driver/Src/stm32f4xx_hal_i2c.o
 .text.I2C_WaitOnMasterAddressFlagUntilTimeout
                0x00000000080030b8      0x140 ./Drivers/STM32F4xx_HAL_Driver/Src/stm32f4xx_hal_i2c.o
 .text.I2C_WaitOnTXEFlagUntilTimeout
                0x00000000080031f8       0x90 ./Drivers/STM32F4xx_HAL_Driver/Src/stm32f4xx_hal_i2c.o
 .text.I2C_WaitOnBTFFlagUntilTimeout
                0x0000000008003288       0x90 ./Drivers/STM32F4xx_HAL_Driver/Src/stm32f4xx_hal_i2c.o
 .text.I2C_IsAcknowledgeFailed
                0x0000000008003318       0x5e ./Drivers/STM32F4xx_HAL_Driver/Src/stm32f4xx_hal_i2c.o
 *fill*         0x0000000008003376        0x2 
 .text.HAL_RCC_OscConfig
                0x0000000008003378      0x4f0 ./Drivers/STM32F4xx_HAL_Driver/Src/stm32f4xx_hal_rcc.o
                0x0000000008003378                HAL_RCC_OscConfig
 .text.HAL_RCC_ClockConfig
                0x0000000008003868      0x1cc ./Drivers/STM32F4xx_HAL_Driver/Src/stm32f4xx_hal_rcc.o
                0x0000000008003868                HAL_RCC_ClockConfig
 .text.HAL_RCC_GetSysClockFreq
                0x0000000008003a34      0x18c ./Drivers/STM32F4xx_HAL_Driver/Src/stm32f4xx_hal_rcc.o
                0x0000000008003a34                HAL_RCC_GetSysClockFreq
 .text.HAL_RCC_GetHCLKFreq
                0x0000000008003bc0       0x18 ./Drivers/STM32F4xx_HAL_Driver/Src/stm32f4xx_hal_rcc.o
                0x0000000008003bc0                HAL_RCC_GetHCLKFreq
 .text.HAL_RCC_GetPCLK1Freq
                0x0000000008003bd8       0x28 ./Drivers/STM32F4xx_HAL_Driver/Src/stm32f4xx_hal_rcc.o
                0x0000000008003bd8                HAL_RCC_GetPCLK1Freq
 .text.HAL_RCC_GetPCLK2Freq
                0x0000000008003c00       0x28 ./Drivers/STM32F4xx_HAL_Driver/Src/stm32f4xx_hal_rcc.o
                0x0000000008003c00                HAL_RCC_GetPCLK2Freq
 .text.HAL_TIM_Base_Init
                0x0000000008003c28       0x9e ./Drivers/STM32F4xx_HAL_Driver/Src/stm32f4xx_hal_tim.o
                0x0000000008003c28                HAL_TIM_Base_Init
 *fill*         0x0000000008003cc6        0x2 
 .text.HAL_TIM_Base_Start
                0x0000000008003cc8       0xd0 ./Drivers/STM32F4xx_HAL_Driver/Src/stm32f4xx_hal_tim.o
                0x0000000008003cc8                HAL_TIM_Base_Start
 .text.HAL_TIM_Base_Start_IT
                0x0000000008003d98       0xe0 ./Drivers/STM32F4xx_HAL_Driver/Src/stm32f4xx_hal_tim.o
                0x0000000008003d98                HAL_TIM_Base_Start_IT
 .text.HAL_TIM_PWM_Init
                0x0000000008003e78       0x9e ./Drivers/STM32F4xx_HAL_Driver/Src/stm32f4xx_hal_tim.o
                0x0000000008003e78                HAL_TIM_PWM_Init
 .text.HAL_TIM_PWM_MspInit
                0x0000000008003f16       0x14 ./Drivers/STM32F4xx_HAL_Driver/Src/stm32f4xx_hal_tim.o
                0x0000000008003f16                HAL_TIM_PWM_MspInit
 *fill*         0x0000000008003f2a        0x2 
 .text.HAL_TIM_PWM_Start
                0x0000000008003f2c      0x190 ./Drivers/STM32F4xx_HAL_Driver/Src/stm32f4xx_hal_tim.o
                0x0000000008003f2c                HAL_TIM_PWM_Start
 .text.HAL_TIM_Encoder_Init
                0x00000000080040bc      0x14c ./Drivers/STM32F4xx_HAL_Driver/Src/stm32f4xx_hal_tim.o
                0x00000000080040bc                HAL_TIM_Encoder_Init
 .text.HAL_TIM_Encoder_Start
                0x0000000008004208      0x11c ./Drivers/STM32F4xx_HAL_Driver/Src/stm32f4xx_hal_tim.o
                0x0000000008004208                HAL_TIM_Encoder_Start
 .text.HAL_TIM_IRQHandler
                0x0000000008004324      0x1e0 ./Drivers/STM32F4xx_HAL_Driver/Src/stm32f4xx_hal_tim.o
                0x0000000008004324                HAL_TIM_IRQHandler
 .text.HAL_TIM_PWM_ConfigChannel
                0x0000000008004504      0x184 ./Drivers/STM32F4xx_HAL_Driver/Src/stm32f4xx_hal_tim.o
                0x0000000008004504                HAL_TIM_PWM_ConfigChannel
 .text.HAL_TIM_ConfigClockSource
                0x0000000008004688      0x18e ./Drivers/STM32F4xx_HAL_Driver/Src/stm32f4xx_hal_tim.o
                0x0000000008004688                HAL_TIM_ConfigClockSource
 .text.HAL_TIM_OC_DelayElapsedCallback
                0x0000000008004816       0x14 ./Drivers/STM32F4xx_HAL_Driver/Src/stm32f4xx_hal_tim.o
                0x0000000008004816                HAL_TIM_OC_DelayElapsedCallback
 .text.HAL_TIM_IC_CaptureCallback
                0x000000000800482a       0x14 ./Drivers/STM32F4xx_HAL_Driver/Src/stm32f4xx_hal_tim.o
                0x000000000800482a                HAL_TIM_IC_CaptureCallback
 .text.HAL_TIM_PWM_PulseFinishedCallback
                0x000000000800483e       0x14 ./Drivers/STM32F4xx_HAL_Driver/Src/stm32f4xx_hal_tim.o
                0x000000000800483e                HAL_TIM_PWM_PulseFinishedCallback
 .text.HAL_TIM_TriggerCallback
                0x0000000008004852       0x14 ./Drivers/STM32F4xx_HAL_Driver/Src/stm32f4xx_hal_tim.o
                0x0000000008004852                HAL_TIM_TriggerCallback
 *fill*         0x0000000008004866        0x2 
 .text.TIM_Base_SetConfig
                0x0000000008004868      0x158 ./Drivers/STM32F4xx_HAL_Driver/Src/stm32f4xx_hal_tim.o
                0x0000000008004868                TIM_Base_SetConfig
 .text.TIM_OC1_SetConfig
                0x00000000080049c0       0xe0 ./Drivers/STM32F4xx_HAL_Driver/Src/stm32f4xx_hal_tim.o
 .text.TIM_OC2_SetConfig
                0x0000000008004aa0       0xec ./Drivers/STM32F4xx_HAL_Driver/Src/stm32f4xx_hal_tim.o
                0x0000000008004aa0                TIM_OC2_SetConfig
 .text.TIM_OC3_SetConfig
                0x0000000008004b8c       0xe8 ./Drivers/STM32F4xx_HAL_Driver/Src/stm32f4xx_hal_tim.o
 .text.TIM_OC4_SetConfig
                0x0000000008004c74       0xac ./Drivers/STM32F4xx_HAL_Driver/Src/stm32f4xx_hal_tim.o
 .text.TIM_TI1_ConfigInputStage
                0x0000000008004d20       0x5e ./Drivers/STM32F4xx_HAL_Driver/Src/stm32f4xx_hal_tim.o
 .text.TIM_TI2_ConfigInputStage
                0x0000000008004d7e       0x60 ./Drivers/STM32F4xx_HAL_Driver/Src/stm32f4xx_hal_tim.o
 .text.TIM_ITRx_SetConfig
                0x0000000008004dde       0x36 ./Drivers/STM32F4xx_HAL_Driver/Src/stm32f4xx_hal_tim.o
 .text.TIM_ETR_SetConfig
                0x0000000008004e14       0x40 ./Drivers/STM32F4xx_HAL_Driver/Src/stm32f4xx_hal_tim.o
                0x0000000008004e14                TIM_ETR_SetConfig
 .text.TIM_CCxChannelCmd
                0x0000000008004e54       0x4a ./Drivers/STM32F4xx_HAL_Driver/Src/stm32f4xx_hal_tim.o
                0x0000000008004e54                TIM_CCxChannelCmd
 *fill*         0x0000000008004e9e        0x2 
 .text.HAL_TIMEx_MasterConfigSynchronization
                0x0000000008004ea0       0xf8 ./Drivers/STM32F4xx_HAL_Driver/Src/stm32f4xx_hal_tim_ex.o
                0x0000000008004ea0                HAL_TIMEx_MasterConfigSynchronization
 .text.HAL_TIMEx_CommutCallback
                0x0000000008004f98       0x14 ./Drivers/STM32F4xx_HAL_Driver/Src/stm32f4xx_hal_tim_ex.o
                0x0000000008004f98                HAL_TIMEx_CommutCallback
 .text.HAL_TIMEx_BreakCallback
                0x0000000008004fac       0x14 ./Drivers/STM32F4xx_HAL_Driver/Src/stm32f4xx_hal_tim_ex.o
                0x0000000008004fac                HAL_TIMEx_BreakCallback
 .text.HAL_UART_Init
                0x0000000008004fc0       0xa0 ./Drivers/STM32F4xx_HAL_Driver/Src/stm32f4xx_hal_uart.o
                0x0000000008004fc0                HAL_UART_Init
 .text.HAL_UART_IRQHandler
                0x0000000008005060      0x524 ./Drivers/STM32F4xx_HAL_Driver/Src/stm32f4xx_hal_uart.o
                0x0000000008005060                HAL_UART_IRQHandler
 .text.HAL_UART_TxCpltCallback
                0x0000000008005584       0x14 ./Drivers/STM32F4xx_HAL_Driver/Src/stm32f4xx_hal_uart.o
                0x0000000008005584                HAL_UART_TxCpltCallback
 .text.HAL_UART_RxCpltCallback
                0x0000000008005598       0x14 ./Drivers/STM32F4xx_HAL_Driver/Src/stm32f4xx_hal_uart.o
                0x0000000008005598                HAL_UART_RxCpltCallback
 .text.HAL_UART_ErrorCallback
                0x00000000080055ac       0x14 ./Drivers/STM32F4xx_HAL_Driver/Src/stm32f4xx_hal_uart.o
                0x00000000080055ac                HAL_UART_ErrorCallback
 .text.HAL_UARTEx_RxEventCallback
                0x00000000080055c0       0x18 ./Drivers/STM32F4xx_HAL_Driver/Src/stm32f4xx_hal_uart.o
                0x00000000080055c0                HAL_UARTEx_RxEventCallback
 .text.UART_EndRxTransfer
                0x00000000080055d8       0xc6 ./Drivers/STM32F4xx_HAL_Driver/Src/stm32f4xx_hal_uart.o
 .text.UART_DMAAbortOnError
                0x000000000800569e       0x28 ./Drivers/STM32F4xx_HAL_Driver/Src/stm32f4xx_hal_uart.o
 .text.UART_Transmit_IT
                0x00000000080056c6       0xa0 ./Drivers/STM32F4xx_HAL_Driver/Src/stm32f4xx_hal_uart.o
 .text.UART_EndTransmit_IT
                0x0000000008005766       0x30 ./Drivers/STM32F4xx_HAL_Driver/Src/stm32f4xx_hal_uart.o
 .text.UART_Receive_IT
                0x0000000008005796      0x17c ./Drivers/STM32F4xx_HAL_Driver/Src/stm32f4xx_hal_uart.o
 *fill*         0x0000000008005912        0x2 
 .text.UART_SetConfig
                0x0000000008005914      0x4e8 ./Drivers/STM32F4xx_HAL_Driver/Src/stm32f4xx_hal_uart.o
 .text.std      0x0000000008005dfc       0x6c D:/STM32CUBEIDE/STM32CubeIDE_1.14.0/STM32CubeIDE/plugins/com.st.stm32cube.ide.mcu.externaltools.gnu-tools-for-stm32.11.3.rel1.win32_1.1.100.202309141235/tools/bin/../lib/gcc/arm-none-eabi/11.3.1/../../../../arm-none-eabi/lib/thumb/v7e-m+fp/hard\libc_nano.a(libc_a-findfp.o)
 .text.stdio_exit_handler
                0x0000000008005e68       0x18 D:/STM32CUBEIDE/STM32CubeIDE_1.14.0/STM32CubeIDE/plugins/com.st.stm32cube.ide.mcu.externaltools.gnu-tools-for-stm32.11.3.rel1.win32_1.1.100.202309141235/tools/bin/../lib/gcc/arm-none-eabi/11.3.1/../../../../arm-none-eabi/lib/thumb/v7e-m+fp/hard\libc_nano.a(libc_a-findfp.o)
 .text.cleanup_stdio
                0x0000000008005e80       0x40 D:/STM32CUBEIDE/STM32CubeIDE_1.14.0/STM32CubeIDE/plugins/com.st.stm32cube.ide.mcu.externaltools.gnu-tools-for-stm32.11.3.rel1.win32_1.1.100.202309141235/tools/bin/../lib/gcc/arm-none-eabi/11.3.1/../../../../arm-none-eabi/lib/thumb/v7e-m+fp/hard\libc_nano.a(libc_a-findfp.o)
 .text.global_stdio_init.part.0
                0x0000000008005ec0       0x3c D:/STM32CUBEIDE/STM32CubeIDE_1.14.0/STM32CubeIDE/plugins/com.st.stm32cube.ide.mcu.externaltools.gnu-tools-for-stm32.11.3.rel1.win32_1.1.100.202309141235/tools/bin/../lib/gcc/arm-none-eabi/11.3.1/../../../../arm-none-eabi/lib/thumb/v7e-m+fp/hard\libc_nano.a(libc_a-findfp.o)
 .text.__sfp_lock_acquire
                0x0000000008005efc        0xc D:/STM32CUBEIDE/STM32CubeIDE_1.14.0/STM32CubeIDE/plugins/com.st.stm32cube.ide.mcu.externaltools.gnu-tools-for-stm32.11.3.rel1.win32_1.1.100.202309141235/tools/bin/../lib/gcc/arm-none-eabi/11.3.1/../../../../arm-none-eabi/lib/thumb/v7e-m+fp/hard\libc_nano.a(libc_a-findfp.o)
                0x0000000008005efc                __sfp_lock_acquire
 .text.__sfp_lock_release
                0x0000000008005f08        0xc D:/STM32CUBEIDE/STM32CubeIDE_1.14.0/STM32CubeIDE/plugins/com.st.stm32cube.ide.mcu.externaltools.gnu-tools-for-stm32.11.3.rel1.win32_1.1.100.202309141235/tools/bin/../lib/gcc/arm-none-eabi/11.3.1/../../../../arm-none-eabi/lib/thumb/v7e-m+fp/hard\libc_nano.a(libc_a-findfp.o)
                0x0000000008005f08                __sfp_lock_release
 .text.__sinit  0x0000000008005f14       0x30 D:/STM32CUBEIDE/STM32CubeIDE_1.14.0/STM32CubeIDE/plugins/com.st.stm32cube.ide.mcu.externaltools.gnu-tools-for-stm32.11.3.rel1.win32_1.1.100.202309141235/tools/bin/../lib/gcc/arm-none-eabi/11.3.1/../../../../arm-none-eabi/lib/thumb/v7e-m+fp/hard\libc_nano.a(libc_a-findfp.o)
                0x0000000008005f14                __sinit
 .text._fwalk_sglue
                0x0000000008005f44       0x3c D:/STM32CUBEIDE/STM32CubeIDE_1.14.0/STM32CubeIDE/plugins/com.st.stm32cube.ide.mcu.externaltools.gnu-tools-for-stm32.11.3.rel1.win32_1.1.100.202309141235/tools/bin/../lib/gcc/arm-none-eabi/11.3.1/../../../../arm-none-eabi/lib/thumb/v7e-m+fp/hard\libc_nano.a(libc_a-fwalk.o)
                0x0000000008005f44                _fwalk_sglue
 .text.printf   0x0000000008005f80       0x24 D:/STM32CUBEIDE/STM32CubeIDE_1.14.0/STM32CubeIDE/plugins/com.st.stm32cube.ide.mcu.externaltools.gnu-tools-for-stm32.11.3.rel1.win32_1.1.100.202309141235/tools/bin/../lib/gcc/arm-none-eabi/11.3.1/../../../../arm-none-eabi/lib/thumb/v7e-m+fp/hard\libc_nano.a(libc_a-printf.o)
                0x0000000008005f80                iprintf
                0x0000000008005f80                printf
 .text.__sread  0x0000000008005fa4       0x22 D:/STM32CUBEIDE/STM32CubeIDE_1.14.0/STM32CubeIDE/plugins/com.st.stm32cube.ide.mcu.externaltools.gnu-tools-for-stm32.11.3.rel1.win32_1.1.100.202309141235/tools/bin/../lib/gcc/arm-none-eabi/11.3.1/../../../../arm-none-eabi/lib/thumb/v7e-m+fp/hard\libc_nano.a(libc_a-stdio.o)
                0x0000000008005fa4                __sread
 .text.__swrite
                0x0000000008005fc6       0x38 D:/STM32CUBEIDE/STM32CubeIDE_1.14.0/STM32CubeIDE/plugins/com.st.stm32cube.ide.mcu.externaltools.gnu-tools-for-stm32.11.3.rel1.win32_1.1.100.202309141235/tools/bin/../lib/gcc/arm-none-eabi/11.3.1/../../../../arm-none-eabi/lib/thumb/v7e-m+fp/hard\libc_nano.a(libc_a-stdio.o)
                0x0000000008005fc6                __swrite
 .text.__sseek  0x0000000008005ffe       0x24 D:/STM32CUBEIDE/STM32CubeIDE_1.14.0/STM32CubeIDE/plugins/com.st.stm32cube.ide.mcu.externaltools.gnu-tools-for-stm32.11.3.rel1.win32_1.1.100.202309141235/tools/bin/../lib/gcc/arm-none-eabi/11.3.1/../../../../arm-none-eabi/lib/thumb/v7e-m+fp/hard\libc_nano.a(libc_a-stdio.o)
                0x0000000008005ffe                __sseek
 .text.__sclose
                0x0000000008006022        0x8 D:/STM32CUBEIDE/STM32CubeIDE_1.14.0/STM32CubeIDE/plugins/com.st.stm32cube.ide.mcu.externaltools.gnu-tools-for-stm32.11.3.rel1.win32_1.1.100.202309141235/tools/bin/../lib/gcc/arm-none-eabi/11.3.1/../../../../arm-none-eabi/lib/thumb/v7e-m+fp/hard\libc_nano.a(libc_a-stdio.o)
                0x0000000008006022                __sclose
 .text.memset   0x000000000800602a       0x10 D:/STM32CUBEIDE/STM32CubeIDE_1.14.0/STM32CubeIDE/plugins/com.st.stm32cube.ide.mcu.externaltools.gnu-tools-for-stm32.11.3.rel1.win32_1.1.100.202309141235/tools/bin/../lib/gcc/arm-none-eabi/11.3.1/../../../../arm-none-eabi/lib/thumb/v7e-m+fp/hard\libc_nano.a(libc_a-memset.o)
                0x000000000800602a                memset
 *fill*         0x000000000800603a        0x2 
 .text._close_r
                0x000000000800603c       0x20 D:/STM32CUBEIDE/STM32CubeIDE_1.14.0/STM32CubeIDE/plugins/com.st.stm32cube.ide.mcu.externaltools.gnu-tools-for-stm32.11.3.rel1.win32_1.1.100.202309141235/tools/bin/../lib/gcc/arm-none-eabi/11.3.1/../../../../arm-none-eabi/lib/thumb/v7e-m+fp/hard\libc_nano.a(libc_a-closer.o)
                0x000000000800603c                _close_r
 .text._lseek_r
                0x000000000800605c       0x24 D:/STM32CUBEIDE/STM32CubeIDE_1.14.0/STM32CubeIDE/plugins/com.st.stm32cube.ide.mcu.externaltools.gnu-tools-for-stm32.11.3.rel1.win32_1.1.100.202309141235/tools/bin/../lib/gcc/arm-none-eabi/11.3.1/../../../../arm-none-eabi/lib/thumb/v7e-m+fp/hard\libc_nano.a(libc_a-lseekr.o)
                0x000000000800605c                _lseek_r
 .text._read_r  0x0000000008006080       0x24 D:/STM32CUBEIDE/STM32CubeIDE_1.14.0/STM32CubeIDE/plugins/com.st.stm32cube.ide.mcu.externaltools.gnu-tools-for-stm32.11.3.rel1.win32_1.1.100.202309141235/tools/bin/../lib/gcc/arm-none-eabi/11.3.1/../../../../arm-none-eabi/lib/thumb/v7e-m+fp/hard\libc_nano.a(libc_a-readr.o)
                0x0000000008006080                _read_r
 .text._write_r
                0x00000000080060a4       0x24 D:/STM32CUBEIDE/STM32CubeIDE_1.14.0/STM32CubeIDE/plugins/com.st.stm32cube.ide.mcu.externaltools.gnu-tools-for-stm32.11.3.rel1.win32_1.1.100.202309141235/tools/bin/../lib/gcc/arm-none-eabi/11.3.1/../../../../arm-none-eabi/lib/thumb/v7e-m+fp/hard\libc_nano.a(libc_a-writer.o)
                0x00000000080060a4                _write_r
 .text.__errno  0x00000000080060c8        0xc D:/STM32CUBEIDE/STM32CubeIDE_1.14.0/STM32CubeIDE/plugins/com.st.stm32cube.ide.mcu.externaltools.gnu-tools-for-stm32.11.3.rel1.win32_1.1.100.202309141235/tools/bin/../lib/gcc/arm-none-eabi/11.3.1/../../../../arm-none-eabi/lib/thumb/v7e-m+fp/hard\libc_nano.a(libc_a-errno.o)
                0x00000000080060c8                __errno
 .text.__libc_init_array
                0x00000000080060d4       0x48 D:/STM32CUBEIDE/STM32CubeIDE_1.14.0/STM32CubeIDE/plugins/com.st.stm32cube.ide.mcu.externaltools.gnu-tools-for-stm32.11.3.rel1.win32_1.1.100.202309141235/tools/bin/../lib/gcc/arm-none-eabi/11.3.1/../../../../arm-none-eabi/lib/thumb/v7e-m+fp/hard\libc_nano.a(libc_a-init.o)
                0x00000000080060d4                __libc_init_array
 .text.__retarget_lock_init_recursive
                0x000000000800611c        0x2 D:/STM32CUBEIDE/STM32CubeIDE_1.14.0/STM32CubeIDE/plugins/com.st.stm32cube.ide.mcu.externaltools.gnu-tools-for-stm32.11.3.rel1.win32_1.1.100.202309141235/tools/bin/../lib/gcc/arm-none-eabi/11.3.1/../../../../arm-none-eabi/lib/thumb/v7e-m+fp/hard\libc_nano.a(libc_a-lock.o)
                0x000000000800611c                __retarget_lock_init_recursive
 .text.__retarget_lock_acquire_recursive
                0x000000000800611e        0x2 D:/STM32CUBEIDE/STM32CubeIDE_1.14.0/STM32CubeIDE/plugins/com.st.stm32cube.ide.mcu.externaltools.gnu-tools-for-stm32.11.3.rel1.win32_1.1.100.202309141235/tools/bin/../lib/gcc/arm-none-eabi/11.3.1/../../../../arm-none-eabi/lib/thumb/v7e-m+fp/hard\libc_nano.a(libc_a-lock.o)
                0x000000000800611e                __retarget_lock_acquire_recursive
 .text.__retarget_lock_release_recursive
                0x0000000008006120        0x2 D:/STM32CUBEIDE/STM32CubeIDE_1.14.0/STM32CubeIDE/plugins/com.st.stm32cube.ide.mcu.externaltools.gnu-tools-for-stm32.11.3.rel1.win32_1.1.100.202309141235/tools/bin/../lib/gcc/arm-none-eabi/11.3.1/../../../../arm-none-eabi/lib/thumb/v7e-m+fp/hard\libc_nano.a(libc_a-lock.o)
                0x0000000008006120                __retarget_lock_release_recursive
 *fill*         0x0000000008006122        0x2 
 .text._free_r  0x0000000008006124       0x98 D:/STM32CUBEIDE/STM32CubeIDE_1.14.0/STM32CubeIDE/plugins/com.st.stm32cube.ide.mcu.externaltools.gnu-tools-for-stm32.11.3.rel1.win32_1.1.100.202309141235/tools/bin/../lib/gcc/arm-none-eabi/11.3.1/../../../../arm-none-eabi/lib/thumb/v7e-m+fp/hard\libc_nano.a(libc_a-freer.o)
                0x0000000008006124                _free_r
 .text.sbrk_aligned
                0x00000000080061bc       0x40 D:/STM32CUBEIDE/STM32CubeIDE_1.14.0/STM32CubeIDE/plugins/com.st.stm32cube.ide.mcu.externaltools.gnu-tools-for-stm32.11.3.rel1.win32_1.1.100.202309141235/tools/bin/../lib/gcc/arm-none-eabi/11.3.1/../../../../arm-none-eabi/lib/thumb/v7e-m+fp/hard\libc_nano.a(libc_a-mallocr.o)
 .text._malloc_r
                0x00000000080061fc      0x100 D:/STM32CUBEIDE/STM32CubeIDE_1.14.0/STM32CubeIDE/plugins/com.st.stm32cube.ide.mcu.externaltools.gnu-tools-for-stm32.11.3.rel1.win32_1.1.100.202309141235/tools/bin/../lib/gcc/arm-none-eabi/11.3.1/../../../../arm-none-eabi/lib/thumb/v7e-m+fp/hard\libc_nano.a(libc_a-mallocr.o)
                0x00000000080061fc                _malloc_r
 .text.__malloc_lock
                0x00000000080062fc        0xc D:/STM32CUBEIDE/STM32CubeIDE_1.14.0/STM32CubeIDE/plugins/com.st.stm32cube.ide.mcu.externaltools.gnu-tools-for-stm32.11.3.rel1.win32_1.1.100.202309141235/tools/bin/../lib/gcc/arm-none-eabi/11.3.1/../../../../arm-none-eabi/lib/thumb/v7e-m+fp/hard\libc_nano.a(libc_a-mlock.o)
                0x00000000080062fc                __malloc_lock
 .text.__malloc_unlock
                0x0000000008006308        0xc D:/STM32CUBEIDE/STM32CubeIDE_1.14.0/STM32CubeIDE/plugins/com.st.stm32cube.ide.mcu.externaltools.gnu-tools-for-stm32.11.3.rel1.win32_1.1.100.202309141235/tools/bin/../lib/gcc/arm-none-eabi/11.3.1/../../../../arm-none-eabi/lib/thumb/v7e-m+fp/hard\libc_nano.a(libc_a-mlock.o)
                0x0000000008006308                __malloc_unlock
 .text.__sfputc_r
                0x0000000008006314       0x2e D:/STM32CUBEIDE/STM32CubeIDE_1.14.0/STM32CubeIDE/plugins/com.st.stm32cube.ide.mcu.externaltools.gnu-tools-for-stm32.11.3.rel1.win32_1.1.100.202309141235/tools/bin/../lib/gcc/arm-none-eabi/11.3.1/../../../../arm-none-eabi/lib/thumb/v7e-m+fp/hard\libc_nano.a(libc_a-nano-vfprintf.o)
 .text.__sfputs_r
                0x0000000008006342       0x24 D:/STM32CUBEIDE/STM32CubeIDE_1.14.0/STM32CubeIDE/plugins/com.st.stm32cube.ide.mcu.externaltools.gnu-tools-for-stm32.11.3.rel1.win32_1.1.100.202309141235/tools/bin/../lib/gcc/arm-none-eabi/11.3.1/../../../../arm-none-eabi/lib/thumb/v7e-m+fp/hard\libc_nano.a(libc_a-nano-vfprintf.o)
                0x0000000008006342                __sfputs_r
 *fill*         0x0000000008006366        0x2 
 .text._vfprintf_r
                0x0000000008006368      0x234 D:/STM32CUBEIDE/STM32CubeIDE_1.14.0/STM32CubeIDE/plugins/com.st.stm32cube.ide.mcu.externaltools.gnu-tools-for-stm32.11.3.rel1.win32_1.1.100.202309141235/tools/bin/../lib/gcc/arm-none-eabi/11.3.1/../../../../arm-none-eabi/lib/thumb/v7e-m+fp/hard\libc_nano.a(libc_a-nano-vfprintf.o)
                0x0000000008006368                _vfprintf_r
                0x0000000008006368                _vfiprintf_r
 .text._printf_common
                0x000000000800659c       0xda D:/STM32CUBEIDE/STM32CubeIDE_1.14.0/STM32CubeIDE/plugins/com.st.stm32cube.ide.mcu.externaltools.gnu-tools-for-stm32.11.3.rel1.win32_1.1.100.202309141235/tools/bin/../lib/gcc/arm-none-eabi/11.3.1/../../../../arm-none-eabi/lib/thumb/v7e-m+fp/hard\libc_nano.a(libc_a-nano-vfprintf_i.o)
                0x000000000800659c                _printf_common
 *fill*         0x0000000008006676        0x2 
 .text._printf_i
                0x0000000008006678      0x244 D:/STM32CUBEIDE/STM32CubeIDE_1.14.0/STM32CubeIDE/plugins/com.st.stm32cube.ide.mcu.externaltools.gnu-tools-for-stm32.11.3.rel1.win32_1.1.100.202309141235/tools/bin/../lib/gcc/arm-none-eabi/11.3.1/../../../../arm-none-eabi/lib/thumb/v7e-m+fp/hard\libc_nano.a(libc_a-nano-vfprintf_i.o)
                0x0000000008006678                _printf_i
 .text.__sflush_r
                0x00000000080068bc      0x10c D:/STM32CUBEIDE/STM32CubeIDE_1.14.0/STM32CubeIDE/plugins/com.st.stm32cube.ide.mcu.externaltools.gnu-tools-for-stm32.11.3.rel1.win32_1.1.100.202309141235/tools/bin/../lib/gcc/arm-none-eabi/11.3.1/../../../../arm-none-eabi/lib/thumb/v7e-m+fp/hard\libc_nano.a(libc_a-fflush.o)
                0x00000000080068bc                __sflush_r
 .text._fflush_r
                0x00000000080069c8       0x50 D:/STM32CUBEIDE/STM32CubeIDE_1.14.0/STM32CubeIDE/plugins/com.st.stm32cube.ide.mcu.externaltools.gnu-tools-for-stm32.11.3.rel1.win32_1.1.100.202309141235/tools/bin/../lib/gcc/arm-none-eabi/11.3.1/../../../../arm-none-eabi/lib/thumb/v7e-m+fp/hard\libc_nano.a(libc_a-fflush.o)
                0x00000000080069c8                _fflush_r
 .text.__swbuf_r
                0x0000000008006a18       0x7a D:/STM32CUBEIDE/STM32CubeIDE_1.14.0/STM32CubeIDE/plugins/com.st.stm32cube.ide.mcu.externaltools.gnu-tools-for-stm32.11.3.rel1.win32_1.1.100.202309141235/tools/bin/../lib/gcc/arm-none-eabi/11.3.1/../../../../arm-none-eabi/lib/thumb/v7e-m+fp/hard\libc_nano.a(libc_a-wbuf.o)
                0x0000000008006a18                __swbuf_r
 *fill*         0x0000000008006a92        0x2 
 .text.__swsetup_r
                0x0000000008006a94       0xb0 D:/STM32CUBEIDE/STM32CubeIDE_1.14.0/STM32CubeIDE/plugins/com.st.stm32cube.ide.mcu.externaltools.gnu-tools-for-stm32.11.3.rel1.win32_1.1.100.202309141235/tools/bin/../lib/gcc/arm-none-eabi/11.3.1/../../../../arm-none-eabi/lib/thumb/v7e-m+fp/hard\libc_nano.a(libc_a-wsetup.o)
                0x0000000008006a94                __swsetup_r
 .text._sbrk_r  0x0000000008006b44       0x20 D:/STM32CUBEIDE/STM32CubeIDE_1.14.0/STM32CubeIDE/plugins/com.st.stm32cube.ide.mcu.externaltools.gnu-tools-for-stm32.11.3.rel1.win32_1.1.100.202309141235/tools/bin/../lib/gcc/arm-none-eabi/11.3.1/../../../../arm-none-eabi/lib/thumb/v7e-m+fp/hard\libc_nano.a(libc_a-sbrkr.o)
                0x0000000008006b44                _sbrk_r
 .text.__swhatbuf_r
                0x0000000008006b64       0x4c D:/STM32CUBEIDE/STM32CubeIDE_1.14.0/STM32CubeIDE/plugins/com.st.stm32cube.ide.mcu.externaltools.gnu-tools-for-stm32.11.3.rel1.win32_1.1.100.202309141235/tools/bin/../lib/gcc/arm-none-eabi/11.3.1/../../../../arm-none-eabi/lib/thumb/v7e-m+fp/hard\libc_nano.a(libc_a-makebuf.o)
                0x0000000008006b64                __swhatbuf_r
 .text.__smakebuf_r
                0x0000000008006bb0       0x78 D:/STM32CUBEIDE/STM32CubeIDE_1.14.0/STM32CubeIDE/plugins/com.st.stm32cube.ide.mcu.externaltools.gnu-tools-for-stm32.11.3.rel1.win32_1.1.100.202309141235/tools/bin/../lib/gcc/arm-none-eabi/11.3.1/../../../../arm-none-eabi/lib/thumb/v7e-m+fp/hard\libc_nano.a(libc_a-makebuf.o)
                0x0000000008006bb0                __smakebuf_r
 .text._fstat_r
                0x0000000008006c28       0x24 D:/STM32CUBEIDE/STM32CubeIDE_1.14.0/STM32CubeIDE/plugins/com.st.stm32cube.ide.mcu.externaltools.gnu-tools-for-stm32.11.3.rel1.win32_1.1.100.202309141235/tools/bin/../lib/gcc/arm-none-eabi/11.3.1/../../../../arm-none-eabi/lib/thumb/v7e-m+fp/hard\libc_nano.a(libc_a-fstatr.o)
                0x0000000008006c28                _fstat_r
 .text._isatty_r
                0x0000000008006c4c       0x20 D:/STM32CUBEIDE/STM32CubeIDE_1.14.0/STM32CubeIDE/plugins/com.st.stm32cube.ide.mcu.externaltools.gnu-tools-for-stm32.11.3.rel1.win32_1.1.100.202309141235/tools/bin/../lib/gcc/arm-none-eabi/11.3.1/../../../../arm-none-eabi/lib/thumb/v7e-m+fp/hard\libc_nano.a(libc_a-isattyr.o)
                0x0000000008006c4c                _isatty_r
 *(.glue_7)
 .glue_7        0x0000000008006c6c        0x0 linker stubs
 *(.glue_7t)
 .glue_7t       0x0000000008006c6c        0x0 linker stubs
 *(.eh_frame)
 .eh_frame      0x0000000008006c6c        0x0 D:/STM32CUBEIDE/STM32CubeIDE_1.14.0/STM32CubeIDE/plugins/com.st.stm32cube.ide.mcu.externaltools.gnu-tools-for-stm32.11.3.rel1.win32_1.1.100.202309141235/tools/bin/../lib/gcc/arm-none-eabi/11.3.1/thumb/v7e-m+fp/hard/crtbegin.o
 *(.init)
 .init          0x0000000008006c6c        0x4 D:/STM32CUBEIDE/STM32CubeIDE_1.14.0/STM32CubeIDE/plugins/com.st.stm32cube.ide.mcu.externaltools.gnu-tools-for-stm32.11.3.rel1.win32_1.1.100.202309141235/tools/bin/../lib/gcc/arm-none-eabi/11.3.1/thumb/v7e-m+fp/hard/crti.o
                0x0000000008006c6c                _init
 .init          0x0000000008006c70        0x8 D:/STM32CUBEIDE/STM32CubeIDE_1.14.0/STM32CubeIDE/plugins/com.st.stm32cube.ide.mcu.externaltools.gnu-tools-for-stm32.11.3.rel1.win32_1.1.100.202309141235/tools/bin/../lib/gcc/arm-none-eabi/11.3.1/thumb/v7e-m+fp/hard/crtn.o
 *(.fini)
 .fini          0x0000000008006c78        0x4 D:/STM32CUBEIDE/STM32CubeIDE_1.14.0/STM32CubeIDE/plugins/com.st.stm32cube.ide.mcu.externaltools.gnu-tools-for-stm32.11.3.rel1.win32_1.1.100.202309141235/tools/bin/../lib/gcc/arm-none-eabi/11.3.1/thumb/v7e-m+fp/hard/crti.o
                0x0000000008006c78                _fini
 .fini          0x0000000008006c7c        0x8 D:/STM32CUBEIDE/STM32CubeIDE_1.14.0/STM32CubeIDE/plugins/com.st.stm32cube.ide.mcu.externaltools.gnu-tools-for-stm32.11.3.rel1.win32_1.1.100.202309141235/tools/bin/../lib/gcc/arm-none-eabi/11.3.1/thumb/v7e-m+fp/hard/crtn.o
                0x0000000008006c84                . = ALIGN (0x4)
                0x0000000008006c84                _etext = .

.vfp11_veneer   0x0000000008006c84        0x0
 .vfp11_veneer  0x0000000008006c84        0x0 linker stubs

.v4_bx          0x0000000008006c84        0x0
 .v4_bx         0x0000000008006c84        0x0 linker stubs

.iplt           0x0000000008006c84        0x0
 .iplt          0x0000000008006c84        0x0 D:/STM32CUBEIDE/STM32CubeIDE_1.14.0/STM32CubeIDE/plugins/com.st.stm32cube.ide.mcu.externaltools.gnu-tools-for-stm32.11.3.rel1.win32_1.1.100.202309141235/tools/bin/../lib/gcc/arm-none-eabi/11.3.1/thumb/v7e-m+fp/hard/crtbegin.o

.rodata         0x0000000008006c84      0x85c
                0x0000000008006c84                . = ALIGN (0x4)
 *(.rodata)
 .rodata        0x0000000008006c84        0x7 ./Core/Src/main.o
 *(.rodata*)
 *fill*         0x0000000008006c8b        0x1 
 .rodata.F6x8   0x0000000008006c8c      0x228 ./Core/Src/oled.o
                0x0000000008006c8c                F6x8
 .rodata.F8X16  0x0000000008006eb4      0x5e0 ./Core/Src/oled.o
                0x0000000008006eb4                F8X16
 .rodata.AHBPrescTable
                0x0000000008007494       0x10 ./Core/Src/system_stm32f4xx.o
                0x0000000008007494                AHBPrescTable
 .rodata.APBPrescTable
                0x00000000080074a4        0x8 ./Core/Src/system_stm32f4xx.o
                0x00000000080074a4                APBPrescTable
 .rodata._vfprintf_r.str1.1
                0x00000000080074ac       0x11 D:/STM32CUBEIDE/STM32CubeIDE_1.14.0/STM32CubeIDE/plugins/com.st.stm32cube.ide.mcu.externaltools.gnu-tools-for-stm32.11.3.rel1.win32_1.1.100.202309141235/tools/bin/../lib/gcc/arm-none-eabi/11.3.1/../../../../arm-none-eabi/lib/thumb/v7e-m+fp/hard\libc_nano.a(libc_a-nano-vfprintf.o)
 .rodata._printf_i.str1.1
                0x00000000080074bd       0x22 D:/STM32CUBEIDE/STM32CubeIDE_1.14.0/STM32CubeIDE/plugins/com.st.stm32cube.ide.mcu.externaltools.gnu-tools-for-stm32.11.3.rel1.win32_1.1.100.202309141235/tools/bin/../lib/gcc/arm-none-eabi/11.3.1/../../../../arm-none-eabi/lib/thumb/v7e-m+fp/hard\libc_nano.a(libc_a-nano-vfprintf_i.o)
                0x00000000080074e0                . = ALIGN (0x4)
 *fill*         0x00000000080074df        0x1 

.ARM.extab      0x00000000080074e0        0x0
                0x00000000080074e0                . = ALIGN (0x4)
 *(.ARM.extab* .gnu.linkonce.armextab.*)
                0x00000000080074e0                . = ALIGN (0x4)

.ARM            0x00000000080074e0        0x8
                0x00000000080074e0                . = ALIGN (0x4)
                0x00000000080074e0                __exidx_start = .
 *(.ARM.exidx*)
 .ARM.exidx     0x00000000080074e0        0x8 D:/STM32CUBEIDE/STM32CubeIDE_1.14.0/STM32CubeIDE/plugins/com.st.stm32cube.ide.mcu.externaltools.gnu-tools-for-stm32.11.3.rel1.win32_1.1.100.202309141235/tools/bin/../lib/gcc/arm-none-eabi/11.3.1/thumb/v7e-m+fp/hard\libgcc.a(_udivmoddi4.o)
                0x00000000080074e8                __exidx_end = .
                0x00000000080074e8                . = ALIGN (0x4)

.rel.dyn        0x00000000080074e8        0x0
 .rel.iplt      0x00000000080074e8        0x0 D:/STM32CUBEIDE/STM32CubeIDE_1.14.0/STM32CubeIDE/plugins/com.st.stm32cube.ide.mcu.externaltools.gnu-tools-for-stm32.11.3.rel1.win32_1.1.100.202309141235/tools/bin/../lib/gcc/arm-none-eabi/11.3.1/thumb/v7e-m+fp/hard/crtbegin.o

.preinit_array  0x00000000080074e8        0x0
                0x00000000080074e8                . = ALIGN (0x4)
                0x00000000080074e8                PROVIDE (__preinit_array_start = .)
 *(.preinit_array*)
                0x00000000080074e8                PROVIDE (__preinit_array_end = .)
                0x00000000080074e8                . = ALIGN (0x4)

.init_array     0x00000000080074e8        0x4
                0x00000000080074e8                . = ALIGN (0x4)
                0x00000000080074e8                PROVIDE (__init_array_start = .)
 *(SORT_BY_NAME(.init_array.*))
 *(.init_array*)
 .init_array    0x00000000080074e8        0x4 D:/STM32CUBEIDE/STM32CubeIDE_1.14.0/STM32CubeIDE/plugins/com.st.stm32cube.ide.mcu.externaltools.gnu-tools-for-stm32.11.3.rel1.win32_1.1.100.202309141235/tools/bin/../lib/gcc/arm-none-eabi/11.3.1/thumb/v7e-m+fp/hard/crtbegin.o
                0x00000000080074ec                PROVIDE (__init_array_end = .)
                0x00000000080074ec                . = ALIGN (0x4)

.fini_array     0x00000000080074ec        0x4
                0x00000000080074ec                . = ALIGN (0x4)
                [!provide]                        PROVIDE (__fini_array_start = .)
 *(SORT_BY_NAME(.fini_array.*))
 *(.fini_array*)
 .fini_array    0x00000000080074ec        0x4 D:/STM32CUBEIDE/STM32CubeIDE_1.14.0/STM32CubeIDE/plugins/com.st.stm32cube.ide.mcu.externaltools.gnu-tools-for-stm32.11.3.rel1.win32_1.1.100.202309141235/tools/bin/../lib/gcc/arm-none-eabi/11.3.1/thumb/v7e-m+fp/hard/crtbegin.o
                [!provide]                        PROVIDE (__fini_array_end = .)
                0x00000000080074f0                . = ALIGN (0x4)
                0x00000000080074f0                _sidata = LOADADDR (.data)

.data           0x0000000020000000       0xa4 load address 0x00000000080074f0
                0x0000000020000000                . = ALIGN (0x4)
                0x0000000020000000                _sdata = .
 *(.data)
 *(.data*)
 .data.my_pid1  0x0000000020000000       0x20 ./Core/Src/main.o
                0x0000000020000000                my_pid1
 .data.CMD_Data
                0x0000000020000020       0x1b ./Core/Src/oled.o
                0x0000000020000020                CMD_Data
 *fill*         0x000000002000003b        0x1 
 .data.SystemCoreClock
                0x000000002000003c        0x4 ./Core/Src/system_stm32f4xx.o
                0x000000002000003c                SystemCoreClock
 .data.uwTickPrio
                0x0000000020000040        0x4 ./Drivers/STM32F4xx_HAL_Driver/Src/stm32f4xx_hal.o
                0x0000000020000040                uwTickPrio
 .data.uwTickFreq
                0x0000000020000044        0x1 ./Drivers/STM32F4xx_HAL_Driver/Src/stm32f4xx_hal.o
                0x0000000020000044                uwTickFreq
 *fill*         0x0000000020000045        0x3 
 .data.__sglue  0x0000000020000048        0xc D:/STM32CUBEIDE/STM32CubeIDE_1.14.0/STM32CubeIDE/plugins/com.st.stm32cube.ide.mcu.externaltools.gnu-tools-for-stm32.11.3.rel1.win32_1.1.100.202309141235/tools/bin/../lib/gcc/arm-none-eabi/11.3.1/../../../../arm-none-eabi/lib/thumb/v7e-m+fp/hard\libc_nano.a(libc_a-findfp.o)
                0x0000000020000048                __sglue
 .data._impure_data
                0x0000000020000054       0x4c D:/STM32CUBEIDE/STM32CubeIDE_1.14.0/STM32CubeIDE/plugins/com.st.stm32cube.ide.mcu.externaltools.gnu-tools-for-stm32.11.3.rel1.win32_1.1.100.202309141235/tools/bin/../lib/gcc/arm-none-eabi/11.3.1/../../../../arm-none-eabi/lib/thumb/v7e-m+fp/hard\libc_nano.a(libc_a-impure.o)
                0x0000000020000054                _impure_data
 .data._impure_ptr
                0x00000000200000a0        0x4 D:/STM32CUBEIDE/STM32CubeIDE_1.14.0/STM32CubeIDE/plugins/com.st.stm32cube.ide.mcu.externaltools.gnu-tools-for-stm32.11.3.rel1.win32_1.1.100.202309141235/tools/bin/../lib/gcc/arm-none-eabi/11.3.1/../../../../arm-none-eabi/lib/thumb/v7e-m+fp/hard\libc_nano.a(libc_a-impure.o)
                0x00000000200000a0                _impure_ptr
 *(.RamFunc)
 *(.RamFunc*)
                0x00000000200000a4                . = ALIGN (0x4)
                0x00000000200000a4                _edata = .
                0x0000000008007594                _siccmram = LOADADDR (.ccmram)

.igot.plt       0x00000000200000a4        0x0 load address 0x0000000008007594
 .igot.plt      0x00000000200000a4        0x0 D:/STM32CUBEIDE/STM32CubeIDE_1.14.0/STM32CubeIDE/plugins/com.st.stm32cube.ide.mcu.externaltools.gnu-tools-for-stm32.11.3.rel1.win32_1.1.100.202309141235/tools/bin/../lib/gcc/arm-none-eabi/11.3.1/thumb/v7e-m+fp/hard/crtbegin.o

.ccmram         0x0000000010000000        0x0 load address 0x0000000008007594
                0x0000000010000000                . = ALIGN (0x4)
                0x0000000010000000                _sccmram = .
 *(.ccmram)
 *(.ccmram*)
                0x0000000010000000                . = ALIGN (0x4)
                0x0000000010000000                _eccmram = .
                0x0000000010000000                . = ALIGN (0x4)

.bss            0x00000000200000a4      0x3d4
                0x00000000200000a4                _sbss = .
                0x00000000200000a4                __bss_start__ = _sbss
 *(.bss)
 .bss           0x00000000200000a4       0x1c D:/STM32CUBEIDE/STM32CubeIDE_1.14.0/STM32CubeIDE/plugins/com.st.stm32cube.ide.mcu.externaltools.gnu-tools-for-stm32.11.3.rel1.win32_1.1.100.202309141235/tools/bin/../lib/gcc/arm-none-eabi/11.3.1/thumb/v7e-m+fp/hard/crtbegin.o
 *(.bss*)
 .bss.hi2c1     0x00000000200000c0       0x54 ./Core/Src/i2c.o
                0x00000000200000c0                hi2c1
 .bss.actual_1  0x0000000020000114        0x2 ./Core/Src/main.o
                0x0000000020000114                actual_1
 *fill*         0x0000000020000116        0x2 
 .bss.Last_Count
                0x0000000020000118        0x4 ./Core/Src/main.o
                0x0000000020000118                Last_Count
 .bss.Current_Count
                0x000000002000011c        0x4 ./Core/Src/main.o
                0x000000002000011c                Current_Count
 .bss.Carvelocity
                0x0000000020000120        0x4 ./Core/Src/main.o
                0x0000000020000120                Carvelocity
 .bss.Velocity_output
                0x0000000020000124        0x4 ./Core/Src/main.o
                0x0000000020000124                Velocity_output
 .bss.Encoder_Overflow_Count.0
                0x0000000020000128        0x4 ./Core/Src/main.o
 .bss.__sbrk_heap_end
                0x000000002000012c        0x4 ./Core/Src/sysmem.o
 .bss.htim1     0x0000000020000130       0x48 ./Core/Src/tim.o
                0x0000000020000130                htim1
 .bss.htim2     0x0000000020000178       0x48 ./Core/Src/tim.o
                0x0000000020000178                htim2
 .bss.htim3     0x00000000200001c0       0x48 ./Core/Src/tim.o
                0x00000000200001c0                htim3
 .bss.htim4     0x0000000020000208       0x48 ./Core/Src/tim.o
                0x0000000020000208                htim4
 .bss.huart2    0x0000000020000250       0x48 ./Core/Src/usart.o
                0x0000000020000250                huart2
 .bss.huart3    0x0000000020000298       0x48 ./Core/Src/usart.o
                0x0000000020000298                huart3
 .bss.huart6    0x00000000200002e0       0x48 ./Core/Src/usart.o
                0x00000000200002e0                huart6
 .bss.uwTick    0x0000000020000328        0x4 ./Drivers/STM32F4xx_HAL_Driver/Src/stm32f4xx_hal.o
                0x0000000020000328                uwTick
 .bss.__sf      0x000000002000032c      0x138 D:/STM32CUBEIDE/STM32CubeIDE_1.14.0/STM32CubeIDE/plugins/com.st.stm32cube.ide.mcu.externaltools.gnu-tools-for-stm32.11.3.rel1.win32_1.1.100.202309141235/tools/bin/../lib/gcc/arm-none-eabi/11.3.1/../../../../arm-none-eabi/lib/thumb/v7e-m+fp/hard\libc_nano.a(libc_a-findfp.o)
                0x000000002000032c                __sf
 .bss.__stdio_exit_handler
                0x0000000020000464        0x4 D:/STM32CUBEIDE/STM32CubeIDE_1.14.0/STM32CubeIDE/plugins/com.st.stm32cube.ide.mcu.externaltools.gnu-tools-for-stm32.11.3.rel1.win32_1.1.100.202309141235/tools/bin/../lib/gcc/arm-none-eabi/11.3.1/../../../../arm-none-eabi/lib/thumb/v7e-m+fp/hard\libc_nano.a(libc_a-findfp.o)
                0x0000000020000464                __stdio_exit_handler
 .bss.errno     0x0000000020000468        0x4 D:/STM32CUBEIDE/STM32CubeIDE_1.14.0/STM32CubeIDE/plugins/com.st.stm32cube.ide.mcu.externaltools.gnu-tools-for-stm32.11.3.rel1.win32_1.1.100.202309141235/tools/bin/../lib/gcc/arm-none-eabi/11.3.1/../../../../arm-none-eabi/lib/thumb/v7e-m+fp/hard\libc_nano.a(libc_a-reent.o)
                0x0000000020000468                errno
 .bss.__lock___malloc_recursive_mutex
                0x000000002000046c        0x1 D:/STM32CUBEIDE/STM32CubeIDE_1.14.0/STM32CubeIDE/plugins/com.st.stm32cube.ide.mcu.externaltools.gnu-tools-for-stm32.11.3.rel1.win32_1.1.100.202309141235/tools/bin/../lib/gcc/arm-none-eabi/11.3.1/../../../../arm-none-eabi/lib/thumb/v7e-m+fp/hard\libc_nano.a(libc_a-lock.o)
                0x000000002000046c                __lock___malloc_recursive_mutex
 .bss.__lock___sfp_recursive_mutex
                0x000000002000046d        0x1 D:/STM32CUBEIDE/STM32CubeIDE_1.14.0/STM32CubeIDE/plugins/com.st.stm32cube.ide.mcu.externaltools.gnu-tools-for-stm32.11.3.rel1.win32_1.1.100.202309141235/tools/bin/../lib/gcc/arm-none-eabi/11.3.1/../../../../arm-none-eabi/lib/thumb/v7e-m+fp/hard\libc_nano.a(libc_a-lock.o)
                0x000000002000046d                __lock___sfp_recursive_mutex
 *fill*         0x000000002000046e        0x2 
 .bss.__malloc_free_list
                0x0000000020000470        0x4 D:/STM32CUBEIDE/STM32CubeIDE_1.14.0/STM32CubeIDE/plugins/com.st.stm32cube.ide.mcu.externaltools.gnu-tools-for-stm32.11.3.rel1.win32_1.1.100.202309141235/tools/bin/../lib/gcc/arm-none-eabi/11.3.1/../../../../arm-none-eabi/lib/thumb/v7e-m+fp/hard\libc_nano.a(libc_a-mallocr.o)
                0x0000000020000470                __malloc_free_list
 .bss.__malloc_sbrk_start
                0x0000000020000474        0x4 D:/STM32CUBEIDE/STM32CubeIDE_1.14.0/STM32CubeIDE/plugins/com.st.stm32cube.ide.mcu.externaltools.gnu-tools-for-stm32.11.3.rel1.win32_1.1.100.202309141235/tools/bin/../lib/gcc/arm-none-eabi/11.3.1/../../../../arm-none-eabi/lib/thumb/v7e-m+fp/hard\libc_nano.a(libc_a-mallocr.o)
                0x0000000020000474                __malloc_sbrk_start
 *(COMMON)
                0x0000000020000478                . = ALIGN (0x4)
                0x0000000020000478                _ebss = .
                0x0000000020000478                __bss_end__ = _ebss

._user_heap_stack
                0x0000000020000478      0x600
                0x0000000020000478                . = ALIGN (0x8)
                [!provide]                        PROVIDE (end = .)
                0x0000000020000478                PROVIDE (_end = .)
                0x0000000020000678                . = (. + _Min_Heap_Size)
 *fill*         0x0000000020000478      0x200 
                0x0000000020000a78                . = (. + _Min_Stack_Size)
 *fill*         0x0000000020000678      0x400 
                0x0000000020000a78                . = ALIGN (0x8)

/DISCARD/
 libc.a(*)
 libm.a(*)
 libgcc.a(*)

.ARM.attributes
                0x0000000000000000       0x30
 *(.ARM.attributes)
 .ARM.attributes
                0x0000000000000000       0x1e D:/STM32CUBEIDE/STM32CubeIDE_1.14.0/STM32CubeIDE/plugins/com.st.stm32cube.ide.mcu.externaltools.gnu-tools-for-stm32.11.3.rel1.win32_1.1.100.202309141235/tools/bin/../lib/gcc/arm-none-eabi/11.3.1/thumb/v7e-m+fp/hard/crti.o
 .ARM.attributes
                0x000000000000001e       0x34 D:/STM32CUBEIDE/STM32CubeIDE_1.14.0/STM32CubeIDE/plugins/com.st.stm32cube.ide.mcu.externaltools.gnu-tools-for-stm32.11.3.rel1.win32_1.1.100.202309141235/tools/bin/../lib/gcc/arm-none-eabi/11.3.1/thumb/v7e-m+fp/hard/crtbegin.o
 .ARM.attributes
                0x0000000000000052       0x34 ./Core/Src/gpio.o
 .ARM.attributes
                0x0000000000000086       0x34 ./Core/Src/i2c.o
 .ARM.attributes
                0x00000000000000ba       0x34 ./Core/Src/main.o
 .ARM.attributes
                0x00000000000000ee       0x34 ./Core/Src/oled.o
 .ARM.attributes
                0x0000000000000122       0x34 ./Core/Src/pid.o
 .ARM.attributes
                0x0000000000000156       0x34 ./Core/Src/stm32f4xx_hal_msp.o
 .ARM.attributes
                0x000000000000018a       0x34 ./Core/Src/stm32f4xx_it.o
 .ARM.attributes
                0x00000000000001be       0x34 ./Core/Src/syscalls.o
 .ARM.attributes
                0x00000000000001f2       0x34 ./Core/Src/sysmem.o
 .ARM.attributes
                0x0000000000000226       0x34 ./Core/Src/system_stm32f4xx.o
 .ARM.attributes
                0x000000000000025a       0x34 ./Core/Src/tim.o
 .ARM.attributes
                0x000000000000028e       0x34 ./Core/Src/usart.o
 .ARM.attributes
                0x00000000000002c2       0x21 ./Core/Startup/startup_stm32f407vetx.o
 .ARM.attributes
                0x00000000000002e3       0x34 ./Drivers/STM32F4xx_HAL_Driver/Src/stm32f4xx_hal.o
 .ARM.attributes
                0x0000000000000317       0x34 ./Drivers/STM32F4xx_HAL_Driver/Src/stm32f4xx_hal_cortex.o
 .ARM.attributes
                0x000000000000034b       0x34 ./Drivers/STM32F4xx_HAL_Driver/Src/stm32f4xx_hal_dma.o
 .ARM.attributes
                0x000000000000037f       0x34 ./Drivers/STM32F4xx_HAL_Driver/Src/stm32f4xx_hal_gpio.o
 .ARM.attributes
                0x00000000000003b3       0x34 ./Drivers/STM32F4xx_HAL_Driver/Src/stm32f4xx_hal_i2c.o
 .ARM.attributes
                0x00000000000003e7       0x34 ./Drivers/STM32F4xx_HAL_Driver/Src/stm32f4xx_hal_rcc.o
 .ARM.attributes
                0x000000000000041b       0x34 ./Drivers/STM32F4xx_HAL_Driver/Src/stm32f4xx_hal_tim.o
 .ARM.attributes
                0x000000000000044f       0x34 ./Drivers/STM32F4xx_HAL_Driver/Src/stm32f4xx_hal_tim_ex.o
 .ARM.attributes
                0x0000000000000483       0x34 ./Drivers/STM32F4xx_HAL_Driver/Src/stm32f4xx_hal_uart.o
 .ARM.attributes
                0x00000000000004b7       0x34 D:/STM32CUBEIDE/STM32CubeIDE_1.14.0/STM32CubeIDE/plugins/com.st.stm32cube.ide.mcu.externaltools.gnu-tools-for-stm32.11.3.rel1.win32_1.1.100.202309141235/tools/bin/../lib/gcc/arm-none-eabi/11.3.1/../../../../arm-none-eabi/lib/thumb/v7e-m+fp/hard\libc_nano.a(libc_a-findfp.o)
 .ARM.attributes
                0x00000000000004eb       0x34 D:/STM32CUBEIDE/STM32CubeIDE_1.14.0/STM32CubeIDE/plugins/com.st.stm32cube.ide.mcu.externaltools.gnu-tools-for-stm32.11.3.rel1.win32_1.1.100.202309141235/tools/bin/../lib/gcc/arm-none-eabi/11.3.1/../../../../arm-none-eabi/lib/thumb/v7e-m+fp/hard\libc_nano.a(libc_a-fwalk.o)
 .ARM.attributes
                0x000000000000051f       0x34 D:/STM32CUBEIDE/STM32CubeIDE_1.14.0/STM32CubeIDE/plugins/com.st.stm32cube.ide.mcu.externaltools.gnu-tools-for-stm32.11.3.rel1.win32_1.1.100.202309141235/tools/bin/../lib/gcc/arm-none-eabi/11.3.1/../../../../arm-none-eabi/lib/thumb/v7e-m+fp/hard\libc_nano.a(libc_a-printf.o)
 .ARM.attributes
                0x0000000000000553       0x34 D:/STM32CUBEIDE/STM32CubeIDE_1.14.0/STM32CubeIDE/plugins/com.st.stm32cube.ide.mcu.externaltools.gnu-tools-for-stm32.11.3.rel1.win32_1.1.100.202309141235/tools/bin/../lib/gcc/arm-none-eabi/11.3.1/../../../../arm-none-eabi/lib/thumb/v7e-m+fp/hard\libc_nano.a(libc_a-stdio.o)
 .ARM.attributes
                0x0000000000000587       0x34 D:/STM32CUBEIDE/STM32CubeIDE_1.14.0/STM32CubeIDE/plugins/com.st.stm32cube.ide.mcu.externaltools.gnu-tools-for-stm32.11.3.rel1.win32_1.1.100.202309141235/tools/bin/../lib/gcc/arm-none-eabi/11.3.1/../../../../arm-none-eabi/lib/thumb/v7e-m+fp/hard\libc_nano.a(libc_a-memset.o)
 .ARM.attributes
                0x00000000000005bb       0x34 D:/STM32CUBEIDE/STM32CubeIDE_1.14.0/STM32CubeIDE/plugins/com.st.stm32cube.ide.mcu.externaltools.gnu-tools-for-stm32.11.3.rel1.win32_1.1.100.202309141235/tools/bin/../lib/gcc/arm-none-eabi/11.3.1/../../../../arm-none-eabi/lib/thumb/v7e-m+fp/hard\libc_nano.a(libc_a-closer.o)
 .ARM.attributes
                0x00000000000005ef       0x34 D:/STM32CUBEIDE/STM32CubeIDE_1.14.0/STM32CubeIDE/plugins/com.st.stm32cube.ide.mcu.externaltools.gnu-tools-for-stm32.11.3.rel1.win32_1.1.100.202309141235/tools/bin/../lib/gcc/arm-none-eabi/11.3.1/../../../../arm-none-eabi/lib/thumb/v7e-m+fp/hard\libc_nano.a(libc_a-reent.o)
 .ARM.attributes
                0x0000000000000623       0x34 D:/STM32CUBEIDE/STM32CubeIDE_1.14.0/STM32CubeIDE/plugins/com.st.stm32cube.ide.mcu.externaltools.gnu-tools-for-stm32.11.3.rel1.win32_1.1.100.202309141235/tools/bin/../lib/gcc/arm-none-eabi/11.3.1/../../../../arm-none-eabi/lib/thumb/v7e-m+fp/hard\libc_nano.a(libc_a-impure.o)
 .ARM.attributes
                0x0000000000000657       0x34 D:/STM32CUBEIDE/STM32CubeIDE_1.14.0/STM32CubeIDE/plugins/com.st.stm32cube.ide.mcu.externaltools.gnu-tools-for-stm32.11.3.rel1.win32_1.1.100.202309141235/tools/bin/../lib/gcc/arm-none-eabi/11.3.1/../../../../arm-none-eabi/lib/thumb/v7e-m+fp/hard\libc_nano.a(libc_a-lseekr.o)
 .ARM.attributes
                0x000000000000068b       0x34 D:/STM32CUBEIDE/STM32CubeIDE_1.14.0/STM32CubeIDE/plugins/com.st.stm32cube.ide.mcu.externaltools.gnu-tools-for-stm32.11.3.rel1.win32_1.1.100.202309141235/tools/bin/../lib/gcc/arm-none-eabi/11.3.1/../../../../arm-none-eabi/lib/thumb/v7e-m+fp/hard\libc_nano.a(libc_a-readr.o)
 .ARM.attributes
                0x00000000000006bf       0x34 D:/STM32CUBEIDE/STM32CubeIDE_1.14.0/STM32CubeIDE/plugins/com.st.stm32cube.ide.mcu.externaltools.gnu-tools-for-stm32.11.3.rel1.win32_1.1.100.202309141235/tools/bin/../lib/gcc/arm-none-eabi/11.3.1/../../../../arm-none-eabi/lib/thumb/v7e-m+fp/hard\libc_nano.a(libc_a-writer.o)
 .ARM.attributes
                0x00000000000006f3       0x34 D:/STM32CUBEIDE/STM32CubeIDE_1.14.0/STM32CubeIDE/plugins/com.st.stm32cube.ide.mcu.externaltools.gnu-tools-for-stm32.11.3.rel1.win32_1.1.100.202309141235/tools/bin/../lib/gcc/arm-none-eabi/11.3.1/../../../../arm-none-eabi/lib/thumb/v7e-m+fp/hard\libc_nano.a(libc_a-errno.o)
 .ARM.attributes
                0x0000000000000727       0x34 D:/STM32CUBEIDE/STM32CubeIDE_1.14.0/STM32CubeIDE/plugins/com.st.stm32cube.ide.mcu.externaltools.gnu-tools-for-stm32.11.3.rel1.win32_1.1.100.202309141235/tools/bin/../lib/gcc/arm-none-eabi/11.3.1/../../../../arm-none-eabi/lib/thumb/v7e-m+fp/hard\libc_nano.a(libc_a-init.o)
 .ARM.attributes
                0x000000000000075b       0x34 D:/STM32CUBEIDE/STM32CubeIDE_1.14.0/STM32CubeIDE/plugins/com.st.stm32cube.ide.mcu.externaltools.gnu-tools-for-stm32.11.3.rel1.win32_1.1.100.202309141235/tools/bin/../lib/gcc/arm-none-eabi/11.3.1/../../../../arm-none-eabi/lib/thumb/v7e-m+fp/hard\libc_nano.a(libc_a-lock.o)
 .ARM.attributes
                0x000000000000078f       0x34 D:/STM32CUBEIDE/STM32CubeIDE_1.14.0/STM32CubeIDE/plugins/com.st.stm32cube.ide.mcu.externaltools.gnu-tools-for-stm32.11.3.rel1.win32_1.1.100.202309141235/tools/bin/../lib/gcc/arm-none-eabi/11.3.1/../../../../arm-none-eabi/lib/thumb/v7e-m+fp/hard\libc_nano.a(libc_a-freer.o)
 .ARM.attributes
                0x00000000000007c3       0x34 D:/STM32CUBEIDE/STM32CubeIDE_1.14.0/STM32CubeIDE/plugins/com.st.stm32cube.ide.mcu.externaltools.gnu-tools-for-stm32.11.3.rel1.win32_1.1.100.202309141235/tools/bin/../lib/gcc/arm-none-eabi/11.3.1/../../../../arm-none-eabi/lib/thumb/v7e-m+fp/hard\libc_nano.a(libc_a-mallocr.o)
 .ARM.attributes
                0x00000000000007f7       0x34 D:/STM32CUBEIDE/STM32CubeIDE_1.14.0/STM32CubeIDE/plugins/com.st.stm32cube.ide.mcu.externaltools.gnu-tools-for-stm32.11.3.rel1.win32_1.1.100.202309141235/tools/bin/../lib/gcc/arm-none-eabi/11.3.1/../../../../arm-none-eabi/lib/thumb/v7e-m+fp/hard\libc_nano.a(libc_a-mlock.o)
 .ARM.attributes
                0x000000000000082b       0x34 D:/STM32CUBEIDE/STM32CubeIDE_1.14.0/STM32CubeIDE/plugins/com.st.stm32cube.ide.mcu.externaltools.gnu-tools-for-stm32.11.3.rel1.win32_1.1.100.202309141235/tools/bin/../lib/gcc/arm-none-eabi/11.3.1/../../../../arm-none-eabi/lib/thumb/v7e-m+fp/hard\libc_nano.a(libc_a-nano-vfprintf.o)
 .ARM.attributes
                0x000000000000085f       0x34 D:/STM32CUBEIDE/STM32CubeIDE_1.14.0/STM32CubeIDE/plugins/com.st.stm32cube.ide.mcu.externaltools.gnu-tools-for-stm32.11.3.rel1.win32_1.1.100.202309141235/tools/bin/../lib/gcc/arm-none-eabi/11.3.1/../../../../arm-none-eabi/lib/thumb/v7e-m+fp/hard\libc_nano.a(libc_a-nano-vfprintf_i.o)
 .ARM.attributes
                0x0000000000000893       0x34 D:/STM32CUBEIDE/STM32CubeIDE_1.14.0/STM32CubeIDE/plugins/com.st.stm32cube.ide.mcu.externaltools.gnu-tools-for-stm32.11.3.rel1.win32_1.1.100.202309141235/tools/bin/../lib/gcc/arm-none-eabi/11.3.1/../../../../arm-none-eabi/lib/thumb/v7e-m+fp/hard\libc_nano.a(libc_a-fflush.o)
 .ARM.attributes
                0x00000000000008c7       0x34 D:/STM32CUBEIDE/STM32CubeIDE_1.14.0/STM32CubeIDE/plugins/com.st.stm32cube.ide.mcu.externaltools.gnu-tools-for-stm32.11.3.rel1.win32_1.1.100.202309141235/tools/bin/../lib/gcc/arm-none-eabi/11.3.1/../../../../arm-none-eabi/lib/thumb/v7e-m+fp/hard\libc_nano.a(libc_a-wbuf.o)
 .ARM.attributes
                0x00000000000008fb       0x34 D:/STM32CUBEIDE/STM32CubeIDE_1.14.0/STM32CubeIDE/plugins/com.st.stm32cube.ide.mcu.externaltools.gnu-tools-for-stm32.11.3.rel1.win32_1.1.100.202309141235/tools/bin/../lib/gcc/arm-none-eabi/11.3.1/../../../../arm-none-eabi/lib/thumb/v7e-m+fp/hard\libc_nano.a(libc_a-wsetup.o)
 .ARM.attributes
                0x000000000000092f       0x34 D:/STM32CUBEIDE/STM32CubeIDE_1.14.0/STM32CubeIDE/plugins/com.st.stm32cube.ide.mcu.externaltools.gnu-tools-for-stm32.11.3.rel1.win32_1.1.100.202309141235/tools/bin/../lib/gcc/arm-none-eabi/11.3.1/../../../../arm-none-eabi/lib/thumb/v7e-m+fp/hard\libc_nano.a(libc_a-sbrkr.o)
 .ARM.attributes
                0x0000000000000963       0x1c D:/STM32CUBEIDE/STM32CubeIDE_1.14.0/STM32CubeIDE/plugins/com.st.stm32cube.ide.mcu.externaltools.gnu-tools-for-stm32.11.3.rel1.win32_1.1.100.202309141235/tools/bin/../lib/gcc/arm-none-eabi/11.3.1/../../../../arm-none-eabi/lib/thumb/v7e-m+fp/hard\libc_nano.a(libc_a-memchr.o)
 .ARM.attributes
                0x000000000000097f       0x34 D:/STM32CUBEIDE/STM32CubeIDE_1.14.0/STM32CubeIDE/plugins/com.st.stm32cube.ide.mcu.externaltools.gnu-tools-for-stm32.11.3.rel1.win32_1.1.100.202309141235/tools/bin/../lib/gcc/arm-none-eabi/11.3.1/../../../../arm-none-eabi/lib/thumb/v7e-m+fp/hard\libc_nano.a(libc_a-makebuf.o)
 .ARM.attributes
                0x00000000000009b3       0x34 D:/STM32CUBEIDE/STM32CubeIDE_1.14.0/STM32CubeIDE/plugins/com.st.stm32cube.ide.mcu.externaltools.gnu-tools-for-stm32.11.3.rel1.win32_1.1.100.202309141235/tools/bin/../lib/gcc/arm-none-eabi/11.3.1/../../../../arm-none-eabi/lib/thumb/v7e-m+fp/hard\libc_nano.a(libc_a-fstatr.o)
 .ARM.attributes
                0x00000000000009e7       0x34 D:/STM32CUBEIDE/STM32CubeIDE_1.14.0/STM32CubeIDE/plugins/com.st.stm32cube.ide.mcu.externaltools.gnu-tools-for-stm32.11.3.rel1.win32_1.1.100.202309141235/tools/bin/../lib/gcc/arm-none-eabi/11.3.1/../../../../arm-none-eabi/lib/thumb/v7e-m+fp/hard\libc_nano.a(libc_a-isattyr.o)
 .ARM.attributes
                0x0000000000000a1b       0x1e D:/STM32CUBEIDE/STM32CubeIDE_1.14.0/STM32CubeIDE/plugins/com.st.stm32cube.ide.mcu.externaltools.gnu-tools-for-stm32.11.3.rel1.win32_1.1.100.202309141235/tools/bin/../lib/gcc/arm-none-eabi/11.3.1/thumb/v7e-m+fp/hard\libgcc.a(_arm_addsubdf3.o)
 .ARM.attributes
                0x0000000000000a39       0x1e D:/STM32CUBEIDE/STM32CubeIDE_1.14.0/STM32CubeIDE/plugins/com.st.stm32cube.ide.mcu.externaltools.gnu-tools-for-stm32.11.3.rel1.win32_1.1.100.202309141235/tools/bin/../lib/gcc/arm-none-eabi/11.3.1/thumb/v7e-m+fp/hard\libgcc.a(_arm_muldivdf3.o)
 .ARM.attributes
                0x0000000000000a57       0x1e D:/STM32CUBEIDE/STM32CubeIDE_1.14.0/STM32CubeIDE/plugins/com.st.stm32cube.ide.mcu.externaltools.gnu-tools-for-stm32.11.3.rel1.win32_1.1.100.202309141235/tools/bin/../lib/gcc/arm-none-eabi/11.3.1/thumb/v7e-m+fp/hard\libgcc.a(_arm_truncdfsf2.o)
 .ARM.attributes
                0x0000000000000a75       0x1e D:/STM32CUBEIDE/STM32CubeIDE_1.14.0/STM32CubeIDE/plugins/com.st.stm32cube.ide.mcu.externaltools.gnu-tools-for-stm32.11.3.rel1.win32_1.1.100.202309141235/tools/bin/../lib/gcc/arm-none-eabi/11.3.1/thumb/v7e-m+fp/hard\libgcc.a(_aeabi_uldivmod.o)
 .ARM.attributes
                0x0000000000000a93       0x34 D:/STM32CUBEIDE/STM32CubeIDE_1.14.0/STM32CubeIDE/plugins/com.st.stm32cube.ide.mcu.externaltools.gnu-tools-for-stm32.11.3.rel1.win32_1.1.100.202309141235/tools/bin/../lib/gcc/arm-none-eabi/11.3.1/thumb/v7e-m+fp/hard\libgcc.a(_udivmoddi4.o)
 .ARM.attributes
                0x0000000000000ac7       0x1e D:/STM32CUBEIDE/STM32CubeIDE_1.14.0/STM32CubeIDE/plugins/com.st.stm32cube.ide.mcu.externaltools.gnu-tools-for-stm32.11.3.rel1.win32_1.1.100.202309141235/tools/bin/../lib/gcc/arm-none-eabi/11.3.1/thumb/v7e-m+fp/hard\libgcc.a(_dvmd_tls.o)
 .ARM.attributes
                0x0000000000000ae5       0x1e D:/STM32CUBEIDE/STM32CubeIDE_1.14.0/STM32CubeIDE/plugins/com.st.stm32cube.ide.mcu.externaltools.gnu-tools-for-stm32.11.3.rel1.win32_1.1.100.202309141235/tools/bin/../lib/gcc/arm-none-eabi/11.3.1/thumb/v7e-m+fp/hard/crtn.o
OUTPUT(first_test_project.elf elf32-littlearm)
LOAD linker stubs
LOAD D:/STM32CUBEIDE/STM32CubeIDE_1.14.0/STM32CubeIDE/plugins/com.st.stm32cube.ide.mcu.externaltools.gnu-tools-for-stm32.11.3.rel1.win32_1.1.100.202309141235/tools/bin/../lib/gcc/arm-none-eabi/11.3.1/../../../../arm-none-eabi/lib/thumb/v7e-m+fp/hard\libc.a
LOAD D:/STM32CUBEIDE/STM32CubeIDE_1.14.0/STM32CubeIDE/plugins/com.st.stm32cube.ide.mcu.externaltools.gnu-tools-for-stm32.11.3.rel1.win32_1.1.100.202309141235/tools/bin/../lib/gcc/arm-none-eabi/11.3.1/../../../../arm-none-eabi/lib/thumb/v7e-m+fp/hard\libm.a
LOAD D:/STM32CUBEIDE/STM32CubeIDE_1.14.0/STM32CubeIDE/plugins/com.st.stm32cube.ide.mcu.externaltools.gnu-tools-for-stm32.11.3.rel1.win32_1.1.100.202309141235/tools/bin/../lib/gcc/arm-none-eabi/11.3.1/thumb/v7e-m+fp/hard\libgcc.a

.comment        0x0000000000000000       0x43
 .comment       0x0000000000000000       0x43 D:/STM32CUBEIDE/STM32CubeIDE_1.14.0/STM32CubeIDE/plugins/com.st.stm32cube.ide.mcu.externaltools.gnu-tools-for-stm32.11.3.rel1.win32_1.1.100.202309141235/tools/bin/../lib/gcc/arm-none-eabi/11.3.1/thumb/v7e-m+fp/hard/crtbegin.o
                                         0x44 (size before relaxing)
 .comment       0x0000000000000043       0x44 ./Core/Src/gpio.o
 .comment       0x0000000000000043       0x44 ./Core/Src/i2c.o
 .comment       0x0000000000000043       0x44 ./Core/Src/main.o
 .comment       0x0000000000000043       0x44 ./Core/Src/oled.o
 .comment       0x0000000000000043       0x44 ./Core/Src/pid.o
 .comment       0x0000000000000043       0x44 ./Core/Src/stm32f4xx_hal_msp.o
 .comment       0x0000000000000043       0x44 ./Core/Src/stm32f4xx_it.o
 .comment       0x0000000000000043       0x44 ./Core/Src/syscalls.o
 .comment       0x0000000000000043       0x44 ./Core/Src/sysmem.o
 .comment       0x0000000000000043       0x44 ./Core/Src/system_stm32f4xx.o
 .comment       0x0000000000000043       0x44 ./Core/Src/tim.o
 .comment       0x0000000000000043       0x44 ./Core/Src/usart.o
 .comment       0x0000000000000043       0x44 ./Drivers/STM32F4xx_HAL_Driver/Src/stm32f4xx_hal.o
 .comment       0x0000000000000043       0x44 ./Drivers/STM32F4xx_HAL_Driver/Src/stm32f4xx_hal_cortex.o
 .comment       0x0000000000000043       0x44 ./Drivers/STM32F4xx_HAL_Driver/Src/stm32f4xx_hal_dma.o
 .comment       0x0000000000000043       0x44 ./Drivers/STM32F4xx_HAL_Driver/Src/stm32f4xx_hal_gpio.o
 .comment       0x0000000000000043       0x44 ./Drivers/STM32F4xx_HAL_Driver/Src/stm32f4xx_hal_i2c.o
 .comment       0x0000000000000043       0x44 ./Drivers/STM32F4xx_HAL_Driver/Src/stm32f4xx_hal_rcc.o
 .comment       0x0000000000000043       0x44 ./Drivers/STM32F4xx_HAL_Driver/Src/stm32f4xx_hal_tim.o
 .comment       0x0000000000000043       0x44 ./Drivers/STM32F4xx_HAL_Driver/Src/stm32f4xx_hal_tim_ex.o
 .comment       0x0000000000000043       0x44 ./Drivers/STM32F4xx_HAL_Driver/Src/stm32f4xx_hal_uart.o

.debug_info     0x0000000000000000    0x12925
 .debug_info    0x0000000000000000      0x42c ./Core/Src/gpio.o
 .debug_info    0x000000000000042c      0x96f ./Core/Src/i2c.o
 .debug_info    0x0000000000000d9b      0xe2e ./Core/Src/main.o
 .debug_info    0x0000000000001bc9      0xa70 ./Core/Src/oled.o
 .debug_info    0x0000000000002639      0x100 ./Core/Src/pid.o
 .debug_info    0x0000000000002739      0x4de ./Core/Src/stm32f4xx_hal_msp.o
 .debug_info    0x0000000000002c17      0xa62 ./Core/Src/stm32f4xx_it.o
 .debug_info    0x0000000000003679      0x6a3 ./Core/Src/syscalls.o
 .debug_info    0x0000000000003d1c      0x168 ./Core/Src/sysmem.o
 .debug_info    0x0000000000003e84      0x512 ./Core/Src/system_stm32f4xx.o
 .debug_info    0x0000000000004396     0x10da ./Core/Src/tim.o
 .debug_info    0x0000000000005470     0x13c0 ./Core/Src/usart.o
 .debug_info    0x0000000000006830       0x23 ./Core/Startup/startup_stm32f407vetx.o
 .debug_info    0x0000000000006853      0x944 ./Drivers/STM32F4xx_HAL_Driver/Src/stm32f4xx_hal.o
 .debug_info    0x0000000000007197      0xd57 ./Drivers/STM32F4xx_HAL_Driver/Src/stm32f4xx_hal_cortex.o
 .debug_info    0x0000000000007eee      0x8e7 ./Drivers/STM32F4xx_HAL_Driver/Src/stm32f4xx_hal_dma.o
 .debug_info    0x00000000000087d5      0x6c3 ./Drivers/STM32F4xx_HAL_Driver/Src/stm32f4xx_hal_gpio.o
 .debug_info    0x0000000000008e98     0x2415 ./Drivers/STM32F4xx_HAL_Driver/Src/stm32f4xx_hal_i2c.o
 .debug_info    0x000000000000b2ad      0x8b1 ./Drivers/STM32F4xx_HAL_Driver/Src/stm32f4xx_hal_rcc.o
 .debug_info    0x000000000000bb5e     0x299d ./Drivers/STM32F4xx_HAL_Driver/Src/stm32f4xx_hal_tim.o
 .debug_info    0x000000000000e4fb     0x14db ./Drivers/STM32F4xx_HAL_Driver/Src/stm32f4xx_hal_tim_ex.o
 .debug_info    0x000000000000f9d6     0x2f4f ./Drivers/STM32F4xx_HAL_Driver/Src/stm32f4xx_hal_uart.o

.debug_abbrev   0x0000000000000000     0x2b45
 .debug_abbrev  0x0000000000000000      0x152 ./Core/Src/gpio.o
 .debug_abbrev  0x0000000000000152      0x1f1 ./Core/Src/i2c.o
 .debug_abbrev  0x0000000000000343      0x290 ./Core/Src/main.o
 .debug_abbrev  0x00000000000005d3      0x234 ./Core/Src/oled.o
 .debug_abbrev  0x0000000000000807       0xc6 ./Core/Src/pid.o
 .debug_abbrev  0x00000000000008cd      0x11b ./Core/Src/stm32f4xx_hal_msp.o
 .debug_abbrev  0x00000000000009e8      0x1d0 ./Core/Src/stm32f4xx_it.o
 .debug_abbrev  0x0000000000000bb8      0x1b6 ./Core/Src/syscalls.o
 .debug_abbrev  0x0000000000000d6e       0xbc ./Core/Src/sysmem.o
 .debug_abbrev  0x0000000000000e2a      0x11a ./Core/Src/system_stm32f4xx.o
 .debug_abbrev  0x0000000000000f44      0x26e ./Core/Src/tim.o
 .debug_abbrev  0x00000000000011b2      0x2a1 ./Core/Src/usart.o
 .debug_abbrev  0x0000000000001453       0x12 ./Core/Startup/startup_stm32f407vetx.o
 .debug_abbrev  0x0000000000001465      0x214 ./Drivers/STM32F4xx_HAL_Driver/Src/stm32f4xx_hal.o
 .debug_abbrev  0x0000000000001679      0x328 ./Drivers/STM32F4xx_HAL_Driver/Src/stm32f4xx_hal_cortex.o
 .debug_abbrev  0x00000000000019a1      0x264 ./Drivers/STM32F4xx_HAL_Driver/Src/stm32f4xx_hal_dma.o
 .debug_abbrev  0x0000000000001c05      0x1d4 ./Drivers/STM32F4xx_HAL_Driver/Src/stm32f4xx_hal_gpio.o
 .debug_abbrev  0x0000000000001dd9      0x2ad ./Drivers/STM32F4xx_HAL_Driver/Src/stm32f4xx_hal_i2c.o
 .debug_abbrev  0x0000000000002086      0x2b6 ./Drivers/STM32F4xx_HAL_Driver/Src/stm32f4xx_hal_rcc.o
 .debug_abbrev  0x000000000000233c      0x278 ./Drivers/STM32F4xx_HAL_Driver/Src/stm32f4xx_hal_tim.o
 .debug_abbrev  0x00000000000025b4      0x283 ./Drivers/STM32F4xx_HAL_Driver/Src/stm32f4xx_hal_tim_ex.o
 .debug_abbrev  0x0000000000002837      0x30e ./Drivers/STM32F4xx_HAL_Driver/Src/stm32f4xx_hal_uart.o

.debug_aranges  0x0000000000000000     0x1140
 .debug_aranges
                0x0000000000000000       0x20 ./Core/Src/gpio.o
 .debug_aranges
                0x0000000000000020       0x30 ./Core/Src/i2c.o
 .debug_aranges
                0x0000000000000050       0x38 ./Core/Src/main.o
 .debug_aranges
                0x0000000000000088       0x90 ./Core/Src/oled.o
 .debug_aranges
                0x0000000000000118       0x28 ./Core/Src/pid.o
 .debug_aranges
                0x0000000000000140       0x20 ./Core/Src/stm32f4xx_hal_msp.o
 .debug_aranges
                0x0000000000000160       0xb8 ./Core/Src/stm32f4xx_it.o
 .debug_aranges
                0x0000000000000218       0xa8 ./Core/Src/syscalls.o
 .debug_aranges
                0x00000000000002c0       0x20 ./Core/Src/sysmem.o
 .debug_aranges
                0x00000000000002e0       0x28 ./Core/Src/system_stm32f4xx.o
 .debug_aranges
                0x0000000000000308       0x60 ./Core/Src/tim.o
 .debug_aranges
                0x0000000000000368       0x48 ./Core/Src/usart.o
 .debug_aranges
                0x00000000000003b0       0x28 ./Core/Startup/startup_stm32f407vetx.o
 .debug_aranges
                0x00000000000003d8       0xf0 ./Drivers/STM32F4xx_HAL_Driver/Src/stm32f4xx_hal.o
 .debug_aranges
                0x00000000000004c8      0x120 ./Drivers/STM32F4xx_HAL_Driver/Src/stm32f4xx_hal_cortex.o
 .debug_aranges
                0x00000000000005e8       0x90 ./Drivers/STM32F4xx_HAL_Driver/Src/stm32f4xx_hal_dma.o
 .debug_aranges
                0x0000000000000678       0x58 ./Drivers/STM32F4xx_HAL_Driver/Src/stm32f4xx_hal_gpio.o
 .debug_aranges
                0x00000000000006d0      0x2a8 ./Drivers/STM32F4xx_HAL_Driver/Src/stm32f4xx_hal_i2c.o
 .debug_aranges
                0x0000000000000978       0x88 ./Drivers/STM32F4xx_HAL_Driver/Src/stm32f4xx_hal_rcc.o
 .debug_aranges
                0x0000000000000a00      0x3d0 ./Drivers/STM32F4xx_HAL_Driver/Src/stm32f4xx_hal_tim.o
 .debug_aranges
                0x0000000000000dd0      0x168 ./Drivers/STM32F4xx_HAL_Driver/Src/stm32f4xx_hal_tim_ex.o
 .debug_aranges
                0x0000000000000f38      0x208 ./Drivers/STM32F4xx_HAL_Driver/Src/stm32f4xx_hal_uart.o

.debug_rnglists
                0x0000000000000000      0xd83
 .debug_rnglists
                0x0000000000000000       0x14 ./Core/Src/gpio.o
 .debug_rnglists
                0x0000000000000014       0x20 ./Core/Src/i2c.o
 .debug_rnglists
                0x0000000000000034       0x28 ./Core/Src/main.o
 .debug_rnglists
                0x000000000000005c       0x6b ./Core/Src/oled.o
 .debug_rnglists
                0x00000000000000c7       0x1a ./Core/Src/pid.o
 .debug_rnglists
                0x00000000000000e1       0x13 ./Core/Src/stm32f4xx_hal_msp.o
 .debug_rnglists
                0x00000000000000f4       0x85 ./Core/Src/stm32f4xx_it.o
 .debug_rnglists
                0x0000000000000179       0x79 ./Core/Src/syscalls.o
 .debug_rnglists
                0x00000000000001f2       0x13 ./Core/Src/sysmem.o
 .debug_rnglists
                0x0000000000000205       0x1a ./Core/Src/system_stm32f4xx.o
 .debug_rnglists
                0x000000000000021f       0x49 ./Core/Src/tim.o
 .debug_rnglists
                0x0000000000000268       0x33 ./Core/Src/usart.o
 .debug_rnglists
                0x000000000000029b       0x19 ./Core/Startup/startup_stm32f407vetx.o
 .debug_rnglists
                0x00000000000002b4       0xaf ./Drivers/STM32F4xx_HAL_Driver/Src/stm32f4xx_hal.o