../Core/Src/oled.c:18:6:OLED_IIC_Start	8	static
../Core/Src/oled.c:29:6:OLED_IIC_Stop	8	static
../Core/Src/oled.c:36:6:OLED_IIC_Wait_Ack	8	static
../Core/Src/oled.c:45:6:Write_OLED_IIC_Byte	16	static
../Core/Src/oled.c:66:6:Write_OLED_IIC_Command	8	static
../Core/Src/oled.c:80:6:Write_OLED_IIC_Data	8	static
../Core/Src/oled.c:91:6:OLED_WR_Byte	0	static
../Core/Src/oled.c:105:6:fill_picture	16	static
../Core/Src/oled.c:121:6:Delay_50ms	0	static
../Core/Src/oled.c:128:6:Delay_1ms	0	static
../Core/Src/oled.c:139:6:OLED_Set_Pos	8	static
../Core/Src/oled.c:146:6:OLED_Display_On	8	static
../Core/Src/oled.c:153:6:OLED_Display_Off	8	static
../Core/Src/oled.c:160:6:OLED_Clear	16	static
../Core/Src/oled.c:171:6:OLED_On	16	static
../Core/Src/oled.c:187:6:OLED_ShowChar	32	static
../Core/Src/oled.c:243:5:oled_pow	0	static
../Core/Src/oled.c:255:6:OLED_ShowNum	48	static
../Core/Src/oled.c:274:6:OLED_ShowString	24	static
../Core/Src/oled.c:304:6:OLED_ShowCHinese	32	static
../Core/Src/oled.c:321:6:OLED_DrawBMP	40	static
../Core/Src/oled.c:343:6:OLED_Init	8	static
