../Core/Src/oled.c:17:6:OLED_SHowfloat	40	static
../Core/Src/oled.c:46:6:WriteCmd	32	static
../Core/Src/oled.c:55:6:OLED_WR_CMD	32	static
../Core/Src/oled.c:60:6:OLED_WR_DATA	32	static
../Core/Src/oled.c:65:6:OLED_Init	8	static
../Core/Src/oled.c:72:6:OLED_Clear	16	static
../Core/Src/oled.c:85:6:OLED_Display_On	8	static
../Core/Src/oled.c:92:6:OLED_Display_Off	8	static
../Core/Src/oled.c:98:6:OLED_Set_Pos	16	static
../Core/Src/oled.c:105:6:OLED_On	16	static
../Core/Src/oled.c:117:14:oled_pow	24	static
../Core/Src/oled.c:129:6:OLED_ShowNum	24	static
../Core/Src/oled.c:154:6:OLED_ShowChar	32	static
../Core/Src/oled.c:177:6:OLED_ShowString	24	static
../Core/Src/oled.c:189:6:OLED_ShowCHinese	24	static
