D:\STM32CUBEIDE\STM32CubeIDE_1.14.0\STM32CubeIDE\plugins\com.st.stm32cube.ide.mcu.externaltools.gnu-tools-for-stm32.11.3.rel1.win32_1.1.100.202309141235\tools\bin/../lib/gcc/arm-none-eabi/11.3.1/../../../../arm-none-eabi/include/stdio.h:224:5:fputc	16	static
../Core/Src/usart.c:53:6:MX_USART2_UART_Init	8	static
../Core/Src/usart.c:82:6:MX_USART3_UART_Init	8	static
../Core/Src/usart.c:111:6:MX_USART6_UART_Init	8	static
../Core/Src/usart.c:139:6:HAL_UART_MspInit	64	static
../Core/Src/usart.c:226:6:HAL_UART_MspDeInit	16	static
