Component: ARM Compiler 5.06 update 5 (build 528) Tool: armlink [4d35e2]

==============================================================================

Section Cross References

    startup_stm32f407xx.o(STACK) refers (Special) to heapauxi.o(.text) for __use_two_region_memory
    startup_stm32f407xx.o(HEAP) refers (Special) to heapauxi.o(.text) for __use_two_region_memory
    startup_stm32f407xx.o(RESET) refers (Special) to heapauxi.o(.text) for __use_two_region_memory
    startup_stm32f407xx.o(RESET) refers to startup_stm32f407xx.o(STACK) for __initial_sp
    startup_stm32f407xx.o(RESET) refers to startup_stm32f407xx.o(.text) for Reset_Handler
    startup_stm32f407xx.o(RESET) refers to stm32f4xx_it.o(i.NMI_Handler) for NMI_Handler
    startup_stm32f407xx.o(RESET) refers to stm32f4xx_it.o(i.HardFault_Handler) for HardFault_Handler
    startup_stm32f407xx.o(RESET) refers to stm32f4xx_it.o(i.MemManage_Handler) for MemManage_Handler
    startup_stm32f407xx.o(RESET) refers to stm32f4xx_it.o(i.BusFault_Handler) for BusFault_Handler
    startup_stm32f407xx.o(RESET) refers to stm32f4xx_it.o(i.UsageFault_Handler) for UsageFault_Handler
    startup_stm32f407xx.o(RESET) refers to stm32f4xx_it.o(i.SVC_Handler) for SVC_Handler
    startup_stm32f407xx.o(RESET) refers to stm32f4xx_it.o(i.DebugMon_Handler) for DebugMon_Handler
    startup_stm32f407xx.o(RESET) refers to stm32f4xx_it.o(i.PendSV_Handler) for PendSV_Handler
    startup_stm32f407xx.o(RESET) refers to stm32f4xx_it.o(i.SysTick_Handler) for SysTick_Handler
    startup_stm32f407xx.o(RESET) refers to stm32f4xx_it.o(i.TIM1_BRK_TIM9_IRQHandler) for TIM1_BRK_TIM9_IRQHandler
    startup_stm32f407xx.o(RESET) refers to stm32f4xx_it.o(i.TIM1_UP_TIM10_IRQHandler) for TIM1_UP_TIM10_IRQHandler
    startup_stm32f407xx.o(RESET) refers to stm32f4xx_it.o(i.TIM1_TRG_COM_TIM11_IRQHandler) for TIM1_TRG_COM_TIM11_IRQHandler
    startup_stm32f407xx.o(RESET) refers to stm32f4xx_it.o(i.TIM1_CC_IRQHandler) for TIM1_CC_IRQHandler
    startup_stm32f407xx.o(RESET) refers to stm32f4xx_it.o(i.TIM2_IRQHandler) for TIM2_IRQHandler
    startup_stm32f407xx.o(RESET) refers to stm32f4xx_it.o(i.TIM3_IRQHandler) for TIM3_IRQHandler
    startup_stm32f407xx.o(RESET) refers to stm32f4xx_it.o(i.TIM4_IRQHandler) for TIM4_IRQHandler
    startup_stm32f407xx.o(RESET) refers to stm32f4xx_it.o(i.USART2_IRQHandler) for USART2_IRQHandler
    startup_stm32f407xx.o(RESET) refers to stm32f4xx_it.o(i.USART3_IRQHandler) for USART3_IRQHandler
    startup_stm32f407xx.o(RESET) refers to stm32f4xx_it.o(i.USART6_IRQHandler) for USART6_IRQHandler
    startup_stm32f407xx.o(RESET) refers to stm32f4xx_it.o(i.FPU_IRQHandler) for FPU_IRQHandler
    startup_stm32f407xx.o(.text) refers (Special) to heapauxi.o(.text) for __use_two_region_memory
    startup_stm32f407xx.o(.text) refers to system_stm32f4xx.o(i.SystemInit) for SystemInit
    startup_stm32f407xx.o(.text) refers to __main.o(!!!main) for __main
    startup_stm32f407xx.o(.text) refers to startup_stm32f407xx.o(HEAP) for Heap_Mem
    startup_stm32f407xx.o(.text) refers to startup_stm32f407xx.o(STACK) for Stack_Mem
    oled.o(i.OLED_Clear) refers to oled.o(i.OLED_WR_CMD) for OLED_WR_CMD
    oled.o(i.OLED_Clear) refers to oled.o(i.OLED_WR_DATA) for OLED_WR_DATA
    oled.o(i.OLED_Display_Off) refers to oled.o(i.OLED_WR_CMD) for OLED_WR_CMD
    oled.o(i.OLED_Display_On) refers to oled.o(i.OLED_WR_CMD) for OLED_WR_CMD
    oled.o(i.OLED_Init) refers to stm32f4xx_hal.o(i.HAL_Delay) for HAL_Delay
    oled.o(i.OLED_Init) refers to oled.o(i.WriteCmd) for WriteCmd
    oled.o(i.OLED_On) refers to oled.o(i.OLED_WR_CMD) for OLED_WR_CMD
    oled.o(i.OLED_On) refers to oled.o(i.OLED_WR_DATA) for OLED_WR_DATA
    oled.o(i.OLED_SHowfloat) refers to oled.o(i.OLED_ShowChar) for OLED_ShowChar
    oled.o(i.OLED_SHowfloat) refers to oled.o(i.OLED_ShowNum) for OLED_ShowNum
    oled.o(i.OLED_Set_Pos) refers to oled.o(i.OLED_WR_CMD) for OLED_WR_CMD
    oled.o(i.OLED_ShowCHinese) refers to oled.o(i.OLED_Set_Pos) for OLED_Set_Pos
    oled.o(i.OLED_ShowCHinese) refers to oled.o(i.OLED_WR_DATA) for OLED_WR_DATA
    oled.o(i.OLED_ShowCHinese) refers to oled.o(.constdata) for Hzk
    oled.o(i.OLED_ShowChar) refers to oled.o(i.OLED_Set_Pos) for OLED_Set_Pos
    oled.o(i.OLED_ShowChar) refers to oled.o(i.OLED_WR_DATA) for OLED_WR_DATA
    oled.o(i.OLED_ShowChar) refers to oled.o(.constdata) for F8X16
    oled.o(i.OLED_ShowNum) refers to oled.o(i.oled_pow) for oled_pow
    oled.o(i.OLED_ShowNum) refers to oled.o(i.OLED_ShowChar) for OLED_ShowChar
    oled.o(i.OLED_ShowString) refers to oled.o(i.OLED_ShowChar) for OLED_ShowChar
    oled.o(i.OLED_WR_CMD) refers to stm32f4xx_hal_i2c.o(i.HAL_I2C_Mem_Write) for HAL_I2C_Mem_Write
    oled.o(i.OLED_WR_CMD) refers to i2c.o(.bss) for hi2c1
    oled.o(i.OLED_WR_DATA) refers to stm32f4xx_hal_i2c.o(i.HAL_I2C_Mem_Write) for HAL_I2C_Mem_Write
    oled.o(i.OLED_WR_DATA) refers to i2c.o(.bss) for hi2c1
[...]
    i.TIM3_IRQHandler                        0x08004328   Section        0  stm32f4xx_it.o(i.TIM3_IRQHandler)
    i.TIM4_IRQHandler                        0x08004338   Section        0  stm32f4xx_it.o(i.TIM4_IRQHandler)
    i.TIM_Base_SetConfig                     0x08004348   Section        0  stm32f4xx_hal_tim.o(i.TIM_Base_SetConfig)
    i.TIM_ETR_SetConfig                      0x08004430   Section        0  stm32f4xx_hal_tim.o(i.TIM_ETR_SetConfig)
    i.TIM_ITRx_SetConfig                     0x08004446   Section        0  stm32f4xx_hal_tim.o(i.TIM_ITRx_SetConfig)
    TIM_ITRx_SetConfig                       0x08004447   Thumb Code    18  stm32f4xx_hal_tim.o(i.TIM_ITRx_SetConfig)
    i.TIM_OC1_SetConfig                      0x08004458   Section        0  stm32f4xx_hal_tim.o(i.TIM_OC1_SetConfig)
    TIM_OC1_SetConfig                        0x08004459   Thumb Code   104  stm32f4xx_hal_tim.o(i.TIM_OC1_SetConfig)
    i.TIM_OC2_SetConfig                      0x080044c8   Section        0  stm32f4xx_hal_tim.o(i.TIM_OC2_SetConfig)
    i.TIM_OC3_SetConfig                      0x08004544   Section        0  stm32f4xx_hal_tim.o(i.TIM_OC3_SetConfig)
    TIM_OC3_SetConfig                        0x08004545   Thumb Code   112  stm32f4xx_hal_tim.o(i.TIM_OC3_SetConfig)
    i.TIM_OC4_SetConfig                      0x080045bc   Section        0  stm32f4xx_hal_tim.o(i.TIM_OC4_SetConfig)
    TIM_OC4_SetConfig                        0x080045bd   Thumb Code    74  stm32f4xx_hal_tim.o(i.TIM_OC4_SetConfig)
    i.TIM_TI1_ConfigInputStage               0x08004610   Section        0  stm32f4xx_hal_tim.o(i.TIM_TI1_ConfigInputStage)
    TIM_TI1_ConfigInputStage                 0x08004611   Thumb Code    38  stm32f4xx_hal_tim.o(i.TIM_TI1_ConfigInputStage)
    i.TIM_TI2_ConfigInputStage               0x08004636   Section        0  stm32f4xx_hal_tim.o(i.TIM_TI2_ConfigInputStage)
    TIM_TI2_ConfigInputStage                 0x08004637   Thumb Code    40  stm32f4xx_hal_tim.o(i.TIM_TI2_ConfigInputStage)
    i.UART_DMAAbortOnError                   0x0800465e   Section        0  stm32f4xx_hal_uart.o(i.UART_DMAAbortOnError)
    UART_DMAAbortOnError                     0x0800465f   Thumb Code    16  stm32f4xx_hal_uart.o(i.UART_DMAAbortOnError)
    i.UART_EndRxTransfer                     0x0800466e   Section        0  stm32f4xx_hal_uart.o(i.UART_EndRxTransfer)
    UART_EndRxTransfer                       0x0800466f   Thumb Code    78  stm32f4xx_hal_uart.o(i.UART_EndRxTransfer)
    i.UART_Receive_IT                        0x080046bc   Section        0  stm32f4xx_hal_uart.o(i.UART_Receive_IT)
    UART_Receive_IT                          0x080046bd   Thumb Code   194  stm32f4xx_hal_uart.o(i.UART_Receive_IT)
    i.UART_SetConfig                         0x08004780   Section        0  stm32f4xx_hal_uart.o(i.UART_SetConfig)
    UART_SetConfig                           0x08004781   Thumb Code   258  stm32f4xx_hal_uart.o(i.UART_SetConfig)
    i.UART_Start_Receive_IT                  0x0800488c   Section        0  stm32f4xx_hal_uart.o(i.UART_Start_Receive_IT)
    i.UART_WaitOnFlagUntilTimeout            0x080048c2   Section        0  stm32f4xx_hal_uart.o(i.UART_WaitOnFlagUntilTimeout)
    UART_WaitOnFlagUntilTimeout              0x080048c3   Thumb Code   114  stm32f4xx_hal_uart.o(i.UART_WaitOnFlagUntilTimeout)
    i.USART2_IRQHandler                      0x08004934   Section        0  stm32f4xx_it.o(i.USART2_IRQHandler)
    i.USART3_IRQHandler                      0x08004944   Section        0  stm32f4xx_it.o(i.USART3_IRQHandler)
    i.USART6_IRQHandler                      0x08004954   Section        0  stm32f4xx_it.o(i.USART6_IRQHandler)
    i.UsageFault_Handler                     0x08004964   Section        0  stm32f4xx_it.o(i.UsageFault_Handler)
    i.__ARM_fpclassify                       0x08004968   Section        0  fpclassify.o(i.__ARM_fpclassify)
    i.__NVIC_GetPriorityGrouping             0x08004998   Section        0  stm32f4xx_hal_cortex.o(i.__NVIC_GetPriorityGrouping)
    __NVIC_GetPriorityGrouping               0x08004999   Thumb Code    10  stm32f4xx_hal_cortex.o(i.__NVIC_GetPriorityGrouping)
    i.__NVIC_SetPriority                     0x080049a8   Section        0  stm32f4xx_hal_cortex.o(i.__NVIC_SetPriority)
    __NVIC_SetPriority                       0x080049a9   Thumb Code    32  stm32f4xx_hal_cortex.o(i.__NVIC_SetPriority)
    i.__hardfp___mathlib_tofloat             0x080049d0   Section        0  narrow.o(i.__hardfp___mathlib_tofloat)
    i.__hardfp_ldexp                         0x08004ac8   Section        0  ldexp.o(i.__hardfp_ldexp)
    i.__hardfp_strtof                        0x08004b98   Section        0  strtof.o(i.__hardfp_strtof)
    i.__mathlib_dbl_overflow                 0x08004bb8   Section        0  dunder.o(i.__mathlib_dbl_overflow)
    i.__mathlib_dbl_underflow                0x08004bd8   Section        0  dunder.o(i.__mathlib_dbl_underflow)
    i.__mathlib_narrow                       0x08004bf8   Section        0  narrow.o(i.__mathlib_narrow)
    i.__support_ldexp                        0x08004c0a   Section        0  ldexp.o(i.__support_ldexp)
    i._is_digit                              0x08004c1e   Section        0  __printf_wp.o(i._is_digit)
    i.fputc                                  0x08004c2c   Section        0  usart.o(i.fputc)
    i.frexp                                  0x08004c48   Section        0  frexp.o(i.frexp)
    i.main                                   0x08004cd4   Section        0  main.o(i.main)
    locale$$code                             0x08004d1c   Section       44  lc_ctype_c.o(locale$$code)
    locale$$code                             0x08004d48   Section       44  lc_numeric_c.o(locale$$code)
    x$fpl$d2f                                0x08004d74   Section       98  d2f.o(x$fpl$d2f)
    $v0                                      0x08004d74   Number         0  d2f.o(x$fpl$d2f)
    x$fpl$dcheck1                            0x08004dd8   Section       16  dcheck1.o(x$fpl$dcheck1)
    $v0                                      0x08004dd8   Number         0  dcheck1.o(x$fpl$dcheck1)
    x$fpl$dcmpinf                            0x08004de8   Section       24  dcmpi.o(x$fpl$dcmpinf)
    $v0                                      0x08004de8   Number         0  dcmpi.o(x$fpl$dcmpinf)
    x$fpl$deqf                               0x08004e00   Section      120  deqf.o(x$fpl$deqf)
    $v0                                      0x08004e00   Number         0  deqf.o(x$fpl$deqf)
    x$fpl$dleqf                              0x08004e78   Section      120  dleqf.o(x$fpl$dleqf)
    $v0                                      0x08004e78   Number         0  dleqf.o(x$fpl$dleqf)
    x$fpl$dmul                               0x08004ef0   Section      340  dmul.o(x$fpl$dmul)
    $v0                                      0x08004ef0   Number         0  dmul.o(x$fpl$dmul)
    x$fpl$dnaninf                            0x08005044   Section      156  dnaninf.o(x$fpl$dnaninf)
    $v0                                      0x08005044   Number         0  dnaninf.o(x$fpl$dnaninf)
    x$fpl$dretinf                            0x080050e0   Section       12  dretinf.o(x$fpl$dretinf)
    $v0                                      0x080050e0   Number         0  dretinf.o(x$fpl$dretinf)
    x$fpl$drleqf                             0x080050ec   Section      108  drleqf.o(x$fpl$drleqf)
    $v0                                      0x080050ec   Number         0  drleqf.o(x$fpl$drleqf)
    x$fpl$f2d                                0x08005158   Section       86  f2d.o(x$fpl$f2d)
    $v0                                      0x08005158   Number         0  f2d.o(x$fpl$f2d)
    x$fpl$fnaninf                            0x080051ae   Section      140  fnaninf.o(x$fpl$fnaninf)
    $v0                                      0x080051ae   Number         0  fnaninf.o(x$fpl$fnaninf)
    x$fpl$fpinit                             0x0800523a   Section       10  fpinit.o(x$fpl$fpinit)
    $v0                                      0x0800523a   Number         0  fpinit.o(x$fpl$fpinit)
    x$fpl$fretinf                            0x08005244   Section       10  fretinf.o(x$fpl$fretinf)
    $v0                                      0x08005244   Number         0  fretinf.o(x$fpl$fretinf)
    x$fpl$ieeestatus                         0x0800524e   Section        6  istatus.o(x$fpl$ieeestatus)
    $v0                                      0x0800524e   Number         0  istatus.o(x$fpl$ieeestatus)
    x$fpl$printf1                            0x08005254   Section        4  printf1.o(x$fpl$printf1)
    $v0                                      0x08005254   Number         0  printf1.o(x$fpl$printf1)
    x$fpl$retnan                             0x08005258   Section      100  retnan.o(x$fpl$retnan)
    $v0                                      0x08005258   Number         0  retnan.o(x$fpl$retnan)
    x$fpl$scalbn                             0x080052bc   Section       92  scalbn.o(x$fpl$scalbn)
    $v0                                      0x080052bc   Number         0  scalbn.o(x$fpl$scalbn)
    x$fpl$scanf1                             0x08005318   Section        4  scanf1.o(x$fpl$scanf1)
    $v0                                      0x08005318   Number         0  scanf1.o(x$fpl$scanf1)
    x$fpl$scanf2                             0x0800531c   Section        8  scanf2.o(x$fpl$scanf2)
    $v0                                      0x0800531c   Number         0  scanf2.o(x$fpl$scanf2)
    x$fpl$trapveneer                         0x08005324   Section       48  trapv.o(x$fpl$trapveneer)
    $v0                                      0x08005324   Number         0  trapv.o(x$fpl$trapveneer)
    .constdata                               0x08005354   Section       24  system_stm32f4xx.o(.constdata)
    x$fpl$usenofp                            0x08005354   Section        0  usenofp.o(x$fpl$usenofp)
    .constdata                               0x0800536c   Section      148  bigflt0.o(.constdata)
    tenpwrs_x                                0x0800536c   Data          60  bigflt0.o(.constdata)
    tenpwrs_i                                0x080053a8   Data          64  bigflt0.o(.constdata)
    c$$dinf                                  0x08005420   Section        8  fpconst.o(c$$dinf)
    c$$dmax                                  0x08005428   Section        8  fpconst.o(c$$dmax)
    locale$$data                             0x08005430   Section      272  lc_ctype_c.o(locale$$data)
    __lcctype_c_name                         0x08005434   Data           2  lc_ctype_c.o(locale$$data)
    __lcctype_c_start                        0x0800543c   Data           0  lc_ctype_c.o(locale$$data)
    locale$$data                             0x08005540   Section       28  lc_numeric_c.o(locale$$data)
    __lcctype_c_end                          0x08005540   Data           0  lc_ctype_c.o(locale$$data)
    __lcnum_c_name                           0x08005544   Data           2  lc_numeric_c.o(locale$$data)
    __lcnum_c_start                          0x0800554c   Data           0  lc_numeric_c.o(locale$$data)
    __lcnum_c_point                          0x08005558   Data           0  lc_numeric_c.o(locale$$data)
    __lcnum_c_thousands                      0x0800555a   Data           0  lc_numeric_c.o(locale$$data)
    __lcnum_c_grouping                       0x0800555b   Data           0  lc_numeric_c.o(locale$$data)
    __lcnum_c_end                            0x0800555c   Data           0  lc_numeric_c.o(locale$$data)
    .data                                    0x20000000   Section        4  usart.o(.data)
    .data                                    0x20000004   Section        9  stm32f4xx_hal.o(.data)
    .data                                    0x20000010   Section        4  system_stm32f4xx.o(.data)
    .data                                    0x20000014   Section        2  openmv.o(.data)
    .bss                                     0x20000018   Section       84  i2c.o(.bss)
    .bss                                     0x2000006c   Section      288  tim.o(.bss)
    .bss                                     0x2000018c   Section      216  usart.o(.bss)
    .bss                                     0x20000264   Section      124  openmv.o(.bss)
    .bss                                     0x200002e0   Section       96  libspace.o(.bss)
    HEAP                                     0x20000340   Section      512  startup_stm32f407xx.o(HEAP)
    Heap_Mem                                 0x20000340   Data         512  startup_stm32f407xx.o(HEAP)
    STACK                                    0x20000540   Section     1024  startup_stm32f407xx.o(STACK)
    Stack_Mem                                0x20000540   Data        1024  startup_stm32f407xx.o(STACK)
    __initial_sp                             0x20000940   Data           0  startup_stm32f407xx.o(STACK)

    Global Symbols

    Symbol Name                              Value     Ov Type        Size  Object(Section)

    BuildAttributes$$THM_ISAv4$E$P$D$K$B$S$7EM$VFPi3$EXTD16$VFPS$VFMA$PE$A:L22UL41UL21$X:L11$S22US41US21$IEEE1$IW$USESV6$~STKCKD$USESV7$~SHL$OTIME$ROPI$IEEEX$EBA8$UX$STANDARDLIB$REQ8$PRES8$EABIv2 0x00000000   Number         0  anon$$obj.o ABSOLUTE
    __ARM_use_no_argv                        0x00000000   Number         0  main.o ABSOLUTE
    __ARM_exceptions_init                     - Undefined Weak Reference
    __alloca_initialize                       - Undefined Weak Reference
    __arm_preinit_                            - Undefined Weak Reference
    __cpp_initialize__aeabi_                  - Undefined Weak Reference
    __cxa_finalize                            - Undefined Weak Reference
    __sigvec_lookup                           - Undefined Weak Reference
    _atexit_init                              - Undefined Weak Reference
    _call_atexit_fns                          - Undefined Weak Reference
    _clock_init                               - Undefined Weak Reference
    _fp_trap_init                             - Undefined Weak Reference
    _fp_trap_shutdown                         - Undefined Weak Reference
    _get_lc_collate                           - Undefined Weak Reference
    _get_lc_monetary                          - Undefined Weak Reference
    _get_lc_time                              - Undefined Weak Reference
    _getenv_init                              - Undefined Weak Reference
    _handle_redirection                       - Undefined Weak Reference
    _init_alloc                               - Undefined Weak Reference
    _init_user_alloc                          - Undefined Weak Reference
    _initio                                   - Undefined Weak Reference
    _mutex_acquire                            - Undefined Weak Reference
    _mutex_release                            - Undefined Weak Reference
    _printf_mbtowc                            - Undefined Weak Reference
    _printf_post_padding                      - Undefined Weak Reference
    _printf_pre_padding                       - Undefined Weak Reference
    _rand_init                                - Undefined Weak Reference
    _signal_finish                            - Undefined Weak Reference
    _signal_init                              - Undefined Weak Reference
    _terminate_alloc                          - Undefined Weak Reference
    _terminate_user_alloc                     - Undefined Weak Reference
    _terminateio                              - Undefined Weak Reference
    __Vectors_Size                           0x00000188   Number         0  startup_stm32f407xx.o ABSOLUTE
    __Vectors                                0x08000000   Data           4  startup_stm32f407xx.o(RESET)
    __Vectors_End                            0x08000188   Data           0  startup_stm32f407xx.o(RESET)
    __main                                   0x08000189   Thumb Code     8  __main.o(!!!main)
    __scatterload                            0x08000191   Thumb Code     0  __scatter.o(!!!scatter)
    __scatterload_rt2                        0x08000191   Thumb Code    44  __scatter.o(!!!scatter)
    __scatterload_rt2_thumb_only             0x08000191   Thumb Code     0  __scatter.o(!!!scatter)
    __scatterload_null                       0x0800019f   Thumb Code     0  __scatter.o(!!!scatter)
    __scatterload_copy                       0x080001c5   Thumb Code    26  __scatter_copy.o(!!handler_copy)
    __scatterload_zeroinit                   0x080001e1   Thumb Code    28  __scatter_zi.o(!!handler_zi)
    _printf_f                                0x080001fd   Thumb Code     0  _printf_f.o(.ARM.Collect$$_printf_percent$$00000003)
    _printf_percent                          0x080001fd   Thumb Code     0  _printf_percent.o(.ARM.Collect$$_printf_percent$$00000000)
    _printf_c                                0x08000203   Thumb Code     0  _printf_c.o(.ARM.Collect$$_printf_percent$$00000013)
    _printf_percent_end                      0x08000209   Thumb Code     0  _printf_percent_end.o(.ARM.Collect$$_printf_percent$$00000017)
    __rt_lib_init                            0x0800020d   Thumb Code     0  libinit.o(.ARM.Collect$$libinit$$00000000)
    __rt_lib_init_fp_1                       0x0800020f   Thumb Code     0  libinit2.o(.ARM.Collect$$libinit$$00000001)
    __rt_lib_init_heap_1                     0x08000213   Thumb Code     0  libinit2.o(.ARM.Collect$$libinit$$0000000A)
    __rt_lib_init_lc_common                  0x08000213   Thumb Code     0  libinit2.o(.ARM.Collect$$libinit$$0000000F)
    __rt_lib_init_preinit_1                  0x08000213   Thumb Code     0  libinit2.o(.ARM.Collect$$libinit$$00000004)
    __rt_lib_init_rand_1                     0x08000213   Thumb Code     0  libinit2.o(.ARM.Collect$$libinit$$0000000E)
    __rt_lib_init_user_alloc_1               0x08000213   Thumb Code     0  libinit2.o(.ARM.Collect$$libinit$$0000000C)
    __rt_lib_init_lc_collate_1               0x08000219   Thumb Code     0  libinit2.o(.ARM.Collect$$libinit$$00000011)
    __rt_lib_init_lc_ctype_2                 0x08000219   Thumb Code     0  libinit2.o(.ARM.Collect$$libinit$$00000012)
    __rt_lib_init_lc_ctype_1                 0x08000225   Thumb Code     0  libinit2.o(.ARM.Collect$$libinit$$00000013)
    __rt_lib_init_lc_monetary_1              0x08000225   Thumb Code     0  libinit2.o(.ARM.Collect$$libinit$$00000015)
    __rt_lib_init_lc_numeric_2               0x08000225   Thumb Code     0  libinit2.o(.ARM.Collect$$libinit$$00000016)
    __rt_lib_init_alloca_1                   0x0800022f   Thumb Code     0  libinit2.o(.ARM.Collect$$libinit$$0000002E)
    __rt_lib_init_argv_1                     0x0800022f   Thumb Code     0  libinit2.o(.ARM.Collect$$libinit$$0000002C)
    __rt_lib_init_atexit_1                   0x0800022f   Thumb Code     0  libinit2.o(.ARM.Collect$$libinit$$0000001B)
    __rt_lib_init_clock_1                    0x0800022f   Thumb Code     0  libinit2.o(.ARM.Collect$$libinit$$00000021)
    __rt_lib_init_cpp_1                      0x0800022f   Thumb Code     0  libinit2.o(.ARM.Collect$$libinit$$00000032)
    __rt_lib_init_exceptions_1               0x0800022f   Thumb Code     0  libinit2.o(.ARM.Collect$$libinit$$00000030)
    __rt_lib_init_fp_trap_1                  0x0800022f   Thumb Code     0  libinit2.o(.ARM.Collect$$libinit$$0000001F)
    __rt_lib_init_getenv_1                   0x0800022f   Thumb Code     0  libinit2.o(.ARM.Collect$$libinit$$00000023)
    __rt_lib_init_lc_numeric_1               0x0800022f   Thumb Code     0  libinit2.o(.ARM.Collect$$libinit$$00000017)
    __rt_lib_init_lc_time_1                  0x0800022f   Thumb Code     0  libinit2.o(.ARM.Collect$$libinit$$00000019)
    __rt_lib_init_return                     0x0800022f   Thumb Code     0  libinit2.o(.ARM.Collect$$libinit$$00000033)
    __rt_lib_init_signal_1                   0x0800022f   Thumb Code     0  libinit2.o(.ARM.Collect$$libinit$$0000001D)
    __rt_lib_init_stdio_1                    0x0800022f   Thumb Code     0  libinit2.o(.ARM.Collect$$libinit$$00000025)
    __rt_lib_shutdown                        0x08000231   Thumb Code     0  libshutdown.o(.ARM.Collect$$libshutdown$$00000000)
    __rt_lib_shutdown_cpp_1                  0x08000233   Thumb Code     0  libshutdown2.o(.ARM.Collect$$libshutdown$$00000002)
    __rt_lib_shutdown_fp_trap_1              0x08000233   Thumb Code     0  libshutdown2.o(.ARM.Collect$$libshutdown$$00000007)
    __rt_lib_shutdown_heap_1                 0x08000233   Thumb Code     0  libshutdown2.o(.ARM.Collect$$libshutdown$$0000000F)
    __rt_lib_shutdown_return                 0x08000233   Thumb Code     0  libshutdown2.o(.ARM.Collect$$libshutdown$$00000010)
    __rt_lib_shutdown_signal_1               0x08000233   Thumb Code     0  libshutdown2.o(.ARM.Collect$$libshutdown$$0000000A)
    __rt_lib_shutdown_stdio_1                0x08000233   Thumb Code     0  libshutdown2.o(.ARM.Collect$$libshutdown$$00000004)
    __rt_lib_shutdown_user_alloc_1           0x08000233   Thumb Code     0  libshutdown2.o(.ARM.Collect$$libshutdown$$0000000C)
    __rt_entry                               0x08000235   Thumb Code     0  __rtentry.o(.ARM.Collect$$rtentry$$00000000)
    __rt_entry_presh_1                       0x08000235   Thumb Code     0  __rtentry2.o(.ARM.Collect$$rtentry$$00000002)
    __rt_entry_sh                            0x08000235   Thumb Code     0  __rtentry4.o(.ARM.Collect$$rtentry$$00000004)
    __rt_entry_li                            0x0800023b   Thumb Code     0  __rtentry2.o(.ARM.Collect$$rtentry$$0000000A)
    __rt_entry_postsh_1                      0x0800023b   Thumb Code     0  __rtentry2.o(.ARM.Collect$$rtentry$$00000009)
    __rt_entry_main                          0x0800023f   Thumb Code     0  __rtentry2.o(.ARM.Collect$$rtentry$$0000000D)
    __rt_entry_postli_1                      0x0800023f   Thumb Code     0  __rtentry2.o(.ARM.Collect$$rtentry$$0000000C)
    __rt_exit                                0x08000247   Thumb Code     0  rtexit.o(.ARM.Collect$$rtexit$$00000000)
    __rt_exit_ls                             0x08000249   Thumb Code     0  rtexit2.o(.ARM.Collect$$rtexit$$00000003)
    __rt_exit_prels_1                        0x08000249   Thumb Code     0  rtexit2.o(.ARM.Collect$$rtexit$$00000002)
    __rt_exit_exit                           0x0800024d   Thumb Code     0  rtexit2.o(.ARM.Collect$$rtexit$$00000004)
    Reset_Handler                            0x08000255   Thumb Code     8  startup_stm32f407xx.o(.text)
    ADC_IRQHandler                           0x0800026f   Thumb Code     0  startup_stm32f407xx.o(.text)
    CAN1_RX0_IRQHandler                      0x0800026f   Thumb Code     0  startup_stm32f407xx.o(.text)
    CAN1_RX1_IRQHandler                      0x0800026f   Thumb Code     0  startup_stm32f407xx.o(.text)
    CAN1_SCE_IRQHandler                      0x0800026f   Thumb Code     0  startup_stm32f407xx.o(.text)
    CAN1_TX_IRQHandler                       0x0800026f   Thumb Code     0  startup_stm32f407xx.o(.text)
    CAN2_RX0_IRQHandler                      0x0800026f   Thumb Code     0  startup_stm32f407xx.o(.text)
    CAN2_RX1_IRQHandler                      0x0800026f   Thumb Code     0  startup_stm32f407xx.o(.text)
    CAN2_SCE_IRQHandler                      0x0800026f   Thumb Code     0  startup_stm32f407xx.o(.text)
    CAN2_TX_IRQHandler                       0x0800026f   Thumb Code     0  startup_stm32f407xx.o(.text)
    DCMI_IRQHandler                          0x0800026f   Thumb Code     0  startup_stm32f407xx.o(.text)
    DMA1_Stream0_IRQHandler                  0x0800026f   Thumb Code     0  startup_stm32f407xx.o(.text)
    DMA1_Stream1_IRQHandler                  0x0800026f   Thumb Code     0  startup_stm32f407xx.o(.text)
    DMA1_Stream2_IRQHandler                  0x0800026f   Thumb Code     0  startup_stm32f407xx.o(.text)
    DMA1_Stream3_IRQHandler                  0x0800026f   Thumb Code     0  startup_stm32f407xx.o(.text)
    DMA1_Stream4_IRQHandler                  0x0800026f   Thumb Code     0  startup_stm32f407xx.o(.text)
    DMA1_Stream5_IRQHandler                  0x0800026f   Thumb Code     0  startup_stm32f407xx.o(.text)
    DMA1_Stream6_IRQHandler                  0x0800026f   Thumb Code     0  startup_stm32f407xx.o(.text)
    DMA1_Stream7_IRQHandler                  0x0800026f   Thumb Code     0  startup_stm32f407xx.o(.text)
    DMA2_Stream0_IRQHandler                  0x0800026f   Thumb Code     0  startup_stm32f407xx.o(.text)
    DMA2_Stream1_IRQHandler                  0x0800026f   Thumb Code     0  startup_stm32f407xx.o(.text)
    DMA2_Stream2_IRQHandler                  0x0800026f   Thumb Code     0  startup_stm32f407xx.o(.text)
    DMA2_Stream3_IRQHandler                  0x0800026f   Thumb Code     0  startup_stm32f407xx.o(.text)
    DMA2_Stream4_IRQHandler                  0x0800026f   Thumb Code     0  startup_stm32f407xx.o(.text)
    DMA2_Stream5_IRQHandler                  0x0800026f   Thumb Code     0  startup_stm32f407xx.o(.text)
    DMA2_Stream6_IRQHandler                  0x0800026f   Thumb Code     0  startup_stm32f407xx.o(.text)
    DMA2_Stream7_IRQHandler                  0x0800026f   Thumb Code     0  startup_stm32f407xx.o(.text)
    ETH_IRQHandler                           0x0800026f   Thumb Code     0  startup_stm32f407xx.o(.text)
    ETH_WKUP_IRQHandler                      0x0800026f   Thumb Code     0  startup_stm32f407xx.o(.text)
    EXTI0_IRQHandler                         0x0800026f   Thumb Code     0  startup_stm32f407xx.o(.text)
    EXTI15_10_IRQHandler                     0x0800026f   Thumb Code     0  startup_stm32f407xx.o(.text)
    EXTI1_IRQHandler                         0x0800026f   Thumb Code     0  startup_stm32f407xx.o(.text)
    EXTI2_IRQHandler                         0x0800026f   Thumb Code     0  startup_stm32f407xx.o(.text)
    EXTI3_IRQHandler                         0x0800026f   Thumb Code     0  startup_stm32f407xx.o(.text)
    EXTI4_IRQHandler                         0x0800026f   Thumb Code     0  startup_stm32f407xx.o(.text)
    EXTI9_5_IRQHandler                       0x0800026f   Thumb Code     0  startup_stm32f407xx.o(.text)
    FLASH_IRQHandler                         0x0800026f   Thumb Code     0  startup_stm32f407xx.o(.text)
    FMC_IRQHandler                           0x0800026f   Thumb Code     0  startup_stm32f407xx.o(.text)
    HASH_RNG_IRQHandler                      0x0800026f   Thumb Code     0  startup_stm32f407xx.o(.text)
    I2C1_ER_IRQHandler                       0x0800026f   Thumb Code     0  startup_stm32f407xx.o(.text)
    I2C1_EV_IRQHandler                       0x0800026f   Thumb Code     0  startup_stm32f407xx.o(.text)
    I2C2_ER_IRQHandler                       0x0800026f   Thumb Code     0  startup_stm32f407xx.o(.text)
    I2C2_EV_IRQHandler                       0x0800026f   Thumb Code     0  startup_stm32f407xx.o(.text)
    I2C3_ER_IRQHandler                       0x0800026f   Thumb Code     0  startup_stm32f407xx.o(.text)
    I2C3_EV_IRQHandler                       0x0800026f   Thumb Code     0  startup_stm32f407xx.o(.text)
    OTG_FS_IRQHandler                        0x0800026f   Thumb Code     0  startup_stm32f407xx.o(.text)
    OTG_FS_WKUP_IRQHandler                   0x0800026f   Thumb Code     0  startup_stm32f407xx.o(.text)
    OTG_HS_EP1_IN_IRQHandler                 0x0800026f   Thumb Code     0  startup_stm32f407xx.o(.text)
    OTG_HS_EP1_OUT_IRQHandler                0x0800026f   Thumb Code     0  startup_stm32f407xx.o(.text)
    OTG_HS_IRQHandler                        0x0800026f   Thumb Code     0  startup_stm32f407xx.o(.text)
    OTG_HS_WKUP_IRQHandler                   0x0800026f   Thumb Code     0  startup_stm32f407xx.o(.text)
    PVD_IRQHandler                           0x0800026f   Thumb Code     0  startup_stm32f407xx.o(.text)
    RCC_IRQHandler                           0x0800026f   Thumb Code     0  startup_stm32f407xx.o(.text)
    RTC_Alarm_IRQHandler                     0x0800026f   Thumb Code     0  startup_stm32f407xx.o(.text)
    RTC_WKUP_IRQHandler                      0x0800026f   Thumb Code     0  startup_stm32f407xx.o(.text)
    SDIO_IRQHandler                          0x0800026f   Thumb Code     0  startup_stm32f407xx.o(.text)
    SPI1_IRQHandler                          0x0800026f   Thumb Code     0  startup_stm32f407xx.o(.text)
    SPI2_IRQHandler                          0x0800026f   Thumb Code     0  startup_stm32f407xx.o(.text)
    SPI3_IRQHandler                          0x0800026f   Thumb Code     0  startup_stm32f407xx.o(.text)
    TAMP_STAMP_IRQHandler                    0x0800026f   Thumb Code     0  startup_stm32f407xx.o(.text)
    TIM5_IRQHandler                          0x0800026f   Thumb Code     0  startup_stm32f407xx.o(.text)
    TIM6_DAC_IRQHandler                      0x0800026f   Thumb Code     0  startup_stm32f407xx.o(.text)
    TIM7_IRQHandler                          0x0800026f   Thumb Code     0  startup_stm32f407xx.o(.text)
    TIM8_BRK_TIM12_IRQHandler                0x0800026f   Thumb Code     0  startup_stm32f407xx.o(.text)
    TIM8_CC_IRQHandler                       0x0800026f   Thumb Code     0  startup_stm32f407xx.o(.text)
    TIM8_TRG_COM_TIM14_IRQHandler            0x0800026f   Thumb Code     0  startup_stm32f407xx.o(.text)
    TIM8_UP_TIM13_IRQHandler                 0x0800026f   Thumb Code     0  startup_stm32f407xx.o(.text)
    UART4_IRQHandler                         0x0800026f   Thumb Code     0  startup_stm32f407xx.o(.text)
    UART5_IRQHandler                         0x0800026f   Thumb Code     0  startup_stm32f407xx.o(.text)
    USART1_IRQHandler                        0x0800026f   Thumb Code     0  startup_stm32f407xx.o(.text)
    WWDG_IRQHandler                          0x0800026f   Thumb Code     0  startup_stm32f407xx.o(.text)
    __user_initial_stackheap                 0x08000271   Thumb Code     0  startup_stm32f407xx.o(.text)
    __rt_ctype_table                         0x08000295   Thumb Code    16  rt_ctype_table.o(.text)
    __aeabi_uldivmod                         0x080002a5   Thumb Code     0  lludivv7m.o(.text)
    _ll_udiv                                 0x080002a5   Thumb Code   238  lludivv7m.o(.text)
    __2printf                                0x08000395   Thumb Code    20  noretval__2printf.o(.text)
    __printf                                 0x080003ad   Thumb Code   104  __printf.o(.text)
    _printf_str                              0x08000415   Thumb Code    82  _printf_str.o(.text)
    strchr                                   0x08000467   Thumb Code    20  strchr.o(.text)
    __aeabi_memcpy                           0x0800047b   Thumb Code     0  rt_memcpy_v6.o(.text)
    __rt_memcpy                              0x0800047b   Thumb Code   138  rt_memcpy_v6.o(.text)
    _memcpy_lastbytes                        0x080004e1   Thumb Code     0  rt_memcpy_v6.o(.text)
    __aeabi_memclr                           0x08000505   Thumb Code     0  rt_memclr.o(.text)
    __rt_memclr                              0x08000505   Thumb Code    68  rt_memclr.o(.text)
    _memset                                  0x08000509   Thumb Code     0  rt_memclr.o(.text)
    __aeabi_memclr4                          0x08000549   Thumb Code     0  rt_memclr_w.o(.text)
    __aeabi_memclr8                          0x08000549   Thumb Code     0  rt_memclr_w.o(.text)
    __rt_memclr_w                            0x08000549   Thumb Code    78  rt_memclr_w.o(.text)
    _memset_w                                0x0800054d   Thumb Code     0  rt_memclr_w.o(.text)
    __use_two_region_memory                  0x08000597   Thumb Code     2  heapauxi.o(.text)
    __rt_heap_escrow$2region                 0x08000599   Thumb Code     2  heapauxi.o(.text)
    __rt_heap_expand$2region                 0x0800059b   Thumb Code     2  heapauxi.o(.text)
    __rt_locale                              0x0800059d   Thumb Code     8  rt_locale_intlibspace.o(.text)
    __lib_sel_fp_printf                      0x080005a5   Thumb Code     2  _printf_fp_dec.o(.text)
    _printf_fp_dec_real                      0x08000757   Thumb Code   620  _printf_fp_dec.o(.text)
    _printf_cs_common                        0x080009c3   Thumb Code    20  _printf_char.o(.text)
    _printf_char                             0x080009d7   Thumb Code    16  _printf_char.o(.text)
    _printf_string                           0x080009e7   Thumb Code     8  _printf_char.o(.text)
    _printf_char_file                        0x080009f1   Thumb Code    32  _printf_char_file.o(.text)
    __strtof_int                             0x08000a15   Thumb Code    26  strtof.o(.text)
    __aeabi_memcpy4                          0x08000a2f   Thumb Code     0  rt_memcpy_w.o(.text)
    __aeabi_memcpy8                          0x08000a2f   Thumb Code     0  rt_memcpy_w.o(.text)
    __rt_memcpy_w                            0x08000a2f   Thumb Code   100  rt_memcpy_w.o(.text)
    _memcpy_lastbytes_aligned                0x08000a77   Thumb Code     0  rt_memcpy_w.o(.text)
    __user_libspace                          0x08000a95   Thumb Code     8  libspace.o(.text)
    __user_perproc_libspace                  0x08000a95   Thumb Code     0  libspace.o(.text)
    __user_perthread_libspace                0x08000a95   Thumb Code     0  libspace.o(.text)
    _ll_udiv10                               0x08000a9d   Thumb Code   138  lludiv10.o(.text)
    _printf_char_common                      0x08000b33   Thumb Code    32  _printf_char_common.o(.text)
    _printf_fp_infnan                        0x08000b59   Thumb Code   112  _printf_fp_infnan.o(.text)
    __strtod_int                             0x08000c15   Thumb Code    90  strtod.o(.text)
    _btod_etento                             0x08000c7d   Thumb Code   224  bigflt0.o(.text)
    ferror                                   0x08000d61   Thumb Code     8  ferror.o(.text)
    strcmp                                   0x08000d69   Thumb Code   128  strcmpv7m.o(.text)
    __user_setup_stackheap                   0x08000de9   Thumb Code    74  sys_stackheap_outer.o(.text)
    __read_errno                             0x08000e33   Thumb Code    10  _rserrno.o(.text)
    __set_errno                              0x08000e3d   Thumb Code    12  _rserrno.o(.text)
    isspace                                  0x08000e49   Thumb Code    18  isspace.o(.text)
    _sgetc                                   0x08000e5b   Thumb Code    30  _sgetc.o(.text)
    _sbackspace                              0x08000e79   Thumb Code    34  _sgetc.o(.text)
    exit                                     0x08000e9b   Thumb Code    18  exit.o(.text)
    __aeabi_errno_addr                       0x08000ead   Thumb Code     8  rt_errno_addr_intlibspace.o(.text)
    __errno$intlibspace                      0x08000ead   Thumb Code     0  rt_errno_addr_intlibspace.o(.text)
    __rt_errno_addr$intlibspace              0x08000ead   Thumb Code     0  rt_errno_addr_intlibspace.o(.text)
    _scanf_really_real                       0x08001101   Thumb Code   684  scanf_fp.o(.text)
    _sys_exit                                0x080013ad   Thumb Code     8  sys_exit.o(.text)
    __I$use$semihosting                      0x080013b9   Thumb Code     0  use_no_semi.o(.text)
    __use_no_semihosting_swi                 0x080013b9   Thumb Code     2  use_no_semi.o(.text)
    __semihosting_library_function           0x080013bb   Thumb Code     0  indicate_semi.o(.text)
    _scanf_really_hex_real                   0x080013bd   Thumb Code   786  scanf_hexfp.o(.text)
    _scanf_really_infnan                     0x080016dd   Thumb Code   292  scanf_infnan.o(.text)
    __aeabi_llsl                             0x08001811   Thumb Code     0  llshl.o(.text)
    _ll_shift_l                              0x08001811   Thumb Code    38  llshl.o(.text)
    _chval                                   0x08001837   Thumb Code    28  _chval.o(.text)
    _btod_d2e                                0x08001853   Thumb Code    62  btod.o(CL$$btod_d2e)
    _d2e_denorm_low                          0x08001891   Thumb Code    70  btod.o(CL$$btod_d2e_denorm_low)
    _d2e_norm_op1                            0x080018d7   Thumb Code    96  btod.o(CL$$btod_d2e_norm_op1)
    __btod_div_common                        0x08001937   Thumb Code   696  btod.o(CL$$btod_div_common)
    _e2d                                     0x08001c71   Thumb Code   122  btod.o(CL$$btod_e2d)
    _e2e                                     0x08001cf5   Thumb Code   220  btod.o(CL$$btod_e2e)
    _btod_ediv                               0x08001dd1   Thumb Code    42  btod.o(CL$$btod_ediv)
    _btod_edivd                              0x08001dfb   Thumb Code    42  btod.o(CL$$btod_edivd)
    _btod_emul                               0x08001e25   Thumb Code    42  btod.o(CL$$btod_emul)
    _btod_emuld                              0x08001e4f   Thumb Code    42  btod.o(CL$$btod_emuld)
    __btod_mult_common                       0x08001e79   Thumb Code   580  btod.o(CL$$btod_mult_common)
    BusFault_Handler                         0x080020bd   Thumb Code     4  stm32f4xx_it.o(i.BusFault_Handler)
    DebugMon_Handler                         0x080020c1   Thumb Code     2  stm32f4xx_it.o(i.DebugMon_Handler)
    Error_Handler                            0x080020c3   Thumb Code     4  main.o(i.Error_Handler)
    FPU_IRQHandler                           0x080020c7   Thumb Code     2  stm32f4xx_it.o(i.FPU_IRQHandler)
    HAL_DMA_Abort                            0x080020c9   Thumb Code   172  stm32f4xx_hal_dma.o(i.HAL_DMA_Abort)
    HAL_DMA_Abort_IT                         0x08002175   Thumb Code    40  stm32f4xx_hal_dma.o(i.HAL_DMA_Abort_IT)
    HAL_GPIO_Init                            0x0800219d   Thumb Code   454  stm32f4xx_hal_gpio.o(i.HAL_GPIO_Init)
    HAL_GPIO_WritePin                        0x08002391   Thumb Code    12  stm32f4xx_hal_gpio.o(i.HAL_GPIO_WritePin)
    HAL_GetTick                              0x0800239d   Thumb Code     6  stm32f4xx_hal.o(i.HAL_GetTick)
    HAL_I2C_Init                             0x080023a9   Thumb Code   446  stm32f4xx_hal_i2c.o(i.HAL_I2C_Init)
    HAL_I2C_MspInit                          0x08002579   Thumb Code   122  i2c.o(i.HAL_I2C_MspInit)
    HAL_IncTick                              0x08002601   Thumb Code    16  stm32f4xx_hal.o(i.HAL_IncTick)
    HAL_Init                                 0x08002619   Thumb Code    54  stm32f4xx_hal.o(i.HAL_Init)
    HAL_InitTick                             0x08002655   Thumb Code    64  stm32f4xx_hal.o(i.HAL_InitTick)
    HAL_MspInit                              0x080026a1   Thumb Code    90  stm32f4xx_hal_msp.o(i.HAL_MspInit)
    HAL_NVIC_EnableIRQ                       0x08002701   Thumb Code    40  stm32f4xx_hal_cortex.o(i.HAL_NVIC_EnableIRQ)
    HAL_NVIC_SetPriority                     0x08002729   Thumb Code   124  stm32f4xx_hal_cortex.o(i.HAL_NVIC_SetPriority)
    HAL_NVIC_SetPriorityGrouping             0x080027a5   Thumb Code    32  stm32f4xx_hal_cortex.o(i.HAL_NVIC_SetPriorityGrouping)
    HAL_RCC_ClockConfig                      0x080027cd   Thumb Code   368  stm32f4xx_hal_rcc.o(i.HAL_RCC_ClockConfig)
    HAL_RCC_GetHCLKFreq                      0x08002951   Thumb Code     6  stm32f4xx_hal_rcc.o(i.HAL_RCC_GetHCLKFreq)
    HAL_RCC_GetPCLK1Freq                     0x0800295d   Thumb Code    22  stm32f4xx_hal_rcc.o(i.HAL_RCC_GetPCLK1Freq)
    HAL_RCC_GetPCLK2Freq                     0x0800297d   Thumb Code    22  stm32f4xx_hal_rcc.o(i.HAL_RCC_GetPCLK2Freq)
    HAL_RCC_GetSysClockFreq                  0x0800299d   Thumb Code   162  stm32f4xx_hal_rcc.o(i.HAL_RCC_GetSysClockFreq)
    HAL_RCC_OscConfig                        0x08002a4d   Thumb Code  1172  stm32f4xx_hal_rcc.o(i.HAL_RCC_OscConfig)
    HAL_SYSTICK_Config                       0x08002ee9   Thumb Code    52  stm32f4xx_hal_cortex.o(i.HAL_SYSTICK_Config)
    HAL_TIMEx_BreakCallback                  0x08002f1d   Thumb Code     2  stm32f4xx_hal_tim_ex.o(i.HAL_TIMEx_BreakCallback)
    HAL_TIMEx_CommutCallback                 0x08002f1f   Thumb Code     2  stm32f4xx_hal_tim_ex.o(i.HAL_TIMEx_CommutCallback)
    HAL_TIMEx_MasterConfigSynchronization    0x08002f21   Thumb Code   150  stm32f4xx_hal_tim_ex.o(i.HAL_TIMEx_MasterConfigSynchronization)
    HAL_TIM_Base_Init                        0x08002fd5   Thumb Code   102  stm32f4xx_hal_tim.o(i.HAL_TIM_Base_Init)
    HAL_TIM_Base_MspInit                     0x0800303d   Thumb Code   172  tim.o(i.HAL_TIM_Base_MspInit)
    HAL_TIM_ConfigClockSource                0x080030f5   Thumb Code   268  stm32f4xx_hal_tim.o(i.HAL_TIM_ConfigClockSource)
    HAL_TIM_Encoder_Init                     0x08003201   Thumb Code   200  stm32f4xx_hal_tim.o(i.HAL_TIM_Encoder_Init)
    HAL_TIM_Encoder_MspInit                  0x080032c9   Thumb Code   256  tim.o(i.HAL_TIM_Encoder_MspInit)
    HAL_TIM_IC_CaptureCallback               0x080033d5   Thumb Code     2  stm32f4xx_hal_tim.o(i.HAL_TIM_IC_CaptureCallback)
    HAL_TIM_IRQHandler                       0x080033d7   Thumb Code   364  stm32f4xx_hal_tim.o(i.HAL_TIM_IRQHandler)
    HAL_TIM_MspPostInit                      0x08003545   Thumb Code    86  tim.o(i.HAL_TIM_MspPostInit)
    HAL_TIM_OC_DelayElapsedCallback          0x080035a9   Thumb Code     2  stm32f4xx_hal_tim.o(i.HAL_TIM_OC_DelayElapsedCallback)
    HAL_TIM_PWM_ConfigChannel                0x080035ab   Thumb Code   260  stm32f4xx_hal_tim.o(i.HAL_TIM_PWM_ConfigChannel)
    HAL_TIM_PWM_Init                         0x080036af   Thumb Code   102  stm32f4xx_hal_tim.o(i.HAL_TIM_PWM_Init)
    HAL_TIM_PWM_MspInit                      0x08003715   Thumb Code     2  stm32f4xx_hal_tim.o(i.HAL_TIM_PWM_MspInit)
    HAL_TIM_PWM_PulseFinishedCallback        0x08003717   Thumb Code     2  stm32f4xx_hal_tim.o(i.HAL_TIM_PWM_PulseFinishedCallback)
    HAL_TIM_PeriodElapsedCallback            0x08003719   Thumb Code     2  stm32f4xx_hal_tim.o(i.HAL_TIM_PeriodElapsedCallback)
    HAL_TIM_TriggerCallback                  0x0800371b   Thumb Code     2  stm32f4xx_hal_tim.o(i.HAL_TIM_TriggerCallback)
    HAL_UARTEx_RxEventCallback               0x0800371d   Thumb Code     2  stm32f4xx_hal_uart.o(i.HAL_UARTEx_RxEventCallback)
    HAL_UART_ErrorCallback                   0x0800371f   Thumb Code     2  stm32f4xx_hal_uart.o(i.HAL_UART_ErrorCallback)
    HAL_UART_IRQHandler                      0x08003721   Thumb Code   618  stm32f4xx_hal_uart.o(i.HAL_UART_IRQHandler)
    HAL_UART_Init                            0x08003991   Thumb Code   100  stm32f4xx_hal_uart.o(i.HAL_UART_Init)
    HAL_UART_MspInit                         0x080039f5   Thumb Code   388  usart.o(i.HAL_UART_MspInit)
    HAL_UART_Receive_IT                      0x08003b95   Thumb Code    28  stm32f4xx_hal_uart.o(i.HAL_UART_Receive_IT)
    HAL_UART_RxCpltCallback                  0x08003bb1   Thumb Code   138  openmv.o(i.HAL_UART_RxCpltCallback)
    HAL_UART_Transmit                        0x08003c55   Thumb Code   160  stm32f4xx_hal_uart.o(i.HAL_UART_Transmit)
    HAL_UART_TxCpltCallback                  0x08003cf5   Thumb Code     2  stm32f4xx_hal_uart.o(i.HAL_UART_TxCpltCallback)
    HardFault_Handler                        0x08003cf7   Thumb Code     4  stm32f4xx_it.o(i.HardFault_Handler)
    MX_GPIO_Init                             0x08003cfd   Thumb Code   230  gpio.o(i.MX_GPIO_Init)
    MX_I2C1_Init                             0x08003ded   Thumb Code    48  i2c.o(i.MX_I2C1_Init)
    MX_TIM1_Init                             0x08003e29   Thumb Code   102  tim.o(i.MX_TIM1_Init)
    MX_TIM2_Init                             0x08003e99   Thumb Code   116  tim.o(i.MX_TIM2_Init)
    MX_TIM3_Init                             0x08003f11   Thumb Code   114  tim.o(i.MX_TIM3_Init)
    MX_TIM4_Init                             0x08003f8d   Thumb Code   170  tim.o(i.MX_TIM4_Init)
    MX_USART2_UART_Init                      0x08004041   Thumb Code    46  usart.o(i.MX_USART2_UART_Init)
    MX_USART3_UART_Init                      0x08004079   Thumb Code    46  usart.o(i.MX_USART3_UART_Init)
    MX_USART6_UART_Init                      0x080040b1   Thumb Code    46  usart.o(i.MX_USART6_UART_Init)
    MemManage_Handler                        0x080040e9   Thumb Code     4  stm32f4xx_it.o(i.MemManage_Handler)
    NMI_Handler                              0x080040ed   Thumb Code     4  stm32f4xx_it.o(i.NMI_Handler)
    Openmv_Data_Process                      0x080040f1   Thumb Code   268  openmv.o(i.Openmv_Data_Process)
    PendSV_Handler                           0x08004225   Thumb Code     2  stm32f4xx_it.o(i.PendSV_Handler)
    SVC_Handler                              0x08004227   Thumb Code     2  stm32f4xx_it.o(i.SVC_Handler)
    SysTick_Handler                          0x08004229   Thumb Code     8  stm32f4xx_it.o(i.SysTick_Handler)
    SystemClock_Config                       0x08004231   Thumb Code   138  main.o(i.SystemClock_Config)
    SystemInit                               0x080042c5   Thumb Code    14  system_stm32f4xx.o(i.SystemInit)
    TIM1_BRK_TIM9_IRQHandler                 0x080042d9   Thumb Code    10  stm32f4xx_it.o(i.TIM1_BRK_TIM9_IRQHandler)
    TIM1_CC_IRQHandler                       0x080042e9   Thumb Code    10  stm32f4xx_it.o(i.TIM1_CC_IRQHandler)
    TIM1_TRG_COM_TIM11_IRQHandler            0x080042f9   Thumb Code    10  stm32f4xx_it.o(i.TIM1_TRG_COM_TIM11_IRQHandler)
    TIM1_UP_TIM10_IRQHandler                 0x08004309   Thumb Code    10  stm32f4xx_it.o(i.TIM1_UP_TIM10_IRQHandler)
    TIM2_IRQHandler                          0x08004319   Thumb Code    10  stm32f4xx_it.o(i.TIM2_IRQHandler)
    TIM3_IRQHandler                          0x08004329   Thumb Code    10  stm32f4xx_it.o(i.TIM3_IRQHandler)
    TIM4_IRQHandler                          0x08004339   Thumb Code    10  stm32f4xx_it.o(i.TIM4_IRQHandler)
    TIM_Base_SetConfig                       0x08004349   Thumb Code   186  stm32f4xx_hal_tim.o(i.TIM_Base_SetConfig)
    TIM_ETR_SetConfig                        0x08004431   Thumb Code    22  stm32f4xx_hal_tim.o(i.TIM_ETR_SetConfig)
    TIM_OC2_SetConfig                        0x080044c9   Thumb Code   114  stm32f4xx_hal_tim.o(i.TIM_OC2_SetConfig)
    UART_Start_Receive_IT                    0x0800488d   Thumb Code    54  stm32f4xx_hal_uart.o(i.UART_Start_Receive_IT)
    USART2_IRQHandler                        0x08004935   Thumb Code    10  stm32f4xx_it.o(i.USART2_IRQHandler)
    USART3_IRQHandler                        0x08004945   Thumb Code    10  stm32f4xx_it.o(i.USART3_IRQHandler)
    USART6_IRQHandler                        0x08004955   Thumb Code    10  stm32f4xx_it.o(i.USART6_IRQHandler)
    UsageFault_Handler                       0x08004965   Thumb Code     4  stm32f4xx_it.o(i.UsageFault_Handler)
    __ARM_fpclassify                         0x08004969   Thumb Code    48  fpclassify.o(i.__ARM_fpclassify)
    __hardfp___mathlib_tofloat               0x080049d1   Thumb Code   232  narrow.o(i.__hardfp___mathlib_tofloat)
    __hardfp_ldexp                           0x08004ac9   Thumb Code   200  ldexp.o(i.__hardfp_ldexp)
    __hardfp_strtof                          0x08004b99   Thumb Code    26  strtof.o(i.__hardfp_strtof)
    __mathlib_dbl_overflow                   0x08004bb9   Thumb Code    24  dunder.o(i.__mathlib_dbl_overflow)
    __mathlib_dbl_underflow                  0x08004bd9   Thumb Code    24  dunder.o(i.__mathlib_dbl_underflow)
    __mathlib_narrow                         0x08004bf9   Thumb Code    18  narrow.o(i.__mathlib_narrow)
    __support_ldexp                          0x08004c0b   Thumb Code    20  ldexp.o(i.__support_ldexp)
    _is_digit                                0x08004c1f   Thumb Code    14  __printf_wp.o(i._is_digit)
    fputc                                    0x08004c2d   Thumb Code    20  usart.o(i.fputc)
    frexp                                    0x08004c49   Thumb Code   118  frexp.o(i.frexp)
    main                                     0x08004cd5   Thumb Code    62  main.o(i.main)
    _get_lc_ctype                            0x08004d1d   Thumb Code    44  lc_ctype_c.o(locale$$code)
    _get_lc_numeric                          0x08004d49   Thumb Code    44  lc_numeric_c.o(locale$$code)
    __aeabi_d2f                              0x08004d75   Thumb Code     0  d2f.o(x$fpl$d2f)
    _d2f                                     0x08004d75   Thumb Code    98  d2f.o(x$fpl$d2f)
    __fpl_dcheck_NaN1                        0x08004dd9   Thumb Code    10  dcheck1.o(x$fpl$dcheck1)
    __fpl_dcmp_Inf                           0x08004de9   Thumb Code    24  dcmpi.o(x$fpl$dcmpinf)
    __aeabi_cdcmpeq                          0x08004e01   Thumb Code     0  deqf.o(x$fpl$deqf)
    _dcmpeq                                  0x08004e01   Thumb Code   120  deqf.o(x$fpl$deqf)
    __aeabi_cdcmple                          0x08004e79   Thumb Code     0  dleqf.o(x$fpl$dleqf)
    _dcmple                                  0x08004e79   Thumb Code   120  dleqf.o(x$fpl$dleqf)
    __fpl_dcmple_InfNaN                      0x08004edb   Thumb Code     0  dleqf.o(x$fpl$dleqf)
    __aeabi_dmul                             0x08004ef1   Thumb Code     0  dmul.o(x$fpl$dmul)
    _dmul                                    0x08004ef1   Thumb Code   332  dmul.o(x$fpl$dmul)
    __fpl_dnaninf                            0x08005045   Thumb Code   156  dnaninf.o(x$fpl$dnaninf)
    __fpl_dretinf                            0x080050e1   Thumb Code    12  dretinf.o(x$fpl$dretinf)
    __aeabi_cdrcmple                         0x080050ed   Thumb Code     0  drleqf.o(x$fpl$drleqf)
    _drcmple                                 0x080050ed   Thumb Code   108  drleqf.o(x$fpl$drleqf)
    __aeabi_f2d                              0x08005159   Thumb Code     0  f2d.o(x$fpl$f2d)
    _f2d                                     0x08005159   Thumb Code    86  f2d.o(x$fpl$f2d)
    __fpl_fnaninf                            0x080051af   Thumb Code   140  fnaninf.o(x$fpl$fnaninf)
    _fp_init                                 0x0800523b   Thumb Code    10  fpinit.o(x$fpl$fpinit)
    __fplib_config_fpu_vfp                   0x08005243   Thumb Code     0  fpinit.o(x$fpl$fpinit)
    __fplib_config_pureend_doubles           0x08005243   Thumb Code     0  fpinit.o(x$fpl$fpinit)
    __fpl_fretinf                            0x08005245   Thumb Code    10  fretinf.o(x$fpl$fretinf)
    __ieee_status                            0x0800524f   Thumb Code     6  istatus.o(x$fpl$ieeestatus)
    _printf_fp_dec                           0x08005255   Thumb Code     4  printf1.o(x$fpl$printf1)
    __fpl_return_NaN                         0x08005259   Thumb Code   100  retnan.o(x$fpl$retnan)
    __ARM_scalbn                             0x080052bd   Thumb Code    92  scalbn.o(x$fpl$scalbn)
    _scanf_real                              0x08005319   Thumb Code     4  scanf1.o(x$fpl$scanf1)
    _scanf_hex_real                          0x0800531d   Thumb Code     4  scanf2.o(x$fpl$scanf2)
    _scanf_infnan                            0x08005321   Thumb Code     4  scanf2.o(x$fpl$scanf2)
    __fpl_cmpreturn                          0x08005325   Thumb Code    48  trapv.o(x$fpl$trapveneer)
    AHBPrescTable                            0x08005354   Data          16  system_stm32f4xx.o(.constdata)
    __I$use$fp                               0x08005354   Number         0  usenofp.o(x$fpl$usenofp)
    APBPrescTable                            0x08005364   Data           8  system_stm32f4xx.o(.constdata)
    Region$$Table$$Base                      0x08005400   Number         0  anon$$obj.o(Region$$Table)
    Region$$Table$$Limit                     0x08005420   Number         0  anon$$obj.o(Region$$Table)
    __aeabi_HUGE_VAL                         0x08005420   Data           0  fpconst.o(c$$dinf)
    __aeabi_HUGE_VALL                        0x08005420   Data           0  fpconst.o(c$$dinf)
    __aeabi_INFINITY                         0x08005420   Data           0  fpconst.o(c$$dinf)
    __dInf                                   0x08005420   Data           0  fpconst.o(c$$dinf)
    __huge_val                               0x08005420   Data           0  fpconst.o(c$$dinf)
    __dbl_max                                0x08005428   Data           0  fpconst.o(c$$dmax)
    __ctype                                  0x0800543d   Data           0  lc_ctype_c.o(locale$$data)
    __stdout                                 0x20000000   Data           4  usart.o(.data)
    uwTick                                   0x20000004   Data           4  stm32f4xx_hal.o(.data)
    uwTickPrio                               0x20000008   Data           4  stm32f4xx_hal.o(.data)
    uwTickFreq                               0x2000000c   Data           1  stm32f4xx_hal.o(.data)
    SystemCoreClock                          0x20000010   Data           4  system_stm32f4xx.o(.data)
    UartRxState                              0x20000014   Data           1  openmv.o(.data)
    rx_index                                 0x20000015   Data           1  openmv.o(.data)
    hi2c1                                    0x20000018   Data          84  i2c.o(.bss)
    htim1                                    0x2000006c   Data          72  tim.o(.bss)
    htim2                                    0x200000b4   Data          72  tim.o(.bss)
    htim3                                    0x200000fc   Data          72  tim.o(.bss)
    htim4                                    0x20000144   Data          72  tim.o(.bss)
    huart2                                   0x2000018c   Data          72  usart.o(.bss)
    huart3                                   0x200001d4   Data          72  usart.o(.bss)
    huart6                                   0x2000021c   Data          72  usart.o(.bss)
    values                                   0x20000264   Data          24  openmv.o(.bss)
    rx_buffer                                0x2000027c   Data          50  openmv.o(.bss)
    parse_buffer                             0x200002ae   Data          50  openmv.o(.bss)
    __libspace_start                         0x200002e0   Data          96  libspace.o(.bss)
    __temporary_stack_top$libspace           0x20000340   Data           0  libspace.o(.bss)



==============================================================================

Memory Map of the image

  Image Entry point : 0x08000189

  Load Region LR_IROM1 (Base: 0x08000000, Size: 0x00005574, Max: 0x00080000, ABSOLUTE)

    Execution Region ER_IROM1 (Exec base: 0x08000000, Load base: 0x08000000, Size: 0x0000555c, Max: 0x00080000, ABSOLUTE)

    Exec Addr    Load Addr    Size         Type   Attr      Idx    E Section Name        Object

    0x08000000   0x08000000   0x00000188   Data   RO            3    RESET               startup_stm32f407xx.o
    0x08000188   0x08000188   0x00000008   Code   RO         3858  * !!!main             c_w.l(__main.o)
    0x08000190   0x08000190   0x00000034   Code   RO         4219    !!!scatter          c_w.l(__scatter.o)
    0x080001c4   0x080001c4   0x0000001a   Code   RO         4221    !!handler_copy      c_w.l(__scatter_copy.o)
    0x080001de   0x080001de   0x00000002   PAD
    0x080001e0   0x080001e0   0x0000001c   Code   RO         4223    !!handler_zi        c_w.l(__scatter_zi.o)
    0x080001fc   0x080001fc   0x00000000   Code   RO         3847    .ARM.Collect$$_printf_percent$$00000000  c_w.l(_printf_percent.o)
    0x080001fc   0x080001fc   0x00000006   Code   RO         3846    .ARM.Collect$$_printf_percent$$00000003  c_w.l(_printf_f.o)
    0x08000202   0x08000202   0x00000006   Code   RO         3845    .ARM.Collect$$_printf_percent$$00000013  c_w.l(_printf_c.o)
    0x08000208   0x08000208   0x00000004   Code   RO         3886    .ARM.Collect$$_printf_percent$$00000017  c_w.l(_printf_percent_end.o)
    0x0800020c   0x0800020c   0x00000002   Code   RO         4041    .ARM.Collect$$libinit$$00000000  c_w.l(libinit.o)
    0x0800020e   0x0800020e   0x00000004   Code   RO         3961    .ARM.Collect$$libinit$$00000001  c_w.l(libinit2.o)
    0x08000212   0x08000212   0x00000000   Code   RO         3964    .ARM.Collect$$libinit$$00000004  c_w.l(libinit2.o)
    0x08000212   0x08000212   0x00000000   Code   RO         3967    .ARM.Collect$$libinit$$0000000A  c_w.l(libinit2.o)
    0x08000212   0x08000212   0x00000000   Code   RO         3969    .ARM.Collect$$libinit$$0000000C  c_w.l(libinit2.o)
    0x08000212   0x08000212   0x00000000   Code   RO         3971    .ARM.Collect$$libinit$$0000000E  c_w.l(libinit2.o)
    0x08000212   0x08000212   0x00000006   Code   RO         3972    .ARM.Collect$$libinit$$0000000F  c_w.l(libinit2.o)
    0x08000218   0x08000218   0x00000000   Code   RO         3974    .ARM.Collect$$libinit$$00000011  c_w.l(libinit2.o)
    0x08000218   0x08000218   0x0000000c   Code   RO         3975    .ARM.Collect$$libinit$$00000012  c_w.l(libinit2.o)
    0x08000224   0x08000224   0x00000000   Code   RO         3976    .ARM.Collect$$libinit$$00000013  c_w.l(libinit2.o)
    0x08000224   0x08000224   0x00000000   Code   RO         3978    .ARM.Collect$$libinit$$00000015  c_w.l(libinit2.o)
    0x08000224   0x08000224   0x0000000a   Code   RO         3979    .ARM.Collect$$libinit$$00000016  c_w.l(libinit2.o)
    0x0800022e   0x0800022e   0x00000000   Code   RO         3980    .ARM.Collect$$libinit$$00000017  c_w.l(libinit2.o)
    0x0800022e   0x0800022e   0x00000000   Code   RO         3982    .ARM.Collect$$libinit$$00000019  c_w.l(libinit2.o)
    0x0800022e   0x0800022e   0x00000000   Code   RO         3984    .ARM.Collect$$libinit$$0000001B  c_w.l(libinit2.o)
    0x0800022e   0x0800022e   0x00000000   Code   RO         3986    .ARM.Collect$$libinit$$0000001D  c_w.l(libinit2.o)
    0x0800022e   0x0800022e   0x00000000   Code   RO         3988    .ARM.Collect$$libinit$$0000001F  c_w.l(libinit2.o)
    0x0800022e   0x0800022e   0x00000000   Code   RO         3990    .ARM.Collect$$libinit$$00000021  c_w.l(libinit2.o)
    0x0800022e   0x0800022e   0x00000000   Code   RO         3992    .ARM.Collect$$libinit$$00000023  c_w.l(libinit2.o)
    0x0800022e   0x0800022e   0x00000000   Code   RO         3994    .ARM.Collect$$libinit$$00000025  c_w.l(libinit2.o)
    0x0800022e   0x0800022e   0x00000000   Code   RO         3998    .ARM.Collect$$libinit$$0000002C  c_w.l(libinit2.o)
    0x0800022e   0x0800022e   0x00000000   Code   RO         4000    .ARM.Collect$$libinit$$0000002E  c_w.l(libinit2.o)
    0x0800022e   0x0800022e   0x00000000   Code   RO         4002    .ARM.Collect$$libinit$$00000030  c_w.l(libinit2.o)
    0x0800022e   0x0800022e   0x00000000   Code   RO         4004    .ARM.Collect$$libinit$$00000032  c_w.l(libinit2.o)
    0x0800022e   0x0800022e   0x00000002   Code   RO         4005    .ARM.Collect$$libinit$$00000033  c_w.l(libinit2.o)
    0x08000230   0x08000230   0x00000002   Code   RO         4133    .ARM.Collect$$libshutdown$$00000000  c_w.l(libshutdown.o)
    0x08000232   0x08000232   0x00000000   Code   RO         4153    .ARM.Collect$$libshutdown$$00000002  c_w.l(libshutdown2.o)
    0x08000232   0x08000232   0x00000000   Code   RO         4155    .ARM.Collect$$libshutdown$$00000004  c_w.l(libshutdown2.o)
    0x08000232   0x08000232   0x00000000   Code   RO         4158    .ARM.Collect$$libshutdown$$00000007  c_w.l(libshutdown2.o)
    0x08000232   0x08000232   0x00000000   Code   RO         4161    .ARM.Collect$$libshutdown$$0000000A  c_w.l(libshutdown2.o)
    0x08000232   0x08000232   0x00000000   Code   RO         4163    .ARM.Collect$$libshutdown$$0000000C  c_w.l(libshutdown2.o)
    0x08000232   0x08000232   0x00000000   Code   RO         4166    .ARM.Collect$$libshutdown$$0000000F  c_w.l(libshutdown2.o)
    0x08000232   0x08000232   0x00000002   Code   RO         4167    .ARM.Collect$$libshutdown$$00000010  c_w.l(libshutdown2.o)
    0x08000234   0x08000234   0x00000000   Code   RO         3870    .ARM.Collect$$rtentry$$00000000  c_w.l(__rtentry.o)
    0x08000234   0x08000234   0x00000000   Code   RO         3903    .ARM.Collect$$rtentry$$00000002  c_w.l(__rtentry2.o)
    0x08000234   0x08000234   0x00000006   Code   RO         3915    .ARM.Collect$$rtentry$$00000004  c_w.l(__rtentry4.o)
    0x0800023a   0x0800023a   0x00000000   Code   RO         3905    .ARM.Collect$$rtentry$$00000009  c_w.l(__rtentry2.o)
    0x0800023a   0x0800023a   0x00000004   Code   RO         3906    .ARM.Collect$$rtentry$$0000000A  c_w.l(__rtentry2.o)
    0x0800023e   0x0800023e   0x00000000   Code   RO         3908    .ARM.Collect$$rtentry$$0000000C  c_w.l(__rtentry2.o)
    0x0800023e   0x0800023e   0x00000008   Code   RO         3909    .ARM.Collect$$rtentry$$0000000D  c_w.l(__rtentry2.o)
    0x08000246   0x08000246   0x00000002   Code   RO         4058    .ARM.Collect$$rtexit$$00000000  c_w.l(rtexit.o)
    0x08000248   0x08000248   0x00000000   Code   RO         4092    .ARM.Collect$$rtexit$$00000002  c_w.l(rtexit2.o)
    0x08000248   0x08000248   0x00000004   Code   RO         4093    .ARM.Collect$$rtexit$$00000003  c_w.l(rtexit2.o)
    0x0800024c   0x0800024c   0x00000006   Code   RO         4094    .ARM.Collect$$rtexit$$00000004  c_w.l(rtexit2.o)
    0x08000252   0x08000252   0x00000002   PAD
    0x08000254   0x08000254   0x00000040   Code   RO            4    .text               startup_stm32f407xx.o
    0x08000294   0x08000294   0x00000010   Code   RO         3813    .text               c_w.l(rt_ctype_table.o)
    0x080002a4   0x080002a4   0x000000ee   Code   RO         3815    .text               c_w.l(lludivv7m.o)
    0x08000392   0x08000392   0x00000002   PAD
    0x08000394   0x08000394   0x00000018   Code   RO         3819    .text               c_w.l(noretval__2printf.o)
    0x080003ac   0x080003ac   0x00000068   Code   RO         3821    .text               c_w.l(__printf.o)
    0x08000414   0x08000414   0x00000052   Code   RO         3823    .text               c_w.l(_printf_str.o)
    0x08000466   0x08000466   0x00000014   Code   RO         3848    .text               c_w.l(strchr.o)
    0x0800047a   0x0800047a   0x0000008a   Code   RO         3850    .text               c_w.l(rt_memcpy_v6.o)
    0x08000504   0x08000504   0x00000044   Code   RO         3852    .text               c_w.l(rt_memclr.o)
    0x08000548   0x08000548   0x0000004e   Code   RO         3854    .text               c_w.l(rt_memclr_w.o)
    0x08000596   0x08000596   0x00000006   Code   RO         3856    .text               c_w.l(heapauxi.o)
    0x0800059c   0x0800059c   0x00000008   Code   RO         3878    .text               c_w.l(rt_locale_intlibspace.o)
    0x080005a4   0x080005a4   0x0000041e   Code   RO         3880    .text               c_w.l(_printf_fp_dec.o)
    0x080009c2   0x080009c2   0x0000002c   Code   RO         3882    .text               c_w.l(_printf_char.o)
    0x080009ee   0x080009ee   0x00000002   PAD
    0x080009f0   0x080009f0   0x00000024   Code   RO         3884    .text               c_w.l(_printf_char_file.o)
    0x08000a14   0x08000a14   0x0000001a   Code   RO         3887    .text               c_w.l(strtof.o)
    0x08000a2e   0x08000a2e   0x00000064   Code   RO         3892    .text               c_w.l(rt_memcpy_w.o)
    0x08000a92   0x08000a92   0x00000002   PAD
    0x08000a94   0x08000a94   0x00000008   Code   RO         3899    .text               c_w.l(libspace.o)
    0x08000a9c   0x08000a9c   0x0000008a   Code   RO         3919    .text               c_w.l(lludiv10.o)
    0x08000b26   0x08000b26   0x00000002   PAD
    0x08000b28   0x08000b28   0x00000030   Code   RO         3921    .text               c_w.l(_printf_char_common.o)
    0x08000b58   0x08000b58   0x00000080   Code   RO         3923    .text               c_w.l(_printf_fp_infnan.o)
    0x08000bd8   0x08000bd8   0x000000a4   Code   RO         3925    .text               c_w.l(strtod.o)
    0x08000c7c   0x08000c7c   0x000000e4   Code   RO         3927    .text               c_w.l(bigflt0.o)
    0x08000d60   0x08000d60   0x00000008   Code   RO         3952    .text               c_w.l(ferror.o)
    0x08000d68   0x08000d68   0x00000080   Code   RO         3959    .text               c_w.l(strcmpv7m.o)
    0x08000de8   0x08000de8   0x0000004a   Code   RO         4018    .text               c_w.l(sys_stackheap_outer.o)
    0x08000e32   0x08000e32   0x00000016   Code   RO         4020    .text               c_w.l(_rserrno.o)
    0x08000e48   0x08000e48   0x00000012   Code   RO         4022    .text               c_w.l(isspace.o)
    0x08000e5a   0x08000e5a   0x00000040   Code   RO         4026    .text               c_w.l(_sgetc.o)
    0x08000e9a   0x08000e9a   0x00000012   Code   RO         4028    .text               c_w.l(exit.o)
    0x08000eac   0x08000eac   0x00000008   Code   RO         4065    .text               c_w.l(rt_errno_addr_intlibspace.o)
    0x08000eb4   0x08000eb4   0x000004f8   Code   RO         4067    .text               c_w.l(scanf_fp.o)
    0x080013ac   0x080013ac   0x0000000c   Code   RO         4089    .text               c_w.l(sys_exit.o)
    0x080013b8   0x080013b8   0x00000002   Code   RO         4120    .text               c_w.l(use_no_semi.o)
    0x080013ba   0x080013ba   0x00000000   Code   RO         4122    .text               c_w.l(indicate_semi.o)
    0x080013ba   0x080013ba   0x00000002   PAD
    0x080013bc   0x080013bc   0x00000320   Code   RO         4123    .text               c_w.l(scanf_hexfp.o)
    0x080016dc   0x080016dc   0x00000134   Code   RO         4125    .text               c_w.l(scanf_infnan.o)
    0x08001810   0x08001810   0x00000026   Code   RO         4134    .text               c_w.l(llshl.o)
    0x08001836   0x08001836   0x0000001c   Code   RO         4136    .text               c_w.l(_chval.o)
    0x08001852   0x08001852   0x0000003e   Code   RO         3930    CL$$btod_d2e        c_w.l(btod.o)
    0x08001890   0x08001890   0x00000046   Code   RO         3932    CL$$btod_d2e_denorm_low  c_w.l(btod.o)
    0x080018d6   0x080018d6   0x00000060   Code   RO         3931    CL$$btod_d2e_norm_op1  c_w.l(btod.o)
    0x08001936   0x08001936   0x00000338   Code   RO         3940    CL$$btod_div_common  c_w.l(btod.o)
    0x08001c6e   0x08001c6e   0x00000002   PAD
    0x08001c70   0x08001c70   0x00000084   Code   RO         3938    CL$$btod_e2d        c_w.l(btod.o)
    0x08001cf4   0x08001cf4   0x000000dc   Code   RO         3937    CL$$btod_e2e        c_w.l(btod.o)
    0x08001dd0   0x08001dd0   0x0000002a   Code   RO         3934    CL$$btod_ediv       c_w.l(btod.o)
    0x08001dfa   0x08001dfa   0x0000002a   Code   RO         3936    CL$$btod_edivd      c_w.l(btod.o)
    0x08001e24   0x08001e24   0x0000002a   Code   RO         3933    CL$$btod_emul       c_w.l(btod.o)
    0x08001e4e   0x08001e4e   0x0000002a   Code   RO         3935    CL$$btod_emuld      c_w.l(btod.o)
    0x08001e78   0x08001e78   0x00000244   Code   RO         3939    CL$$btod_mult_common  c_w.l(btod.o)
    0x080020bc   0x080020bc   0x00000004   Code   RO          538    i.BusFault_Handler  stm32f4xx_it.o
    0x080020c0   0x080020c0   0x00000002   Code   RO          539    i.DebugMon_Handler  stm32f4xx_it.o
    0x080020c2   0x080020c2   0x00000004   Code   RO          266    i.Error_Handler     main.o
    0x080020c6   0x080020c6   0x00000002   Code   RO          540    i.FPU_IRQHandler    stm32f4xx_it.o
    0x080020c8   0x080020c8   0x000000ac   Code   RO         1706    i.HAL_DMA_Abort     stm32f4xx_hal_dma.o
    0x08002174   0x08002174   0x00000028   Code   RO         1707    i.HAL_DMA_Abort_IT  stm32f4xx_hal_dma.o
    0x0800219c   0x0800219c   0x000001f4   Code   RO         1599    i.HAL_GPIO_Init     stm32f4xx_hal_gpio.o
    0x08002390   0x08002390   0x0000000c   Code   RO         1603    i.HAL_GPIO_WritePin  stm32f4xx_hal_gpio.o
    0x0800239c   0x0800239c   0x0000000c   Code   RO         2142    i.HAL_GetTick       stm32f4xx_hal.o
    0x080023a8   0x080023a8   0x000001d0   Code   RO          715    i.HAL_I2C_Init      stm32f4xx_hal_i2c.o
    0x08002578   0x08002578   0x00000088   Code   RO          354    i.HAL_I2C_MspInit   i2c.o
    0x08002600   0x08002600   0x00000018   Code   RO         2148    i.HAL_IncTick       stm32f4xx_hal.o
    0x08002618   0x08002618   0x0000003c   Code   RO         2149    i.HAL_Init          stm32f4xx_hal.o
    0x08002654   0x08002654   0x0000004c   Code   RO         2150    i.HAL_InitTick      stm32f4xx_hal.o
    0x080026a0   0x080026a0   0x00000060   Code   RO          680    i.HAL_MspInit       stm32f4xx_hal_msp.o
    0x08002700   0x08002700   0x00000028   Code   RO         1989    i.HAL_NVIC_EnableIRQ  stm32f4xx_hal_cortex.o
    0x08002728   0x08002728   0x0000007c   Code   RO         1995    i.HAL_NVIC_SetPriority  stm32f4xx_hal_cortex.o
    0x080027a4   0x080027a4   0x00000028   Code   RO         1996    i.HAL_NVIC_SetPriorityGrouping  stm32f4xx_hal_cortex.o
    0x080027cc   0x080027cc   0x00000184   Code   RO         1200    i.HAL_RCC_ClockConfig  stm32f4xx_hal_rcc.o
    0x08002950   0x08002950   0x0000000c   Code   RO         1205    i.HAL_RCC_GetHCLKFreq  stm32f4xx_hal_rcc.o
    0x0800295c   0x0800295c   0x00000020   Code   RO         1207    i.HAL_RCC_GetPCLK1Freq  stm32f4xx_hal_rcc.o
    0x0800297c   0x0800297c   0x00000020   Code   RO         1208    i.HAL_RCC_GetPCLK2Freq  stm32f4xx_hal_rcc.o
    0x0800299c   0x0800299c   0x000000b0   Code   RO         1209    i.HAL_RCC_GetSysClockFreq  stm32f4xx_hal_rcc.o
    0x08002a4c   0x08002a4c   0x0000049c   Code   RO         1212    i.HAL_RCC_OscConfig  stm32f4xx_hal_rcc.o
    0x08002ee8   0x08002ee8   0x00000034   Code   RO         2000    i.HAL_SYSTICK_Config  stm32f4xx_hal_cortex.o
    0x08002f1c   0x08002f1c   0x00000002   Code   RO         3104    i.HAL_TIMEx_BreakCallback  stm32f4xx_hal_tim_ex.o
    0x08002f1e   0x08002f1e   0x00000002   Code   RO         3105    i.HAL_TIMEx_CommutCallback  stm32f4xx_hal_tim_ex.o
    0x08002f20   0x08002f20   0x000000b4   Code   RO         3123    i.HAL_TIMEx_MasterConfigSynchronization  stm32f4xx_hal_tim_ex.o
    0x08002fd4   0x08002fd4   0x00000066   Code   RO         2389    i.HAL_TIM_Base_Init  stm32f4xx_hal_tim.o
    0x0800303a   0x0800303a   0x00000002   PAD
    0x0800303c   0x0800303c   0x000000b8   Code   RO          396    i.HAL_TIM_Base_MspInit  tim.o
    0x080030f4   0x080030f4   0x0000010c   Code   RO         2398    i.HAL_TIM_ConfigClockSource  stm32f4xx_hal_tim.o
    0x08003200   0x08003200   0x000000c8   Code   RO         2410    i.HAL_TIM_Encoder_Init  stm32f4xx_hal_tim.o
    0x080032c8   0x080032c8   0x0000010c   Code   RO          398    i.HAL_TIM_Encoder_MspInit  tim.o
    0x080033d4   0x080033d4   0x00000002   Code   RO         2423    i.HAL_TIM_IC_CaptureCallback  stm32f4xx_hal_tim.o
    0x080033d6   0x080033d6   0x0000016c   Code   RO         2437    i.HAL_TIM_IRQHandler  stm32f4xx_hal_tim.o
    0x08003542   0x08003542   0x00000002   PAD
    0x08003544   0x08003544   0x00000064   Code   RO          399    i.HAL_TIM_MspPostInit  tim.o
    0x080035a8   0x080035a8   0x00000002   Code   RO         2440    i.HAL_TIM_OC_DelayElapsedCallback  stm32f4xx_hal_tim.o
    0x080035aa   0x080035aa   0x00000104   Code   RO         2461    i.HAL_TIM_PWM_ConfigChannel  stm32f4xx_hal_tim.o
    0x080036ae   0x080036ae   0x00000066   Code   RO         2464    i.HAL_TIM_PWM_Init  stm32f4xx_hal_tim.o
    0x08003714   0x08003714   0x00000002   Code   RO         2466    i.HAL_TIM_PWM_MspInit  stm32f4xx_hal_tim.o
    0x08003716   0x08003716   0x00000002   Code   RO         2467    i.HAL_TIM_PWM_PulseFinishedCallback  stm32f4xx_hal_tim.o
    0x08003718   0x08003718   0x00000002   Code   RO         2475    i.HAL_TIM_PeriodElapsedCallback  stm32f4xx_hal_tim.o
    0x0800371a   0x0800371a   0x00000002   Code   RO         2480    i.HAL_TIM_TriggerCallback  stm32f4xx_hal_tim.o
    0x0800371c   0x0800371c   0x00000002   Code   RO         3383    i.HAL_UARTEx_RxEventCallback  stm32f4xx_hal_uart.o
    0x0800371e   0x0800371e   0x00000002   Code   RO         3397    i.HAL_UART_ErrorCallback  stm32f4xx_hal_uart.o
    0x08003720   0x08003720   0x00000270   Code   RO         3400    i.HAL_UART_IRQHandler  stm32f4xx_hal_uart.o
    0x08003990   0x08003990   0x00000064   Code   RO         3401    i.HAL_UART_Init     stm32f4xx_hal_uart.o
    0x080039f4   0x080039f4   0x000001a0   Code   RO          474    i.HAL_UART_MspInit  usart.o
    0x08003b94   0x08003b94   0x0000001c   Code   RO         3406    i.HAL_UART_Receive_IT  stm32f4xx_hal_uart.o
    0x08003bb0   0x08003bb0   0x000000a4   Code   RO         3771    i.HAL_UART_RxCpltCallback  openmv.o
    0x08003c54   0x08003c54   0x000000a0   Code   RO         3409    i.HAL_UART_Transmit  stm32f4xx_hal_uart.o
    0x08003cf4   0x08003cf4   0x00000002   Code   RO         3412    i.HAL_UART_TxCpltCallback  stm32f4xx_hal_uart.o
    0x08003cf6   0x08003cf6   0x00000004   Code   RO          541    i.HardFault_Handler  stm32f4xx_it.o
    0x08003cfa   0x08003cfa   0x00000002   PAD
    0x08003cfc   0x08003cfc   0x000000f0   Code   RO          329    i.MX_GPIO_Init      gpio.o
    0x08003dec   0x08003dec   0x0000003c   Code   RO          355    i.MX_I2C1_Init      i2c.o
    0x08003e28   0x08003e28   0x00000070   Code   RO          400    i.MX_TIM1_Init      tim.o
    0x08003e98   0x08003e98   0x00000078   Code   RO          401    i.MX_TIM2_Init      tim.o
    0x08003f10   0x08003f10   0x0000007c   Code   RO          402    i.MX_TIM3_Init      tim.o
    0x08003f8c   0x08003f8c   0x000000b4   Code   RO          403    i.MX_TIM4_Init      tim.o
    0x08004040   0x08004040   0x00000038   Code   RO          475    i.MX_USART2_UART_Init  usart.o
    0x08004078   0x08004078   0x00000038   Code   RO          476    i.MX_USART3_UART_Init  usart.o
    0x080040b0   0x080040b0   0x00000038   Code   RO          477    i.MX_USART6_UART_Init  usart.o
    0x080040e8   0x080040e8   0x00000004   Code   RO          542    i.MemManage_Handler  stm32f4xx_it.o
    0x080040ec   0x080040ec   0x00000004   Code   RO          543    i.NMI_Handler       stm32f4xx_it.o
    0x080040f0   0x080040f0   0x00000134   Code   RO         3772    i.Openmv_Data_Process  openmv.o
    0x08004224   0x08004224   0x00000002   Code   RO          544    i.PendSV_Handler    stm32f4xx_it.o
    0x08004226   0x08004226   0x00000002   Code   RO          545    i.SVC_Handler       stm32f4xx_it.o
    0x08004228   0x08004228   0x00000008   Code   RO          546    i.SysTick_Handler   stm32f4xx_it.o
    0x08004230   0x08004230   0x00000094   Code   RO          267    i.SystemClock_Config  main.o
    0x080042c4   0x080042c4   0x00000014   Code   RO         3735    i.SystemInit        system_stm32f4xx.o
    0x080042d8   0x080042d8   0x00000010   Code   RO          547    i.TIM1_BRK_TIM9_IRQHandler  stm32f4xx_it.o
    0x080042e8   0x080042e8   0x00000010   Code   RO          548    i.TIM1_CC_IRQHandler  stm32f4xx_it.o
    0x080042f8   0x080042f8   0x00000010   Code   RO          549    i.TIM1_TRG_COM_TIM11_IRQHandler  stm32f4xx_it.o
    0x08004308   0x08004308   0x00000010   Code   RO          550    i.TIM1_UP_TIM10_IRQHandler  stm32f4xx_it.o
    0x08004318   0x08004318   0x00000010   Code   RO          551    i.TIM2_IRQHandler   stm32f4xx_it.o
    0x08004328   0x08004328   0x00000010   Code   RO          552    i.TIM3_IRQHandler   stm32f4xx_it.o
    0x08004338   0x08004338   0x00000010   Code   RO          553    i.TIM4_IRQHandler   stm32f4xx_it.o
    0x08004348   0x08004348   0x000000e8   Code   RO         2482    i.TIM_Base_SetConfig  stm32f4xx_hal_tim.o
    0x08004430   0x08004430   0x00000016   Code   RO         2493    i.TIM_ETR_SetConfig  stm32f4xx_hal_tim.o
    0x08004446   0x08004446   0x00000012   Code   RO         2494    i.TIM_ITRx_SetConfig  stm32f4xx_hal_tim.o
    0x08004458   0x08004458   0x00000070   Code   RO         2495    i.TIM_OC1_SetConfig  stm32f4xx_hal_tim.o
    0x080044c8   0x080044c8   0x0000007c   Code   RO         2496    i.TIM_OC2_SetConfig  stm32f4xx_hal_tim.o
    0x08004544   0x08004544   0x00000078   Code   RO         2497    i.TIM_OC3_SetConfig  stm32f4xx_hal_tim.o
    0x080045bc   0x080045bc   0x00000054   Code   RO         2498    i.TIM_OC4_SetConfig  stm32f4xx_hal_tim.o
    0x08004610   0x08004610   0x00000026   Code   RO         2500    i.TIM_TI1_ConfigInputStage  stm32f4xx_hal_tim.o
    0x08004636   0x08004636   0x00000028   Code   RO         2502    i.TIM_TI2_ConfigInputStage  stm32f4xx_hal_tim.o
    0x0800465e   0x0800465e   0x00000010   Code   RO         3414    i.UART_DMAAbortOnError  stm32f4xx_hal_uart.o
    0x0800466e   0x0800466e   0x0000004e   Code   RO         3424    i.UART_EndRxTransfer  stm32f4xx_hal_uart.o
    0x080046bc   0x080046bc   0x000000c2   Code   RO         3426    i.UART_Receive_IT   stm32f4xx_hal_uart.o
    0x0800477e   0x0800477e   0x00000002   PAD
    0x08004780   0x08004780   0x0000010c   Code   RO         3427    i.UART_SetConfig    stm32f4xx_hal_uart.o
    0x0800488c   0x0800488c   0x00000036   Code   RO         3429    i.UART_Start_Receive_IT  stm32f4xx_hal_uart.o
    0x080048c2   0x080048c2   0x00000072   Code   RO         3430    i.UART_WaitOnFlagUntilTimeout  stm32f4xx_hal_uart.o
    0x08004934   0x08004934   0x00000010   Code   RO          554    i.USART2_IRQHandler  stm32f4xx_it.o
    0x08004944   0x08004944   0x00000010   Code   RO          555    i.USART3_IRQHandler  stm32f4xx_it.o
    0x08004954   0x08004954   0x00000010   Code   RO          556    i.USART6_IRQHandler  stm32f4xx_it.o
    0x08004964   0x08004964   0x00000004   Code   RO          557    i.UsageFault_Handler  stm32f4xx_it.o
    0x08004968   0x08004968   0x00000030   Code   RO         4008    i.__ARM_fpclassify  m_wm.l(fpclassify.o)
    0x08004998   0x08004998   0x00000010   Code   RO         2002    i.__NVIC_GetPriorityGrouping  stm32f4xx_hal_cortex.o
    0x080049a8   0x080049a8   0x00000028   Code   RO         2003    i.__NVIC_SetPriority  stm32f4xx_hal_cortex.o
    0x080049d0   0x080049d0   0x000000f8   Code   RO         4010    i.__hardfp___mathlib_tofloat  m_wm.l(narrow.o)
    0x08004ac8   0x08004ac8   0x000000d0   Code   RO         4168    i.__hardfp_ldexp    m_wm.l(ldexp.o)
    0x08004b98   0x08004b98   0x00000020   Code   RO         3864    i.__hardfp_strtof   m_wm.l(strtof.o)
    0x08004bb8   0x08004bb8   0x00000020   Code   RO         4190    i.__mathlib_dbl_overflow  m_wm.l(dunder.o)
    0x08004bd8   0x08004bd8   0x00000020   Code   RO         4192    i.__mathlib_dbl_underflow  m_wm.l(dunder.o)
    0x08004bf8   0x08004bf8   0x00000012   Code   RO         4011    i.__mathlib_narrow  m_wm.l(narrow.o)
    0x08004c0a   0x08004c0a   0x00000014   Code   RO         4170    i.__support_ldexp   m_wm.l(ldexp.o)
    0x08004c1e   0x08004c1e   0x0000000e   Code   RO         3835    i._is_digit         c_w.l(__printf_wp.o)
    0x08004c2c   0x08004c2c   0x00000018   Code   RO          478    i.fputc             usart.o
    0x08004c44   0x08004c44   0x00000004   PAD
    0x08004c48   0x08004c48   0x0000008c   Code   RO         4054    i.frexp             m_wm.l(frexp.o)
    0x08004cd4   0x08004cd4   0x00000048   Code   RO          268    i.main              main.o
    0x08004d1c   0x08004d1c   0x0000002c   Code   RO         3890    locale$$code        c_w.l(lc_ctype_c.o)
    0x08004d48   0x08004d48   0x0000002c   Code   RO         3957    locale$$code        c_w.l(lc_numeric_c.o)
    0x08004d74   0x08004d74   0x00000062   Code   RO         4042    x$fpl$d2f           fz_wm.l(d2f.o)
    0x08004dd6   0x08004dd6   0x00000002   PAD
    0x08004dd8   0x08004dd8   0x00000010   Code   RO         4207    x$fpl$dcheck1       fz_wm.l(dcheck1.o)
    0x08004de8   0x08004de8   0x00000018   Code   RO         4077    x$fpl$dcmpinf       fz_wm.l(dcmpi.o)
    0x08004e00   0x08004e00   0x00000078   Code   RO         4044    x$fpl$deqf          fz_wm.l(deqf.o)
    0x08004e78   0x08004e78   0x00000078   Code   RO         4079    x$fpl$dleqf         fz_wm.l(dleqf.o)
    0x08004ef0   0x08004ef0   0x00000154   Code   RO         4081    x$fpl$dmul          fz_wm.l(dmul.o)
    0x08005044   0x08005044   0x0000009c   Code   RO         4083    x$fpl$dnaninf       fz_wm.l(dnaninf.o)
    0x080050e0   0x080050e0   0x0000000c   Code   RO         3894    x$fpl$dretinf       fz_wm.l(dretinf.o)
    0x080050ec   0x080050ec   0x0000006c   Code   RO         4046    x$fpl$drleqf        fz_wm.l(drleqf.o)
    0x08005158   0x08005158   0x00000056   Code   RO         3860    x$fpl$f2d           fz_wm.l(f2d.o)
    0x080051ae   0x080051ae   0x0000008c   Code   RO         3896    x$fpl$fnaninf       fz_wm.l(fnaninf.o)
    0x0800523a   0x0800523a   0x0000000a   Code   RO         4048    x$fpl$fpinit        fz_wm.l(fpinit.o)
    0x08005244   0x08005244   0x0000000a   Code   RO         4085    x$fpl$fretinf       fz_wm.l(fretinf.o)
    0x0800524e   0x0800524e   0x00000006   Code   RO         4006    x$fpl$ieeestatus    fz_wm.l(istatus.o)
    0x08005254   0x08005254   0x00000004   Code   RO         3862    x$fpl$printf1       fz_wm.l(printf1.o)
    0x08005258   0x08005258   0x00000064   Code   RO         4213    x$fpl$retnan        fz_wm.l(retnan.o)
    0x080052bc   0x080052bc   0x0000005c   Code   RO         4184    x$fpl$scalbn        fz_wm.l(scalbn.o)
    0x08005318   0x08005318   0x00000004   Code   RO         4050    x$fpl$scanf1        fz_wm.l(scanf1.o)
    0x0800531c   0x0800531c   0x00000008   Code   RO         4112    x$fpl$scanf2        fz_wm.l(scanf2.o)
    0x08005324   0x08005324   0x00000030   Code   RO         4215    x$fpl$trapveneer    fz_wm.l(trapv.o)
    0x08005354   0x08005354   0x00000000   Code   RO         3898    x$fpl$usenofp       fz_wm.l(usenofp.o)
    0x08005354   0x08005354   0x00000018   Data   RO         3736    .constdata          system_stm32f4xx.o
    0x0800536c   0x0800536c   0x00000094   Data   RO         3928    .constdata          c_w.l(bigflt0.o)
    0x08005400   0x08005400   0x00000020   Data   RO         4217    Region$$Table       anon$$obj.o
    0x08005420   0x08005420   0x00000008   Data   RO         4108    c$$dinf             fz_wm.l(fpconst.o)
    0x08005428   0x08005428   0x00000008   Data   RO         4111    c$$dmax             fz_wm.l(fpconst.o)
    0x08005430   0x08005430   0x00000110   Data   RO         3889    locale$$data        c_w.l(lc_ctype_c.o)
    0x08005540   0x08005540   0x0000001c   Data   RO         3956    locale$$data        c_w.l(lc_numeric_c.o)


    Execution Region RW_IRAM1 (Exec base: 0x20000000, Load base: 0x0800555c, Size: 0x00000940, Max: 0x0001c000, ABSOLUTE)

    Exec Addr    Load Addr    Size         Type   Attr      Idx    E Section Name        Object

    0x20000000   0x0800555c   0x00000004   Data   RW          480    .data               usart.o
    0x20000004   0x08005560   0x00000009   Data   RW         2156    .data               stm32f4xx_hal.o
    0x2000000d   0x08005569   0x00000003   PAD
    0x20000010   0x0800556c   0x00000004   Data   RW         3737    .data               system_stm32f4xx.o
    0x20000014   0x08005570   0x00000002   Data   RW         3774    .data               openmv.o
    0x20000016   0x08005572   0x00000002   PAD
    0x20000018        -       0x00000054   Zero   RW          356    .bss                i2c.o
    0x2000006c        -       0x00000120   Zero   RW          404    .bss                tim.o
    0x2000018c        -       0x000000d8   Zero   RW          479    .bss                usart.o
    0x20000264        -       0x0000007c   Zero   RW         3773    .bss                openmv.o
    0x200002e0        -       0x00000060   Zero   RW         3900    .bss                c_w.l(libspace.o)
    0x20000340        -       0x00000200   Zero   RW            2    HEAP                startup_stm32f407xx.o
    0x20000540        -       0x00000400   Zero   RW            1    STACK               startup_stm32f407xx.o


    Execution Region RW_IRAM2 (Exec base: 0x2001c000, Load base: 0x08005574, Size: 0x00000000, Max: 0x00004000, ABSOLUTE)

    **** No section assigned to this execution region ****


==============================================================================

Image component sizes


      Code (inc. data)   RO Data    RW Data    ZI Data      Debug   Object Name

       240         10          0          0          0       1035   gpio.o
       196         26          0          0         84       1657   i2c.o
       224         20          0          0          0       2339   main.o
         0          0          0          0          0     698588   oled.o
       472         66          0          2        124       2597   openmv.o
        64         26        392          0       1536        844   startup_stm32f407xx.o
       172         32          0          9          0       8753   stm32f4xx_hal.o
       312         22          0          0          0      34331   stm32f4xx_hal_cortex.o
       212          0          0          0          0       1955   stm32f4xx_hal_dma.o
       512         46          0          0          0       2108   stm32f4xx_hal_gpio.o
       464         18          0          0          0       2143   stm32f4xx_hal_i2c.o
        96          6          0          0          0        870   stm32f4xx_hal_msp.o
      1820         84          0          0          0       5620   stm32f4xx_hal_rcc.o
      2098         82          0          0          0      15775   stm32f4xx_hal_tim.o
       184         30          0          0          0       2525   stm32f4xx_hal_tim_ex.o
      1642         16          0          0          0      11444   stm32f4xx_hal_uart.o
       196         60          0          0          0       9672   stm32f4xx_it.o
        20          6         24          4          0       1127   system_stm32f4xx.o
      1088         72          0          0        288       5325   tim.o
       608         62          0          4        216       4904   usart.o

    ----------------------------------------------------------------------
     10632        688        448         24       2248     813612   Object Totals
         0          0         32          0          0          0   (incl. Generated)
        12          4          0          5          0          0   (incl. Padding)

    ----------------------------------------------------------------------

      Code (inc. data)   RO Data    RW Data    ZI Data      Debug   Library Member Name

         8          0          0          0          0         68   __main.o
       104          0          0          0          0         84   __printf.o
        14          0          0          0          0         68   __printf_wp.o
         0          0          0          0          0          0   __rtentry.o
        12          0          0          0          0          0   __rtentry2.o
         6          0          0          0          0          0   __rtentry4.o
        52          8          0          0          0          0   __scatter.o
        26          0          0          0          0          0   __scatter_copy.o
        28          0          0          0          0          0   __scatter_zi.o
        28          0          0          0          0         68   _chval.o
         6          0          0          0          0          0   _printf_c.o
        44          0          0          0          0        108   _printf_char.o
        48          6          0          0          0         96   _printf_char_common.o
        36          4          0          0          0         80   _printf_char_file.o
         6          0          0          0          0          0   _printf_f.o
      1054          0          0          0          0        216   _printf_fp_dec.o
       128         16          0          0          0         84   _printf_fp_infnan.o
         0          0          0          0          0          0   _printf_percent.o
         4          0          0          0          0          0   _printf_percent_end.o
        82          0          0          0          0         80   _printf_str.o
        22          0          0          0          0        100   _rserrno.o
        64          0          0          0          0         84   _sgetc.o
       228          4        148          0          0         96   bigflt0.o
      2152        136          0          0          0        960   btod.o
        18          0          0          0          0         80   exit.o
         8          0          0          0          0         68   ferror.o
         6          0          0          0          0        152   heapauxi.o
         0          0          0          0          0          0   indicate_semi.o
        18          0          0          0          0         76   isspace.o
        44         10        272          0          0         76   lc_ctype_c.o
        44         10         28          0          0         76   lc_numeric_c.o
         2          0          0          0          0          0   libinit.o
        34          0          0          0          0          0   libinit2.o
         2          0          0          0          0          0   libshutdown.o
         2          0          0          0          0          0   libshutdown2.o
         8          4          0          0         96         68   libspace.o
        38          0          0          0          0         68   llshl.o
       138          0          0          0          0         80   lludiv10.o
       238          0          0          0          0        100   lludivv7m.o
        24          4          0          0          0         84   noretval__2printf.o
        16          4          0          0          0         76   rt_ctype_table.o
         8          4          0          0          0         68   rt_errno_addr_intlibspace.o
         8          4          0          0          0         68   rt_locale_intlibspace.o
        68          0          0          0          0         68   rt_memclr.o
        78          0          0          0          0         80   rt_memclr_w.o
       138          0          0          0          0         68   rt_memcpy_v6.o
       100          0          0          0          0         80   rt_memcpy_w.o
         2          0          0          0          0          0   rtexit.o
        10          0          0          0          0          0   rtexit2.o
      1272         16          0          0          0        168   scanf_fp.o
       800         14          0          0          0        100   scanf_hexfp.o
       308         16          0          0          0        100   scanf_infnan.o
        20          0          0          0          0         68   strchr.o
       128          0          0          0          0         68   strcmpv7m.o
       164         14          0          0          0        120   strtod.o
        26          0          0          0          0         80   strtof.o
        12          4          0          0          0         68   sys_exit.o
        74          0          0          0          0         80   sys_stackheap_outer.o
         2          0          0          0          0         68   use_no_semi.o
        98          4          0          0          0        140   d2f.o
        16          4          0          0          0        116   dcheck1.o
        24          0          0          0          0        116   dcmpi.o
       120          4          0          0          0        140   deqf.o
       120          4          0          0          0        140   dleqf.o
       340         12          0          0          0        152   dmul.o
       156          4          0          0          0        140   dnaninf.o
        12          0          0          0          0        116   dretinf.o
       108          0          0          0          0        128   drleqf.o
        86          4          0          0          0        132   f2d.o
       140          4          0          0          0        132   fnaninf.o
         0          0         16          0          0          0   fpconst.o
        10          0          0          0          0        116   fpinit.o
        10          0          0          0          0        116   fretinf.o
         6          0          0          0          0        116   istatus.o
         4          0          0          0          0        116   printf1.o
       100          0          0          0          0        116   retnan.o
        92          0          0          0          0        116   scalbn.o
         4          0          0          0          0        116   scanf1.o
         8          0          0          0          0        132   scanf2.o
        48          0          0          0          0        116   trapv.o
         0          0          0          0          0          0   usenofp.o
        64         16          0          0          0        248   dunder.o
        48          0          0          0          0        124   fpclassify.o
       140         22          0          0          0        132   frexp.o
       228          8          0          0          0        308   ldexp.o
       266         16          0          0          0        308   narrow.o
        32          6          0          0          0        124   strtof.o

    ----------------------------------------------------------------------
     10308        388        464          0         96       8304   Library Totals
        18          2          0          0          0          0   (incl. Padding)

    ----------------------------------------------------------------------

      Code (inc. data)   RO Data    RW Data    ZI Data      Debug   Library Name

      8010        278        448          0         96       4548   c_w.l
      1502         40         16          0          0       2512   fz_wm.l
       778         68          0          0          0       1244   m_wm.l

    ----------------------------------------------------------------------
     10308        388        464          0         96       8304   Library Totals

    ----------------------------------------------------------------------

==============================================================================


      Code (inc. data)   RO Data    RW Data    ZI Data      Debug   

     20940       1076        912         24       2344     807368   Grand Totals
     20940       1076        912         24       2344     807368   ELF Image Totals
     20940       1076        912         24          0          0   ROM Totals

==============================================================================

    Total RO  Size (Code + RO Data)                21852 (  21.34kB)
    Total RW  Size (RW Data + ZI Data)              2368 (   2.31kB)
    Total ROM Size (Code + RO Data + RW Data)      21876 (  21.36kB)

==============================================================================

