<html>
<body>
<pre>
<h1>µVision Build Log</h1>
<h2>Tool Versions:</h2>
IDE-Version: ¦ÌVision V5.14.1
Copyright (C) 2015 ARM Ltd and ARM Germany GmbH. All rights reserved.
License Information: 11 yy, sa, LIC=47GU5-GFP8U-8TC3P-MF398-D5AIX-B8TUT
 
Tool Versions:
Toolchain:       MDK-ARM Standard  Version: 5.36.0.0
Toolchain Path:  D:\keil5\ARM\ARMCC\Bin
C Compiler:      Armcc.exe V5.06 update 7 (build 960)
Assembler:       Armasm.exe V5.06 update 7 (build 960)
Linker/Locator:  ArmLink.exe V5.06 update 7 (build 960)
Library Manager: ArmAr.exe V5.06 update 7 (build 960)
Hex Converter:   FromElf.exe V5.06 update 7 (build 960)
CPU DLL:         SARMCM3.DLL V5.36.0.0
Dialog DLL:      DCM.DLL V1.17.3.0
Target DLL:      STLink\ST-LINKIII-KEIL_SWO.dll V3.0.9.0
Dialog DLL:      TCM.DLL V1.53.0.0
 
<h2>Project:</h2>
D:\STM32_projects\STM32_UART_RECEIVE\MDK-ARM\first_test_project.uvprojx
Project File Date:  08/19/2024

<h2>Output:</h2>
*** Using Compiler 'V5.06 update 7 (build 960)', folder: 'D:\keil5\ARM\ARMCC\Bin'
Build target 'first_test_project'
compiling openmv.c...
..\Core\openmv_receive\openmv.h(12): warning:  #1-D: last line of file ends without a newline
  #endif 
..\Core\openmv_receive\openmv.c(93): warning:  #1-D: last line of file ends without a newline
  }
..\Core\openmv_receive\openmv.c: 2 warnings, 0 errors
linking...
Program Size: Code=20860 RO-data=912 RW-data=88 ZI-data=2272  
FromELF: creating hex file...
"first_test_project\first_test_project.axf" - 0 Error(s), 2 Warning(s).

<h2>Software Packages used:</h2>

Package Vendor: ARM
                http://www.keil.com/pack/ARM.CMSIS.5.0.1.pack
                ARM::CMSIS:CORE:5.0.1
                CMSIS (Cortex Microcontroller Software Interface Standard)
   * Component: CORE Version: 5.0.1

<h2>Collection of Component include folders:</h2>
  D:\STM32_projects\STM32_UART_RECEIVE\MDK-ARM\RTE
  D:\keil5\ARM\PACK\ARM\CMSIS\5.0.1\CMSIS\Include
  D:\keil5\ARM\PACK\Keil\STM32F4xx_DFP\2.17.1\Drivers\CMSIS\Device\ST\STM32F4xx\Include

<h2>Collection of Component Files used:</h2>

   * Component: ARM::CMSIS:CORE:5.0.1
</pre>
</body>
</html>
